Archive member included to satisfy reference by file (symbol)

/usr/lib/gcc/arm-none-eabi/6.3.1/../../../arm-none-eabi/lib/thumb/v7e-m/fpv4-sp/hard/libc_nano.a(lib_a-assert.o)
                              ../../applications/iotproject/build/modem.o (__assert_func)
/usr/lib/gcc/arm-none-eabi/6.3.1/../../../arm-none-eabi/lib/thumb/v7e-m/fpv4-sp/hard/libc_nano.a(lib_a-atexit.o)
                              /usr/lib/gcc/arm-none-eabi/6.3.1/../../../arm-none-eabi/lib/thumb/v7e-m/fpv4-sp/hard/crt0.o (atexit)
/usr/lib/gcc/arm-none-eabi/6.3.1/../../../arm-none-eabi/lib/thumb/v7e-m/fpv4-sp/hard/libc_nano.a(lib_a-exit.o)
                              /usr/lib/gcc/arm-none-eabi/6.3.1/../../../arm-none-eabi/lib/thumb/v7e-m/fpv4-sp/hard/crt0.o (exit)
/usr/lib/gcc/arm-none-eabi/6.3.1/../../../arm-none-eabi/lib/thumb/v7e-m/fpv4-sp/hard/libc_nano.a(lib_a-fini.o)
                              /usr/lib/gcc/arm-none-eabi/6.3.1/../../../arm-none-eabi/lib/thumb/v7e-m/fpv4-sp/hard/crt0.o (__libc_fini_array)
/usr/lib/gcc/arm-none-eabi/6.3.1/../../../arm-none-eabi/lib/thumb/v7e-m/fpv4-sp/hard/libc_nano.a(lib_a-fprintf.o)
                              /usr/lib/gcc/arm-none-eabi/6.3.1/../../../arm-none-eabi/lib/thumb/v7e-m/fpv4-sp/hard/libc_nano.a(lib_a-assert.o) (fiprintf)
/usr/lib/gcc/arm-none-eabi/6.3.1/../../../arm-none-eabi/lib/thumb/v7e-m/fpv4-sp/hard/libc_nano.a(lib_a-impure.o)
                              /usr/lib/gcc/arm-none-eabi/6.3.1/../../../arm-none-eabi/lib/thumb/v7e-m/fpv4-sp/hard/libc_nano.a(lib_a-exit.o) (_global_impure_ptr)
/usr/lib/gcc/arm-none-eabi/6.3.1/../../../arm-none-eabi/lib/thumb/v7e-m/fpv4-sp/hard/libc_nano.a(lib_a-init.o)
                              /usr/lib/gcc/arm-none-eabi/6.3.1/../../../arm-none-eabi/lib/thumb/v7e-m/fpv4-sp/hard/crt0.o (__libc_init_array)
/usr/lib/gcc/arm-none-eabi/6.3.1/../../../arm-none-eabi/lib/thumb/v7e-m/fpv4-sp/hard/libc_nano.a(lib_a-memcpy.o)
                              ../../applications/iotproject/build/fifo.o (memcpy)
/usr/lib/gcc/arm-none-eabi/6.3.1/../../../arm-none-eabi/lib/thumb/v7e-m/fpv4-sp/hard/libc_nano.a(lib_a-memset.o)
                              /usr/lib/gcc/arm-none-eabi/6.3.1/../../../arm-none-eabi/lib/thumb/v7e-m/fpv4-sp/hard/crt0.o (memset)
/usr/lib/gcc/arm-none-eabi/6.3.1/../../../arm-none-eabi/lib/thumb/v7e-m/fpv4-sp/hard/libc_nano.a(lib_a-nano-vfprintf.o)
                              /usr/lib/gcc/arm-none-eabi/6.3.1/../../../arm-none-eabi/lib/thumb/v7e-m/fpv4-sp/hard/libc_nano.a(lib_a-fprintf.o) (_vfprintf_r)
/usr/lib/gcc/arm-none-eabi/6.3.1/../../../arm-none-eabi/lib/thumb/v7e-m/fpv4-sp/hard/libc_nano.a(lib_a-nano-vfprintf_float.o)
                              /usr/lib/gcc/arm-none-eabi/6.3.1/../../../arm-none-eabi/lib/thumb/v7e-m/fpv4-sp/hard/libc_nano.a(lib_a-nano-vfprintf.o) (_printf_float)
/usr/lib/gcc/arm-none-eabi/6.3.1/../../../arm-none-eabi/lib/thumb/v7e-m/fpv4-sp/hard/libc_nano.a(lib_a-nano-vfprintf_i.o)
                              /usr/lib/gcc/arm-none-eabi/6.3.1/../../../arm-none-eabi/lib/thumb/v7e-m/fpv4-sp/hard/libc_nano.a(lib_a-nano-vfprintf_float.o) (_printf_common)
/usr/lib/gcc/arm-none-eabi/6.3.1/../../../arm-none-eabi/lib/thumb/v7e-m/fpv4-sp/hard/libc_nano.a(lib_a-printf.o)
                              ../../applications/iotproject/build/iotproject.o (printf)
/usr/lib/gcc/arm-none-eabi/6.3.1/../../../arm-none-eabi/lib/thumb/v7e-m/fpv4-sp/hard/libc_nano.a(lib_a-puts.o)
                              ../../applications/iotproject/build/func.o (puts)
/usr/lib/gcc/arm-none-eabi/6.3.1/../../../arm-none-eabi/lib/thumb/v7e-m/fpv4-sp/hard/libc_nano.a(lib_a-strlen.o)
                              /usr/lib/gcc/arm-none-eabi/6.3.1/../../../arm-none-eabi/lib/thumb/v7e-m/fpv4-sp/hard/libc_nano.a(lib_a-nano-vfprintf_float.o) (strlen)
/usr/lib/gcc/arm-none-eabi/6.3.1/../../../arm-none-eabi/lib/thumb/v7e-m/fpv4-sp/hard/libc_nano.a(lib_a-strnlen.o)
                              ../../applications/iotproject/build/modem_interface.o (strnlen)
/usr/lib/gcc/arm-none-eabi/6.3.1/../../../arm-none-eabi/lib/thumb/v7e-m/fpv4-sp/hard/libc_nano.a(lib_a-wbuf.o)
                              /usr/lib/gcc/arm-none-eabi/6.3.1/../../../arm-none-eabi/lib/thumb/v7e-m/fpv4-sp/hard/libc_nano.a(lib_a-nano-vfprintf.o) (__swbuf_r)
/usr/lib/gcc/arm-none-eabi/6.3.1/../../../arm-none-eabi/lib/thumb/v7e-m/fpv4-sp/hard/libc_nano.a(lib_a-wsetup.o)
                              /usr/lib/gcc/arm-none-eabi/6.3.1/../../../arm-none-eabi/lib/thumb/v7e-m/fpv4-sp/hard/libc_nano.a(lib_a-nano-vfprintf.o) (__swsetup_r)
/usr/lib/gcc/arm-none-eabi/6.3.1/../../../arm-none-eabi/lib/thumb/v7e-m/fpv4-sp/hard/libc_nano.a(lib_a-__atexit.o)
                              /usr/lib/gcc/arm-none-eabi/6.3.1/../../../arm-none-eabi/lib/thumb/v7e-m/fpv4-sp/hard/libc_nano.a(lib_a-atexit.o) (__register_exitproc)
/usr/lib/gcc/arm-none-eabi/6.3.1/../../../arm-none-eabi/lib/thumb/v7e-m/fpv4-sp/hard/libc_nano.a(lib_a-__call_atexit.o)
[...]
Memory Configuration

Name             Origin             Length             Attributes
RAM              0x0000000020000000 0x0000000000050000 xrw
FLASH            0x0000000008000000 0x0000000000100000 xr
*default*        0x0000000000000000 0xffffffffffffffff

Linker script and memory map

LOAD /usr/lib/gcc/arm-none-eabi/6.3.1/thumb/v7e-m/fpv4-sp/hard/crti.o
LOAD /usr/lib/gcc/arm-none-eabi/6.3.1/thumb/v7e-m/fpv4-sp/hard/crtbegin.o
LOAD /usr/lib/gcc/arm-none-eabi/6.3.1/../../../arm-none-eabi/lib/thumb/v7e-m/fpv4-sp/hard/crt0.o
LOAD ../../applications/iotproject/build/iotproject.o
LOAD ../../applications/iotproject/build/func.o
LOAD ../../applications/iotproject/build/crc.o
LOAD ../../applications/iotproject/build/modem_interface.o
LOAD ../../applications/iotproject/build/modem.o
LOAD ../../applications/iotproject/build/alp.o
LOAD ../../applications/iotproject/build/murata.o
LOAD ../../applications/iotproject/build/fifo.o
LOAD ../../applications/iotproject/build/platform.o
LOAD ../../applications/iotproject/build/stm32l4xx_hal_i2c.o
LOAD ../../applications/iotproject/build/stm32l4xx_hal_i2c_ex.o
LOAD ../../applications/iotproject/build/stm32l4xx_hal_spi.o
LOAD ../../applications/iotproject/build/stm32l4xx_hal_spi_ex.o
LOAD ../../applications/iotproject/build/stm32l4xx_hal_iwdg.o
LOAD ../../applications/iotproject/build/stm32l4xx_hal_uart.o
LOAD ../../applications/iotproject/build/stm32l4xx_hal_uart_ex.o
LOAD ../../applications/iotproject/build/stm32l4xx_hal_tim.o
LOAD ../../applications/iotproject/build/stm32l4xx_hal_tim_ex.o
LOAD ../../applications/iotproject/build/stm32l4xx_hal.o
LOAD ../../applications/iotproject/build/stm32l4xx_hal_rcc.o
LOAD ../../applications/iotproject/build/stm32l4xx_hal_rcc_ex.o
LOAD ../../applications/iotproject/build/stm32l4xx_hal_flash.o
LOAD ../../applications/iotproject/build/stm32l4xx_hal_flash_ex.o
LOAD ../../applications/iotproject/build/stm32l4xx_hal_flash_ramfunc.o
LOAD ../../applications/iotproject/build/stm32l4xx_hal_gpio.o
LOAD ../../applications/iotproject/build/stm32l4xx_hal_dma.o
LOAD ../../applications/iotproject/build/stm32l4xx_hal_dma_ex.o
LOAD ../../applications/iotproject/build/stm32l4xx_hal_pwr.o
LOAD ../../applications/iotproject/build/stm32l4xx_hal_pwr_ex.o
LOAD ../../applications/iotproject/build/stm32l4xx_hal_cortex.o
LOAD ../../applications/iotproject/build/stm32l4xx_hal_crc.o
LOAD ../../applications/iotproject/build/stm32l4xx_hal_crc_ex.o
LOAD ../../applications/iotproject/build/stream_buffer.o
LOAD ../../applications/iotproject/build/timers.o
LOAD ../../applications/iotproject/build/queue.o
LOAD ../../applications/iotproject/build/croutine.o
LOAD ../../applications/iotproject/build/list.o
LOAD ../../applications/iotproject/build/event_groups.o
LOAD ../../applications/iotproject/build/tasks.o
LOAD ../../applications/iotproject/build/cmsis_os.o
LOAD ../../applications/iotproject/build/heap_4.o
LOAD ../../applications/iotproject/build/port.o
LOAD ../../applications/iotproject/build/freertos.o
LOAD ../../applications/iotproject/build/system_stm32l4xx.o
LOAD ../../applications/iotproject/build/octa.o
LOAD ../../applications/iotproject/build/uart.o
LOAD ../../applications/iotproject/build/rtosmacros.o
LOAD ../../applications/iotproject/build/i2c.o
LOAD ../../applications/iotproject/build/spi.o
LOAD ../../applications/iotproject/build/iwdg.o
LOAD ../../applications/iotproject/build/gpio.o
LOAD ../../applications/iotproject/build/sysclock.o
LOAD ../../applications/iotproject/build/stm32l4xx_hal_msp.o
LOAD ../../applications/iotproject/build/stm32l4xx_hal_timebase_tim.o
LOAD ../../applications/iotproject/build/stm32l4xx_it.o
LOAD ../../applications/iotproject/build/LSM303AGRSensor.o
LOAD ../../applications/iotproject/build/sht31.o
LOAD ../../applications/iotproject/build/S25FL256.o
LOAD ../../applications/iotproject/build/GSP30.o
LOAD ../../applications/iotproject/build/TCS3472.o
LOAD ../../applications/iotproject/build/stc3115.o
LOAD ../../applications/iotproject/build/startup_stm32l496xx.o
LOAD /usr/lib/gcc/arm-none-eabi/6.3.1/../../../arm-none-eabi/lib/thumb/v7e-m/fpv4-sp/hard/libc_nano.a
LOAD /usr/lib/gcc/arm-none-eabi/6.3.1/../../../arm-none-eabi/lib/thumb/v7e-m/fpv4-sp/hard/libm.a
LOAD /usr/lib/gcc/arm-none-eabi/6.3.1/../../../arm-none-eabi/lib/thumb/v7e-m/fpv4-sp/hard/libnosys.a
START GROUP
LOAD /usr/lib/gcc/arm-none-eabi/6.3.1/thumb/v7e-m/fpv4-sp/hard/libgcc.a
LOAD /usr/lib/gcc/arm-none-eabi/6.3.1/../../../arm-none-eabi/lib/thumb/v7e-m/fpv4-sp/hard/libc_nano.a
END GROUP
START GROUP
LOAD /usr/lib/gcc/arm-none-eabi/6.3.1/thumb/v7e-m/fpv4-sp/hard/libgcc.a
LOAD /usr/lib/gcc/arm-none-eabi/6.3.1/../../../arm-none-eabi/lib/thumb/v7e-m/fpv4-sp/hard/libc_nano.a
END GROUP
LOAD /usr/lib/gcc/arm-none-eabi/6.3.1/thumb/v7e-m/fpv4-sp/hard/crtend.o
LOAD /usr/lib/gcc/arm-none-eabi/6.3.1/thumb/v7e-m/fpv4-sp/hard/crtn.o
                0x0000000020050000                _estack = 0x20050000
                0x0000000000000200                _Min_Heap_Size = 0x200
                0x0000000000000400                _Min_Stack_Size = 0x400

.isr_vector     0x0000000008000000      0x1b0
                0x0000000008000000                . = ALIGN (0x8)
 *(.isr_vector)
 .isr_vector    0x0000000008000000      0x1ac ../../applications/iotproject/build/startup_stm32l496xx.o
                0x0000000008000000                g_pfnVectors
                0x00000000080001b0                . = ALIGN (0x8)
 *fill*         0x00000000080001ac        0x4 

.text           0x00000000080001c0     0xc718
                0x00000000080001c0                . = ALIGN (0x8)
 *(.text)
 .text          0x00000000080001c0       0xa4 /usr/lib/gcc/arm-none-eabi/6.3.1/thumb/v7e-m/fpv4-sp/hard/crtbegin.o
 .text          0x0000000008000264       0x48 /usr/lib/gcc/arm-none-eabi/6.3.1/../../../arm-none-eabi/lib/thumb/v7e-m/fpv4-sp/hard/libc_nano.a(lib_a-assert.o)
                0x0000000008000264                __assert_func
                0x00000000080002a0                __assert
 .text          0x00000000080002ac       0x44 /usr/lib/gcc/arm-none-eabi/6.3.1/../../../arm-none-eabi/lib/thumb/v7e-m/fpv4-sp/hard/libc_nano.a(lib_a-fprintf.o)
                0x00000000080002ac                _fprintf_r
                0x00000000080002ac                _fiprintf_r
                0x00000000080002c8                fprintf
                0x00000000080002c8                fiprintf
 .text          0x00000000080002f0       0x50 /usr/lib/gcc/arm-none-eabi/6.3.1/../../../arm-none-eabi/lib/thumb/v7e-m/fpv4-sp/hard/libc_nano.a(lib_a-init.o)
                0x00000000080002f0                __libc_init_array
 .text          0x0000000008000340      0x134 /usr/lib/gcc/arm-none-eabi/6.3.1/../../../arm-none-eabi/lib/thumb/v7e-m/fpv4-sp/hard/libc_nano.a(lib_a-memcpy.o)
                0x0000000008000340                memcpy
 .text          0x0000000008000474       0x9c /usr/lib/gcc/arm-none-eabi/6.3.1/../../../arm-none-eabi/lib/thumb/v7e-m/fpv4-sp/hard/libc_nano.a(lib_a-memset.o)
                0x0000000008000474                memset
 .text          0x0000000008000510      0x2f8 /usr/lib/gcc/arm-none-eabi/6.3.1/../../../arm-none-eabi/lib/thumb/v7e-m/fpv4-sp/hard/libc_nano.a(lib_a-nano-vfprintf.o)
                0x0000000008000544                __sfputs_r
                0x0000000008000570                __sprint_r
                0x000000000800058c                _vfiprintf_r
                0x000000000800058c                _vfprintf_r
                0x00000000080007f0                vfiprintf
                0x00000000080007f0                vfprintf
 .text          0x0000000008000808      0x6f4 /usr/lib/gcc/arm-none-eabi/6.3.1/../../../arm-none-eabi/lib/thumb/v7e-m/fpv4-sp/hard/libc_nano.a(lib_a-nano-vfprintf_float.o)
                0x0000000008000808                __cvt
                0x000000000800090c                __exponent
                0x00000000080009a0                _printf_float
 .text          0x0000000008000efc      0x3d4 /usr/lib/gcc/arm-none-eabi/6.3.1/../../../arm-none-eabi/lib/thumb/v7e-m/fpv4-sp/hard/libc_nano.a(lib_a-nano-vfprintf_i.o)
                0x0000000008000efc                _printf_common
                0x0000000008001030                _printf_i
 .text          0x00000000080012d0       0x60 /usr/lib/gcc/arm-none-eabi/6.3.1/../../../arm-none-eabi/lib/thumb/v7e-m/fpv4-sp/hard/libc_nano.a(lib_a-printf.o)
                0x00000000080012d0                _printf_r
                0x00000000080012d0                _iprintf_r
                0x00000000080012fc                printf
                0x00000000080012fc                iprintf
 .text          0x0000000008001330       0xf0 /usr/lib/gcc/arm-none-eabi/6.3.1/../../../arm-none-eabi/lib/thumb/v7e-m/fpv4-sp/hard/libc_nano.a(lib_a-puts.o)
                0x0000000008001330                _puts_r
                0x0000000008001410                puts
 *fill*         0x0000000008001420       0x20 
 .text          0x0000000008001440       0xdc /usr/lib/gcc/arm-none-eabi/6.3.1/../../../arm-none-eabi/lib/thumb/v7e-m/fpv4-sp/hard/libc_nano.a(lib_a-strlen.o)
                0x0000000008001440                strlen
 .text          0x000000000800151c       0xc4 /usr/lib/gcc/arm-none-eabi/6.3.1/../../../arm-none-eabi/lib/thumb/v7e-m/fpv4-sp/hard/libc_nano.a(lib_a-wbuf.o)
                0x000000000800151c                __swbuf_r
                0x00000000080015d0                __swbuf
 .text          0x00000000080015e0       0xf4 /usr/lib/gcc/arm-none-eabi/6.3.1/../../../arm-none-eabi/lib/thumb/v7e-m/fpv4-sp/hard/libc_nano.a(lib_a-wsetup.o)
                0x00000000080015e0                __swsetup_r
 .text          0x00000000080016d4       0x10 /usr/lib/gcc/arm-none-eabi/6.3.1/../../../arm-none-eabi/lib/thumb/v7e-m/fpv4-sp/hard/libc_nano.a(lib_a-abort.o)
                0x00000000080016d4                abort
 *fill*         0x00000000080016e4        0x4 
 .text          0x00000000080016e8     0x1038 /usr/lib/gcc/arm-none-eabi/6.3.1/../../../arm-none-eabi/lib/thumb/v7e-m/fpv4-sp/hard/libc_nano.a(lib_a-dtoa.o)
                0x0000000008001810                _dtoa_r
 .text          0x0000000008002720      0x1b0 /usr/lib/gcc/arm-none-eabi/6.3.1/../../../arm-none-eabi/lib/thumb/v7e-m/fpv4-sp/hard/libc_nano.a(lib_a-fflush.o)
                0x0000000008002720                __sflush_r
                0x0000000008002848                _fflush_r
                0x00000000080028ac                fflush
 .text          0x00000000080028d0      0x230 /usr/lib/gcc/arm-none-eabi/6.3.1/../../../arm-none-eabi/lib/thumb/v7e-m/fpv4-sp/hard/libc_nano.a(lib_a-findfp.o)
                0x00000000080028d4                _cleanup_r
                0x00000000080028e4                __sfmoreglue
                0x0000000008002914                __sfp
                0x0000000008002aac                _cleanup
                0x0000000008002ac0                __sinit
                0x0000000008002ac8                __sfp_lock_acquire
                0x0000000008002acc                __sfp_lock_release
                0x0000000008002ad0                __sinit_lock_acquire
                0x0000000008002ad4                __sinit_lock_release
                0x0000000008002ad8                __fp_lock_all
                0x0000000008002aec                __fp_unlock_all
 .text          0x0000000008002b00      0x2f0 /usr/lib/gcc/arm-none-eabi/6.3.1/../../../arm-none-eabi/lib/thumb/v7e-m/fpv4-sp/hard/libc_nano.a(lib_a-fvwrite.o)
                0x0000000008002b00                __sfvwrite_r
 .text          0x0000000008002df0       0xa0 /usr/lib/gcc/arm-none-eabi/6.3.1/../../../arm-none-eabi/lib/thumb/v7e-m/fpv4-sp/hard/libc_nano.a(lib_a-fwalk.o)
                0x0000000008002df0                _fwalk
                0x0000000008002e3c                _fwalk_reent
 .text          0x0000000008002e90       0x80 /usr/lib/gcc/arm-none-eabi/6.3.1/../../../arm-none-eabi/lib/thumb/v7e-m/fpv4-sp/hard/libc_nano.a(lib_a-locale.o)
                0x0000000008002e90                _setlocale_r
                0x0000000008002ed0                __locale_charset
                0x0000000008002ed8                __locale_mb_cur_max
                0x0000000008002ee4                __locale_msgcharset
                0x0000000008002eec                __locale_cjk_lang
                0x0000000008002ef0                _localeconv_r
                0x0000000008002ef8                setlocale
                0x0000000008002f08                localeconv
 .text          0x0000000008002f10       0xe4 /usr/lib/gcc/arm-none-eabi/6.3.1/../../../arm-none-eabi/lib/thumb/v7e-m/fpv4-sp/hard/libc_nano.a(lib_a-makebuf.o)
                0x0000000008002f10                __swhatbuf_r
                0x0000000008002f6c                __smakebuf_r
 .text          0x0000000008002ff4       0x20 /usr/lib/gcc/arm-none-eabi/6.3.1/../../../arm-none-eabi/lib/thumb/v7e-m/fpv4-sp/hard/libc_nano.a(lib_a-malloc.o)
                0x0000000008002ff4                malloc
                0x0000000008003004                free
 *fill*         0x0000000008003014        0xc 
 .text          0x0000000008003020       0xa0 /usr/lib/gcc/arm-none-eabi/6.3.1/../../../arm-none-eabi/lib/thumb/v7e-m/fpv4-sp/hard/libc_nano.a(lib_a-memchr.o)
                0x0000000008003020                memchr
 .text          0x00000000080030c0       0xc8 /usr/lib/gcc/arm-none-eabi/6.3.1/../../../arm-none-eabi/lib/thumb/v7e-m/fpv4-sp/hard/libc_nano.a(lib_a-memmove.o)
                0x00000000080030c0                memmove
 .text          0x0000000008003188      0x94c /usr/lib/gcc/arm-none-eabi/6.3.1/../../../arm-none-eabi/lib/thumb/v7e-m/fpv4-sp/hard/libc_nano.a(lib_a-mprec.o)
                0x0000000008003188                _Balloc
                0x00000000080031f0                _Bfree
                0x0000000008003228                __multadd
                0x00000000080032a4                __s2b
                0x0000000008003340                __hi0bits
                0x0000000008003380                __lo0bits
                0x00000000080033e0                __i2b
                0x00000000080033f4                __multiply
                0x0000000008003518                __pow5mult
                0x00000000080035d0                __lshift
                0x0000000008003678                __mcmp
                0x00000000080036b0                __mdiff
                0x00000000080037b8                __ulp
                0x000000000800380c                __b2d
                0x00000000080038d0                __d2b
                0x000000000800398c                __ratio
                0x00000000080039ec                _mprec_log10
                0x0000000008003a2c                __copybits
                0x0000000008003a74                __any_on
 .text          0x0000000008003ad4       0x1c /usr/lib/gcc/arm-none-eabi/6.3.1/../../../arm-none-eabi/lib/thumb/v7e-m/fpv4-sp/hard/libc_nano.a(lib_a-nano-callocr.o)
                0x0000000008003ad4                _calloc_r
 .text          0x0000000008003af0       0x90 /usr/lib/gcc/arm-none-eabi/6.3.1/../../../arm-none-eabi/lib/thumb/v7e-m/fpv4-sp/hard/libc_nano.a(lib_a-nano-freer.o)
                0x0000000008003af0                _free_r
 .text          0x0000000008003b80       0xbc /usr/lib/gcc/arm-none-eabi/6.3.1/../../../arm-none-eabi/lib/thumb/v7e-m/fpv4-sp/hard/libc_nano.a(lib_a-nano-mallocr.o)
                0x0000000008003b80                _malloc_r
 .text          0x0000000008003c3c       0x50 /usr/lib/gcc/arm-none-eabi/6.3.1/../../../arm-none-eabi/lib/thumb/v7e-m/fpv4-sp/hard/libc_nano.a(lib_a-nano-reallocr.o)
                0x0000000008003c3c                _realloc_r
 .text          0x0000000008003c8c       0x24 /usr/lib/gcc/arm-none-eabi/6.3.1/../../../arm-none-eabi/lib/thumb/v7e-m/fpv4-sp/hard/libc_nano.a(lib_a-sbrkr.o)
                0x0000000008003c8c                _sbrk_r
 .text          0x0000000008003cb0      0x170 /usr/lib/gcc/arm-none-eabi/6.3.1/../../../arm-none-eabi/lib/thumb/v7e-m/fpv4-sp/hard/libc_nano.a(lib_a-signal.o)
                0x0000000008003cd8                _init_signal_r
                0x0000000008003ce4                _signal_r
                0x0000000008003d24                _raise_r
                0x0000000008003d84                __sigtramp_r
                0x0000000008003ddc                raise
                0x0000000008003dec                signal
                0x0000000008003dfc                _init_signal
                0x0000000008003e10                __sigtramp
 .text          0x0000000008003e20       0x2c /usr/lib/gcc/arm-none-eabi/6.3.1/../../../arm-none-eabi/lib/thumb/v7e-m/fpv4-sp/hard/libc_nano.a(lib_a-signalr.o)
                0x0000000008003e20                _kill_r
                0x0000000008003e48                _getpid_r
 .text          0x0000000008003e4c       0x8c /usr/lib/gcc/arm-none-eabi/6.3.1/../../../arm-none-eabi/lib/thumb/v7e-m/fpv4-sp/hard/libc_nano.a(lib_a-stdio.o)
                0x0000000008003e4c                __sread
                0x0000000008003e70                __seofread
                0x0000000008003e74                __swrite
                0x0000000008003eb0                __sseek
                0x0000000008003ed0                __sclose
 *fill*         0x0000000008003ed8        0x8 
 .text          0x0000000008003ee0      0x2dc /usr/lib/gcc/arm-none-eabi/6.3.1/../../../arm-none-eabi/lib/thumb/v7e-m/fpv4-sp/hard/libc_nano.a(lib_a-strcmp.o)
                0x0000000008003ee8                strcmp
 .text          0x00000000080041bc       0x2c /usr/lib/gcc/arm-none-eabi/6.3.1/../../../arm-none-eabi/lib/thumb/v7e-m/fpv4-sp/hard/libc_nano.a(lib_a-writer.o)
                0x00000000080041bc                _write_r
 .text          0x00000000080041e8       0x24 /usr/lib/gcc/arm-none-eabi/6.3.1/../../../arm-none-eabi/lib/thumb/v7e-m/fpv4-sp/hard/libc_nano.a(lib_a-closer.o)
                0x00000000080041e8                _close_r
 .text          0x000000000800420c       0x28 /usr/lib/gcc/arm-none-eabi/6.3.1/../../../arm-none-eabi/lib/thumb/v7e-m/fpv4-sp/hard/libc_nano.a(lib_a-fstatr.o)
                0x000000000800420c                _fstat_r
 .text          0x0000000008004234       0x24 /usr/lib/gcc/arm-none-eabi/6.3.1/../../../arm-none-eabi/lib/thumb/v7e-m/fpv4-sp/hard/libc_nano.a(lib_a-isattyr.o)
                0x0000000008004234                _isatty_r
 .text          0x0000000008004258       0x2c /usr/lib/gcc/arm-none-eabi/6.3.1/../../../arm-none-eabi/lib/thumb/v7e-m/fpv4-sp/hard/libc_nano.a(lib_a-lseekr.o)
                0x0000000008004258                _lseek_r
 .text          0x0000000008004284       0x14 /usr/lib/gcc/arm-none-eabi/6.3.1/../../../arm-none-eabi/lib/thumb/v7e-m/fpv4-sp/hard/libc_nano.a(lib_a-nano-msizer.o)
                0x0000000008004284                _malloc_usable_size_r
 .text          0x0000000008004298       0x2c /usr/lib/gcc/arm-none-eabi/6.3.1/../../../arm-none-eabi/lib/thumb/v7e-m/fpv4-sp/hard/libc_nano.a(lib_a-readr.o)
                0x0000000008004298                _read_r
 .text          0x00000000080042c4       0x10 /usr/lib/gcc/arm-none-eabi/6.3.1/../../../arm-none-eabi/lib/thumb/v7e-m/fpv4-sp/hard/libnosys.a(close.o)
                0x00000000080042c4                _close
 .text          0x00000000080042d4       0x10 /usr/lib/gcc/arm-none-eabi/6.3.1/../../../arm-none-eabi/lib/thumb/v7e-m/fpv4-sp/hard/libnosys.a(fstat.o)
                0x00000000080042d4                _fstat
 .text          0x00000000080042e4       0x10 /usr/lib/gcc/arm-none-eabi/6.3.1/../../../arm-none-eabi/lib/thumb/v7e-m/fpv4-sp/hard/libnosys.a(getpid.o)
                0x00000000080042e4                _getpid
 .text          0x00000000080042f4       0x10 /usr/lib/gcc/arm-none-eabi/6.3.1/../../../arm-none-eabi/lib/thumb/v7e-m/fpv4-sp/hard/libnosys.a(isatty.o)
                0x00000000080042f4                _isatty
 .text          0x0000000008004304       0x10 /usr/lib/gcc/arm-none-eabi/6.3.1/../../../arm-none-eabi/lib/thumb/v7e-m/fpv4-sp/hard/libnosys.a(kill.o)
                0x0000000008004304                _kill
 .text          0x0000000008004314       0x10 /usr/lib/gcc/arm-none-eabi/6.3.1/../../../arm-none-eabi/lib/thumb/v7e-m/fpv4-sp/hard/libnosys.a(lseek.o)
                0x0000000008004314                _lseek
 .text          0x0000000008004324       0x10 /usr/lib/gcc/arm-none-eabi/6.3.1/../../../arm-none-eabi/lib/thumb/v7e-m/fpv4-sp/hard/libnosys.a(read.o)
                0x0000000008004324                _read
 .text          0x0000000008004334       0x1c /usr/lib/gcc/arm-none-eabi/6.3.1/../../../arm-none-eabi/lib/thumb/v7e-m/fpv4-sp/hard/libnosys.a(sbrk.o)
                0x0000000008004334                _sbrk
 .text          0x0000000008004350        0x4 /usr/lib/gcc/arm-none-eabi/6.3.1/../../../arm-none-eabi/lib/thumb/v7e-m/fpv4-sp/hard/libnosys.a(_exit.o)
                0x0000000008004350                _exit
 .text          0x0000000008004354      0x370 /usr/lib/gcc/arm-none-eabi/6.3.1/thumb/v7e-m/fpv4-sp/hard/libgcc.a(_arm_addsubdf3.o)
                0x0000000008004354                __aeabi_drsub
                0x000000000800435c                __aeabi_dsub
                0x000000000800435c                __subdf3
                0x0000000008004360                __adddf3
                0x0000000008004360                __aeabi_dadd
                0x00000000080045d8                __aeabi_ui2d
                0x00000000080045d8                __floatunsidf
                0x00000000080045f8                __floatsidf
                0x00000000080045f8                __aeabi_i2d
                0x000000000800461c                __extendsfdf2
                0x000000000800461c                __aeabi_f2d
                0x0000000008004658                __aeabi_ul2d
                0x0000000008004658                __floatundidf
                0x0000000008004668                __floatdidf
                0x0000000008004668                __aeabi_l2d
 .text          0x00000000080046c4      0x424 /usr/lib/gcc/arm-none-eabi/6.3.1/thumb/v7e-m/fpv4-sp/hard/libgcc.a(_arm_muldivdf3.o)
                0x00000000080046c4                __aeabi_dmul
                0x00000000080046c4                __muldf3
                0x0000000008004918                __aeabi_ddiv
                0x0000000008004918                __divdf3
 .text          0x0000000008004ae8      0x110 /usr/lib/gcc/arm-none-eabi/6.3.1/thumb/v7e-m/fpv4-sp/hard/libgcc.a(_arm_cmpdf2.o)
                0x0000000008004ae8                __gtdf2
                0x0000000008004ae8                __gedf2
                0x0000000008004af0                __ltdf2
                0x0000000008004af0                __ledf2
                0x0000000008004af8                __cmpdf2
                0x0000000008004af8                __eqdf2
                0x0000000008004af8                __nedf2
                0x0000000008004b74                __aeabi_cdrcmple
                0x0000000008004b84                __aeabi_cdcmple
                0x0000000008004b84                __aeabi_cdcmpeq
                0x0000000008004b94                __aeabi_dcmpeq
                0x0000000008004ba8                __aeabi_dcmplt
                0x0000000008004bbc                __aeabi_dcmple
                0x0000000008004bd0                __aeabi_dcmpge
                0x0000000008004be4                __aeabi_dcmpgt
 .text          0x0000000008004bf8       0x2c /usr/lib/gcc/arm-none-eabi/6.3.1/thumb/v7e-m/fpv4-sp/hard/libgcc.a(_arm_unorddf2.o)
                0x0000000008004bf8                __aeabi_dcmpun
                0x0000000008004bf8                __unorddf2
 .text          0x0000000008004c24       0x50 /usr/lib/gcc/arm-none-eabi/6.3.1/thumb/v7e-m/fpv4-sp/hard/libgcc.a(_arm_fixdfsi.o)
                0x0000000008004c24                __fixdfsi
                0x0000000008004c24                __aeabi_d2iz
 .text          0x0000000008004c74       0xa0 /usr/lib/gcc/arm-none-eabi/6.3.1/thumb/v7e-m/fpv4-sp/hard/libgcc.a(_arm_truncdfsf2.o)
                0x0000000008004c74                __aeabi_d2f
                0x0000000008004c74                __truncdfsf2
 .text          0x0000000008004d14       0x30 /usr/lib/gcc/arm-none-eabi/6.3.1/thumb/v7e-m/fpv4-sp/hard/libgcc.a(_aeabi_uldivmod.o)
                0x0000000008004d14                __aeabi_uldivmod
 .text          0x0000000008004d44      0x2dc /usr/lib/gcc/arm-none-eabi/6.3.1/thumb/v7e-m/fpv4-sp/hard/libgcc.a(_udivmoddi4.o)
                0x0000000008004d44                __udivmoddi4
 .text          0x0000000008005020        0x4 /usr/lib/gcc/arm-none-eabi/6.3.1/thumb/v7e-m/fpv4-sp/hard/libgcc.a(_dvmd_tls.o)
                0x0000000008005020                __aeabi_ldiv0
                0x0000000008005020                __aeabi_idiv0
 *(.text*)
 .text.main     0x0000000008005024       0x48 ../../applications/iotproject/build/iotproject.o
                0x0000000008005024                main
 .text.check_modules
                0x000000000800506c       0x30 ../../applications/iotproject/build/func.o
                0x000000000800506c                check_modules
 .text.measure  0x000000000800509c        0x8 ../../applications/iotproject/build/func.o
                0x000000000800509c                measure
 .text.murata_process_rx_response
                0x00000000080050a4       0x28 ../../applications/iotproject/build/func.o
                0x00000000080050a4                murata_process_rx_response
 .text.EXTI15_10_IRQHandler
                0x00000000080050cc        0xc ../../applications/iotproject/build/func.o
                0x00000000080050cc                EXTI15_10_IRQHandler
 .text.EXTI9_5_IRQHandler
                0x00000000080050d8        0xa ../../applications/iotproject/build/func.o
                0x00000000080050d8                EXTI9_5_IRQHandler
 .text.EXTI0_IRQHandler
                0x00000000080050e2        0xa ../../applications/iotproject/build/func.o
                0x00000000080050e2                EXTI0_IRQHandler
 .text.EXTI1_IRQHandler
                0x00000000080050ec        0xa ../../applications/iotproject/build/func.o
                0x00000000080050ec                EXTI1_IRQHandler
 *fill*         0x00000000080050f6        0x2 
 .text.HAL_GPIO_EXTI_Callback
                0x00000000080050f8       0x64 ../../applications/iotproject/build/func.o
                0x00000000080050f8                HAL_GPIO_EXTI_Callback
 .text.LoRaWAN_send
                0x000000000800515c       0xc4 ../../applications/iotproject/build/func.o
                0x000000000800515c                LoRaWAN_send
 .text.LorawanInit
                0x0000000008005220       0x34 ../../applications/iotproject/build/func.o
                0x0000000008005220                LorawanInit
 .text.HAL_TIM_PeriodElapsedCallback
                0x0000000008005254       0x18 ../../applications/iotproject/build/func.o
                0x0000000008005254                HAL_TIM_PeriodElapsedCallback
 .text.Initialize_Sensors
                0x000000000800526c       0x3c ../../applications/iotproject/build/func.o
                0x000000000800526c                Initialize_Sensors
 .text.Initialize_OS
                0x00000000080052a8       0xa8 ../../applications/iotproject/build/func.o
                0x00000000080052a8                Initialize_OS
 .text.Error_Handler
                0x0000000008005350        0x2 ../../applications/iotproject/build/func.o
                0x0000000008005350                Error_Handler
 *fill*         0x0000000008005352        0x2 
 .text.HAL_UART_RxCpltCallback
                0x0000000008005354       0x14 ../../applications/iotproject/build/func.o
                0x0000000008005354                HAL_UART_RxCpltCallback
 .text.print_temp_hum
                0x0000000008005368       0x44 ../../applications/iotproject/build/func.o
                0x0000000008005368                print_temp_hum
 .text.temp_hum_measurement
                0x00000000080053ac       0x14 ../../applications/iotproject/build/func.o
                0x00000000080053ac                temp_hum_measurement
 .text.StartDefaultTask
                0x00000000080053c0       0x3c ../../applications/iotproject/build/func.o
                0x00000000080053c0                StartDefaultTask
 .text.update_crc
                0x00000000080053fc       0x2c ../../applications/iotproject/build/crc.o
 .text.crc_calculate
                0x0000000008005428       0x2c ../../applications/iotproject/build/crc.o
                0x0000000008005428                crc_calculate
 .text.verify_payload
                0x0000000008005454       0x5c ../../applications/iotproject/build/modem_interface.o
 .text.flush_modem_interface_tx_fifo
                0x00000000080054b0       0x34 ../../applications/iotproject/build/modem_interface.o
 .text.modem_interface_uart_rx_cb
                0x00000000080054e4       0x28 ../../applications/iotproject/build/modem_interface.o
                0x00000000080054e4                modem_interface_uart_rx_cb
 .text.modem_interface_transfer_bytes
                0x000000000800550c       0x64 ../../applications/iotproject/build/modem_interface.o
                0x000000000800550c                modem_interface_transfer_bytes
 .text.process_rx_fifo
                0x0000000008005570      0x168 ../../applications/iotproject/build/modem_interface.o
                0x0000000008005570                process_rx_fifo
 .text.modem_interface_init
                0x00000000080056d8       0x4c ../../applications/iotproject/build/modem_interface.o
                0x00000000080056d8                modem_interface_init
 .text.modem_interface_register_handler
                0x0000000008005724       0x2c ../../applications/iotproject/build/modem_interface.o
                0x0000000008005724                modem_interface_register_handler
 .text.modem_interface_set_target_rebooted_callback
                0x0000000008005750        0xc ../../applications/iotproject/build/modem_interface.o
                0x0000000008005750                modem_interface_set_target_rebooted_callback
 .text.process_serial_frame
                0x000000000800575c      0x160 ../../applications/iotproject/build/modem.o
 .text.modem_cb_init
                0x00000000080058bc       0x14 ../../applications/iotproject/build/modem.o
                0x00000000080058bc                modem_cb_init
 .text.modem_process_fifo
                0x00000000080058d0       0x28 ../../applications/iotproject/build/modem.o
                0x00000000080058d0                modem_process_fifo
 .text.modem_init
                0x00000000080058f8       0x20 ../../applications/iotproject/build/modem.o
                0x00000000080058f8                modem_init
 .text.modem_reinit
                0x0000000008005918        0xc ../../applications/iotproject/build/modem.o
                0x0000000008005918                modem_reinit
 .text.alloc_command
                0x0000000008005924       0x4c ../../applications/iotproject/build/modem.o
                0x0000000008005924                alloc_command
 .text.modem_send_unsolicited_response
                0x0000000008005970       0x8c ../../applications/iotproject/build/modem.o
                0x0000000008005970                modem_send_unsolicited_response
 .text.parse_op_return_tag
                0x00000000080059fc       0x2c ../../applications/iotproject/build/alp.o
 .text.parse_op_return_status
                0x0000000008005a28      0x17c ../../applications/iotproject/build/alp.o
 .text.alp_parse_length_operand
                0x0000000008005ba4       0x38 ../../applications/iotproject/build/alp.o
                0x0000000008005ba4                alp_parse_length_operand
 .text.alp_append_length_operand
                0x0000000008005bdc       0xa0 ../../applications/iotproject/build/alp.o
                0x0000000008005bdc                alp_append_length_operand
 .text.alp_parse_file_offset_operand
                0x0000000008005c7c       0x44 ../../applications/iotproject/build/alp.o
                0x0000000008005c7c                alp_parse_file_offset_operand
 .text.parse_operand_file_data
                0x0000000008005cc0       0x50 ../../applications/iotproject/build/alp.o
 .text.parse_op_write_file_data
                0x0000000008005d10        0x8 ../../applications/iotproject/build/alp.o
 .text.parse_op_return_file_data
                0x0000000008005d18        0x8 ../../applications/iotproject/build/alp.o
 .text.alp_append_forward_action
                0x0000000008005d20      0x2a0 ../../applications/iotproject/build/alp.o
                0x0000000008005d20                alp_append_forward_action
 .text.alp_append_return_file_data_action
                0x0000000008005fc0       0x74 ../../applications/iotproject/build/alp.o
                0x0000000008005fc0                alp_append_return_file_data_action
 .text.alp_parse_action
                0x0000000008006034       0xa8 ../../applications/iotproject/build/alp.o
                0x0000000008006034                alp_parse_action
 .text.alp_append_tag_request_action
                0x00000000080060dc       0x50 ../../applications/iotproject/build/alp.o
                0x00000000080060dc                alp_append_tag_request_action
 .text.on_modem_command_completed_callback
                0x000000000800612c       0x1c ../../applications/iotproject/build/murata.o
                0x000000000800612c                on_modem_command_completed_callback
 .text.on_modem_return_file_data_callback
                0x0000000008006148       0x24 ../../applications/iotproject/build/murata.o
                0x0000000008006148                on_modem_return_file_data_callback
 .text.on_modem_write_file_data_callback
                0x000000000800616c       0x24 ../../applications/iotproject/build/murata.o
                0x000000000800616c                on_modem_write_file_data_callback
 .text.on_modem_reboot_callback
                0x0000000008006190       0x1c ../../applications/iotproject/build/murata.o
                0x0000000008006190                on_modem_reboot_callback
 .text.Murata_Initialize
                0x00000000080061ac       0xa8 ../../applications/iotproject/build/murata.o
                0x00000000080061ac                Murata_Initialize
 .text.Murata_toggleResetPin
                0x0000000008006254       0x30 ../../applications/iotproject/build/murata.o
                0x0000000008006254                Murata_toggleResetPin
 .text.Murata_SetProcessingThread
                0x0000000008006284        0xc ../../applications/iotproject/build/murata.o
                0x0000000008006284                Murata_SetProcessingThread
 .text.Murata_LoRaWAN_Send
                0x0000000008006290       0x4c ../../applications/iotproject/build/murata.o
                0x0000000008006290                Murata_LoRaWAN_Send
 .text.Murata_process_fifo
                0x00000000080062dc        0x8 ../../applications/iotproject/build/murata.o
                0x00000000080062dc                Murata_process_fifo
 .text.Murata_rxCallback
                0x00000000080062e4       0x28 ../../applications/iotproject/build/murata.o
                0x00000000080062e4                Murata_rxCallback
 .text.skip     0x000000000800630c       0x1a ../../applications/iotproject/build/fifo.o
 .text.fifo_init_filled
                0x0000000008006326       0x10 ../../applications/iotproject/build/fifo.o
                0x0000000008006326                fifo_init_filled
 .text.fifo_init
                0x0000000008006336        0xc ../../applications/iotproject/build/fifo.o
                0x0000000008006336                fifo_init
 .text.fifo_init_subview
                0x0000000008006342       0x30 ../../applications/iotproject/build/fifo.o
                0x0000000008006342                fifo_init_subview
 .text.fifo_put
                0x0000000008006372       0x86 ../../applications/iotproject/build/fifo.o
                0x0000000008006372                fifo_put
 .text.fifo_put_byte
                0x00000000080063f8       0x18 ../../applications/iotproject/build/fifo.o
                0x00000000080063f8                fifo_put_byte
 .text.fifo_get_size
                0x0000000008006410       0x1a ../../applications/iotproject/build/fifo.o
                0x0000000008006410                fifo_get_size
 .text.check_len
                0x000000000800642a       0x1c ../../applications/iotproject/build/fifo.o
 .text.fifo_skip
                0x0000000008006446       0x1c ../../applications/iotproject/build/fifo.o
                0x0000000008006446                fifo_skip
 .text.fifo_peek
                0x0000000008006462       0x66 ../../applications/iotproject/build/fifo.o
                0x0000000008006462                fifo_peek
 .text.fifo_pop
                0x00000000080064c8       0x20 ../../applications/iotproject/build/fifo.o
                0x00000000080064c8                fifo_pop
 .text.Initialize_Platform
                0x00000000080064e8        0x8 ../../applications/iotproject/build/platform.o
                0x00000000080064e8                Initialize_Platform
 .text.I2C_Flush_TXDR
                0x00000000080064f0       0x22 ../../applications/iotproject/build/stm32l4xx_hal_i2c.o
 .text.I2C_TransferConfig
                0x0000000008006512       0x36 ../../applications/iotproject/build/stm32l4xx_hal_i2c.o
 .text.I2C_IsAcknowledgeFailed
                0x0000000008006548       0x90 ../../applications/iotproject/build/stm32l4xx_hal_i2c.o
 .text.I2C_WaitOnTXISFlagUntilTimeout
                0x00000000080065d8       0x56 ../../applications/iotproject/build/stm32l4xx_hal_i2c.o
 .text.I2C_WaitOnFlagUntilTimeout
                0x000000000800662e       0x52 ../../applications/iotproject/build/stm32l4xx_hal_i2c.o
 .text.I2C_RequestMemoryWrite
                0x0000000008006680       0x70 ../../applications/iotproject/build/stm32l4xx_hal_i2c.o
 .text.I2C_RequestMemoryRead
                0x00000000080066f0       0x70 ../../applications/iotproject/build/stm32l4xx_hal_i2c.o
 .text.I2C_WaitOnSTOPFlagUntilTimeout
                0x0000000008006760       0x50 ../../applications/iotproject/build/stm32l4xx_hal_i2c.o
 .text.I2C_WaitOnRXNEFlagUntilTimeout
                0x00000000080067b0       0x98 ../../applications/iotproject/build/stm32l4xx_hal_i2c.o
 .text.HAL_I2C_Init
                0x0000000008006848       0xbc ../../applications/iotproject/build/stm32l4xx_hal_i2c.o
                0x0000000008006848                HAL_I2C_Init
 .text.HAL_I2C_Master_Transmit
                0x0000000008006904      0x178 ../../applications/iotproject/build/stm32l4xx_hal_i2c.o
                0x0000000008006904                HAL_I2C_Master_Transmit
 .text.HAL_I2C_Master_Receive
                0x0000000008006a7c      0x178 ../../applications/iotproject/build/stm32l4xx_hal_i2c.o
                0x0000000008006a7c                HAL_I2C_Master_Receive
 .text.HAL_I2C_Mem_Write
                0x0000000008006bf4      0x1a2 ../../applications/iotproject/build/stm32l4xx_hal_i2c.o
                0x0000000008006bf4                HAL_I2C_Mem_Write
 *fill*         0x0000000008006d96        0x2 
 .text.HAL_I2C_Mem_Read
                0x0000000008006d98      0x1a8 ../../applications/iotproject/build/stm32l4xx_hal_i2c.o
                0x0000000008006d98                HAL_I2C_Mem_Read
 .text.HAL_I2CEx_ConfigAnalogFilter
                0x0000000008006f40       0x5c ../../applications/iotproject/build/stm32l4xx_hal_i2c_ex.o
                0x0000000008006f40                HAL_I2CEx_ConfigAnalogFilter
 .text.HAL_I2CEx_ConfigDigitalFilter
                0x0000000008006f9c       0x58 ../../applications/iotproject/build/stm32l4xx_hal_i2c_ex.o
                0x0000000008006f9c                HAL_I2CEx_ConfigDigitalFilter
 .text.HAL_SPI_Init
                0x0000000008006ff4       0xb0 ../../applications/iotproject/build/stm32l4xx_hal_spi.o
                0x0000000008006ff4                HAL_SPI_Init
 .text.HAL_SPI_ErrorCallback
                0x00000000080070a4        0x2 ../../applications/iotproject/build/stm32l4xx_hal_spi.o
                0x00000000080070a4                HAL_SPI_ErrorCallback
 *fill*         0x00000000080070a6        0x2 
 .text.HAL_SPI_IRQHandler
                0x00000000080070a8      0x118 ../../applications/iotproject/build/stm32l4xx_hal_spi.o
                0x00000000080070a8                HAL_SPI_IRQHandler
 .text.SPI_DMAAbortOnError
                0x00000000080071c0       0x12 ../../applications/iotproject/build/stm32l4xx_hal_spi.o
 .text.HAL_IWDG_Init
                0x00000000080071d2       0x58 ../../applications/iotproject/build/stm32l4xx_hal_iwdg.o
                0x00000000080071d2                HAL_IWDG_Init
 .text.UART_EndRxTransfer
                0x000000000800722a       0x20 ../../applications/iotproject/build/stm32l4xx_hal_uart.o
 *fill*         0x000000000800724a        0x2 
 .text.HAL_UART_Receive_IT
                0x000000000800724c       0xd4 ../../applications/iotproject/build/stm32l4xx_hal_uart.o
                0x000000000800724c                HAL_UART_Receive_IT
 .text.HAL_UART_TxCpltCallback
                0x0000000008007320        0x2 ../../applications/iotproject/build/stm32l4xx_hal_uart.o
                0x0000000008007320                HAL_UART_TxCpltCallback
 .text.UART_EndTransmit_IT
                0x0000000008007322       0x1c ../../applications/iotproject/build/stm32l4xx_hal_uart.o
 .text.UART_RxISR_8BIT
                0x000000000800733e       0x64 ../../applications/iotproject/build/stm32l4xx_hal_uart.o
 .text.UART_RxISR_16BIT
                0x00000000080073a2       0x64 ../../applications/iotproject/build/stm32l4xx_hal_uart.o
 .text.HAL_UART_ErrorCallback
                0x0000000008007406        0x2 ../../applications/iotproject/build/stm32l4xx_hal_uart.o
                0x0000000008007406                HAL_UART_ErrorCallback
 .text.HAL_UART_IRQHandler
                0x0000000008007408      0x15c ../../applications/iotproject/build/stm32l4xx_hal_uart.o
                0x0000000008007408                HAL_UART_IRQHandler
 .text.UART_DMAAbortOnError
                0x0000000008007564       0x14 ../../applications/iotproject/build/stm32l4xx_hal_uart.o
 .text.UART_SetConfig
                0x0000000008007578      0x410 ../../applications/iotproject/build/stm32l4xx_hal_uart.o
                0x0000000008007578                UART_SetConfig
 .text.UART_AdvFeatureConfig
                0x0000000008007988       0xca ../../applications/iotproject/build/stm32l4xx_hal_uart.o
                0x0000000008007988                UART_AdvFeatureConfig
 .text.UART_WaitOnFlagUntilTimeout
                0x0000000008007a52       0x64 ../../applications/iotproject/build/stm32l4xx_hal_uart.o
                0x0000000008007a52                UART_WaitOnFlagUntilTimeout
 .text.HAL_UART_Transmit
                0x0000000008007ab6       0xd0 ../../applications/iotproject/build/stm32l4xx_hal_uart.o
                0x0000000008007ab6                HAL_UART_Transmit
 .text.UART_CheckIdleState
                0x0000000008007b86       0x70 ../../applications/iotproject/build/stm32l4xx_hal_uart.o
                0x0000000008007b86                UART_CheckIdleState
 .text.HAL_UART_Init
                0x0000000008007bf6       0x68 ../../applications/iotproject/build/stm32l4xx_hal_uart.o
                0x0000000008007bf6                HAL_UART_Init
 .text.HAL_UARTEx_WakeupCallback
                0x0000000008007c5e        0x2 ../../applications/iotproject/build/stm32l4xx_hal_uart_ex.o
                0x0000000008007c5e                HAL_UARTEx_WakeupCallback
 .text.HAL_TIM_Base_MspInit
                0x0000000008007c60        0x2 ../../applications/iotproject/build/stm32l4xx_hal_tim.o
                0x0000000008007c60                HAL_TIM_Base_MspInit
 *fill*         0x0000000008007c62        0x2 
 .text.HAL_TIM_Base_Start_IT
                0x0000000008007c64       0x34 ../../applications/iotproject/build/stm32l4xx_hal_tim.o
                0x0000000008007c64                HAL_TIM_Base_Start_IT
 .text.HAL_TIM_OC_DelayElapsedCallback
                0x0000000008007c98        0x2 ../../applications/iotproject/build/stm32l4xx_hal_tim.o
                0x0000000008007c98                HAL_TIM_OC_DelayElapsedCallback
 .text.HAL_TIM_IC_CaptureCallback
                0x0000000008007c9a        0x2 ../../applications/iotproject/build/stm32l4xx_hal_tim.o
                0x0000000008007c9a                HAL_TIM_IC_CaptureCallback
 .text.HAL_TIM_PWM_PulseFinishedCallback
                0x0000000008007c9c        0x2 ../../applications/iotproject/build/stm32l4xx_hal_tim.o
                0x0000000008007c9c                HAL_TIM_PWM_PulseFinishedCallback
 .text.HAL_TIM_TriggerCallback
                0x0000000008007c9e        0x2 ../../applications/iotproject/build/stm32l4xx_hal_tim.o
                0x0000000008007c9e                HAL_TIM_TriggerCallback
 .text.HAL_TIM_IRQHandler
                0x0000000008007ca0      0x19a ../../applications/iotproject/build/stm32l4xx_hal_tim.o
                0x0000000008007ca0                HAL_TIM_IRQHandler
 *fill*         0x0000000008007e3a        0x2 
 .text.TIM_Base_SetConfig
                0x0000000008007e3c       0xc8 ../../applications/iotproject/build/stm32l4xx_hal_tim.o
                0x0000000008007e3c                TIM_Base_SetConfig
 .text.HAL_TIM_Base_Init
                0x0000000008007f04       0x32 ../../applications/iotproject/build/stm32l4xx_hal_tim.o
                0x0000000008007f04                HAL_TIM_Base_Init
 .text.HAL_TIMEx_CommutationCallback
                0x0000000008007f36        0x2 ../../applications/iotproject/build/stm32l4xx_hal_tim_ex.o
                0x0000000008007f36                HAL_TIMEx_CommutationCallback
 .text.HAL_TIMEx_BreakCallback
                0x0000000008007f38        0x2 ../../applications/iotproject/build/stm32l4xx_hal_tim_ex.o
                0x0000000008007f38                HAL_TIMEx_BreakCallback
 .text.HAL_TIMEx_Break2Callback
                0x0000000008007f3a        0x2 ../../applications/iotproject/build/stm32l4xx_hal_tim_ex.o
                0x0000000008007f3a                HAL_TIMEx_Break2Callback
 .text.HAL_Init
                0x0000000008007f3c       0x1e ../../applications/iotproject/build/stm32l4xx_hal.o
                0x0000000008007f3c                HAL_Init
 *fill*         0x0000000008007f5a        0x2 
 .text.HAL_IncTick
                0x0000000008007f5c       0x10 ../../applications/iotproject/build/stm32l4xx_hal.o
                0x0000000008007f5c                HAL_IncTick
 .text.HAL_GetTick
                0x0000000008007f6c        0xc ../../applications/iotproject/build/stm32l4xx_hal.o
                0x0000000008007f6c                HAL_GetTick
 .text.HAL_Delay
                0x0000000008007f78       0x1e ../../applications/iotproject/build/stm32l4xx_hal.o
                0x0000000008007f78                HAL_Delay
 *fill*         0x0000000008007f96        0x2 
 .text.RCC_SetFlashLatencyFromMSIRange
                0x0000000008007f98       0x90 ../../applications/iotproject/build/stm32l4xx_hal_rcc.o
 .text.HAL_RCC_GetSysClockFreq
                0x0000000008008028       0xd8 ../../applications/iotproject/build/stm32l4xx_hal_rcc.o
                0x0000000008008028                HAL_RCC_GetSysClockFreq
 .text.HAL_RCC_OscConfig
                0x0000000008008100      0x5b4 ../../applications/iotproject/build/stm32l4xx_hal_rcc.o
                0x0000000008008100                HAL_RCC_OscConfig
 .text.HAL_RCC_ClockConfig
                0x00000000080086b4      0x154 ../../applications/iotproject/build/stm32l4xx_hal_rcc.o
                0x00000000080086b4                HAL_RCC_ClockConfig
 .text.HAL_RCC_GetHCLKFreq
                0x0000000008008808        0xc ../../applications/iotproject/build/stm32l4xx_hal_rcc.o
                0x0000000008008808                HAL_RCC_GetHCLKFreq
 .text.HAL_RCC_GetPCLK1Freq
                0x0000000008008814       0x24 ../../applications/iotproject/build/stm32l4xx_hal_rcc.o
                0x0000000008008814                HAL_RCC_GetPCLK1Freq
 .text.HAL_RCC_GetPCLK2Freq
                0x0000000008008838       0x24 ../../applications/iotproject/build/stm32l4xx_hal_rcc.o
                0x0000000008008838                HAL_RCC_GetPCLK2Freq
 .text.HAL_RCC_GetClockConfig
                0x000000000800885c       0x3c ../../applications/iotproject/build/stm32l4xx_hal_rcc.o
                0x000000000800885c                HAL_RCC_GetClockConfig
 .text.RCCEx_PLLSAI1_Config
                0x0000000008008898      0x17c ../../applications/iotproject/build/stm32l4xx_hal_rcc_ex.o
 .text.RCCEx_PLLSAI2_Config
                0x0000000008008a14      0x158 ../../applications/iotproject/build/stm32l4xx_hal_rcc_ex.o
 .text.HAL_RCCEx_PeriphCLKConfig
                0x0000000008008b6c      0x474 ../../applications/iotproject/build/stm32l4xx_hal_rcc_ex.o
                0x0000000008008b6c                HAL_RCCEx_PeriphCLKConfig
 .text.HAL_GPIO_Init
                0x0000000008008fe0      0x1b8 ../../applications/iotproject/build/stm32l4xx_hal_gpio.o
                0x0000000008008fe0                HAL_GPIO_Init
 .text.HAL_GPIO_WritePin
                0x0000000008009198        0xa ../../applications/iotproject/build/stm32l4xx_hal_gpio.o
                0x0000000008009198                HAL_GPIO_WritePin
 *fill*         0x00000000080091a2        0x2 
 .text.HAL_GPIO_EXTI_IRQHandler
                0x00000000080091a4       0x1c ../../applications/iotproject/build/stm32l4xx_hal_gpio.o
                0x00000000080091a4                HAL_GPIO_EXTI_IRQHandler
 .text.HAL_DMA_Abort_IT
                0x00000000080091c0       0x50 ../../applications/iotproject/build/stm32l4xx_hal_dma.o
                0x00000000080091c0                HAL_DMA_Abort_IT
 .text.HAL_PWREx_GetVoltageRange
                0x0000000008009210       0x10 ../../applications/iotproject/build/stm32l4xx_hal_pwr_ex.o
                0x0000000008009210                HAL_PWREx_GetVoltageRange
 .text.HAL_PWREx_ControlVoltageScaling
                0x0000000008009220       0x90 ../../applications/iotproject/build/stm32l4xx_hal_pwr_ex.o
                0x0000000008009220                HAL_PWREx_ControlVoltageScaling
 .text.HAL_PWREx_EnableVddIO2
                0x00000000080092b0       0x10 ../../applications/iotproject/build/stm32l4xx_hal_pwr_ex.o
                0x00000000080092b0                HAL_PWREx_EnableVddIO2
 .text.HAL_NVIC_SetPriorityGrouping
                0x00000000080092c0       0x24 ../../applications/iotproject/build/stm32l4xx_hal_cortex.o
                0x00000000080092c0                HAL_NVIC_SetPriorityGrouping
 .text.HAL_NVIC_SetPriority
                0x00000000080092e4       0x64 ../../applications/iotproject/build/stm32l4xx_hal_cortex.o
                0x00000000080092e4                HAL_NVIC_SetPriority
 .text.HAL_NVIC_EnableIRQ
                0x0000000008009348       0x18 ../../applications/iotproject/build/stm32l4xx_hal_cortex.o
                0x0000000008009348                HAL_NVIC_EnableIRQ
 .text.prvGetNextExpireTime
                0x0000000008009360       0x20 ../../applications/iotproject/build/timers.o
 .text.prvInsertTimerInActiveList
                0x0000000008009380       0x48 ../../applications/iotproject/build/timers.o
 .text.prvCheckForValidListAndQueue
                0x00000000080093c8       0x5c ../../applications/iotproject/build/timers.o
 .text.prvInitialiseNewTimer
                0x0000000008009424       0x40 ../../applications/iotproject/build/timers.o
 .text.xTimerCreateTimerTask
                0x0000000008009464       0x54 ../../applications/iotproject/build/timers.o
                0x0000000008009464                xTimerCreateTimerTask
 .text.xTimerCreate
                0x00000000080094b8       0x32 ../../applications/iotproject/build/timers.o
                0x00000000080094b8                xTimerCreate
 *fill*         0x00000000080094ea        0x2 
 .text.xTimerGenericCommand
                0x00000000080094ec       0x6c ../../applications/iotproject/build/timers.o
                0x00000000080094ec                xTimerGenericCommand
 .text.prvSwitchTimerLists
                0x0000000008009558       0x78 ../../applications/iotproject/build/timers.o
 .text.prvSampleTimeNow
                0x00000000080095d0       0x2c ../../applications/iotproject/build/timers.o
 .text.prvProcessExpiredTimer
                0x00000000080095fc       0x60 ../../applications/iotproject/build/timers.o
 .text.prvProcessTimerOrBlockTask
                0x000000000800965c       0x74 ../../applications/iotproject/build/timers.o
 .text.prvProcessReceivedCommands
                0x00000000080096d0       0xe0 ../../applications/iotproject/build/timers.o
 .text.prvTimerTask
                0x00000000080097b0       0x16 ../../applications/iotproject/build/timers.o
 .text.prvGetDisinheritPriorityAfterTimeout
                0x00000000080097c6       0x12 ../../applications/iotproject/build/queue.o
 .text.prvIsQueueFull
                0x00000000080097d8       0x1e ../../applications/iotproject/build/queue.o
 .text.prvIsQueueEmpty
                0x00000000080097f6       0x1a ../../applications/iotproject/build/queue.o
 .text.prvCopyDataToQueue
                0x0000000008009810       0x76 ../../applications/iotproject/build/queue.o
 .text.prvCopyDataFromQueue
                0x0000000008009886       0x24 ../../applications/iotproject/build/queue.o
 .text.prvUnlockQueue
                0x00000000080098aa       0x6e ../../applications/iotproject/build/queue.o
 .text.xQueueGenericReset
                0x0000000008009918       0x80 ../../applications/iotproject/build/queue.o
                0x0000000008009918                xQueueGenericReset
 .text.prvInitialiseNewQueue
                0x0000000008009998       0x1c ../../applications/iotproject/build/queue.o
 .text.xQueueGenericCreate
                0x00000000080099b4       0x48 ../../applications/iotproject/build/queue.o
                0x00000000080099b4                xQueueGenericCreate
 .text.xQueueGenericSend
                0x00000000080099fc      0x188 ../../applications/iotproject/build/queue.o
                0x00000000080099fc                xQueueGenericSend
 .text.prvInitialiseMutex
                0x0000000008009b84       0x18 ../../applications/iotproject/build/queue.o
 .text.xQueueCreateMutex
                0x0000000008009b9c       0x16 ../../applications/iotproject/build/queue.o
                0x0000000008009b9c                xQueueCreateMutex
 .text.xQueueGenericSendFromISR
                0x0000000008009bb2       0xde ../../applications/iotproject/build/queue.o
                0x0000000008009bb2                xQueueGenericSendFromISR
 .text.xQueueGiveFromISR
                0x0000000008009c90       0xbc ../../applications/iotproject/build/queue.o
                0x0000000008009c90                xQueueGiveFromISR
 .text.xQueueReceive
                0x0000000008009d4c      0x15c ../../applications/iotproject/build/queue.o
                0x0000000008009d4c                xQueueReceive
 .text.xQueueSemaphoreTake
                0x0000000008009ea8      0x1a4 ../../applications/iotproject/build/queue.o
                0x0000000008009ea8                xQueueSemaphoreTake
 .text.xQueueReceiveFromISR
                0x000000000800a04c       0xb6 ../../applications/iotproject/build/queue.o
                0x000000000800a04c                xQueueReceiveFromISR
 *fill*         0x000000000800a102        0x2 
 .text.vQueueAddToRegistry
                0x000000000800a104       0x28 ../../applications/iotproject/build/queue.o
                0x000000000800a104                vQueueAddToRegistry
 .text.vQueueWaitForMessageRestricted
                0x000000000800a12c       0x52 ../../applications/iotproject/build/queue.o
                0x000000000800a12c                vQueueWaitForMessageRestricted
 .text.vListInitialise
                0x000000000800a17e       0x16 ../../applications/iotproject/build/list.o
                0x000000000800a17e                vListInitialise
 .text.vListInitialiseItem
                0x000000000800a194        0x6 ../../applications/iotproject/build/list.o
                0x000000000800a194                vListInitialiseItem
 .text.vListInsertEnd
                0x000000000800a19a       0x18 ../../applications/iotproject/build/list.o
                0x000000000800a19a                vListInsertEnd
 .text.vListInsert
                0x000000000800a1b2       0x34 ../../applications/iotproject/build/list.o
                0x000000000800a1b2                vListInsert
 .text.uxListRemove
                0x000000000800a1e6       0x28 ../../applications/iotproject/build/list.o
                0x000000000800a1e6                uxListRemove
 *fill*         0x000000000800a20e        0x2 
 .text.prvResetNextTaskUnblockTime
                0x000000000800a210       0x34 ../../applications/iotproject/build/tasks.o
 .text.prvDeleteTCB
                0x000000000800a244       0x12 ../../applications/iotproject/build/tasks.o
 .text.prvInitialiseNewTask
                0x000000000800a256       0x80 ../../applications/iotproject/build/tasks.o
 *fill*         0x000000000800a2d6        0x2 
 .text.prvInitialiseTaskLists
                0x000000000800a2d8       0x68 ../../applications/iotproject/build/tasks.o
 .text.prvAddNewTaskToReadyList
                0x000000000800a340       0xa8 ../../applications/iotproject/build/tasks.o
 .text.prvCheckTasksWaitingTermination
                0x000000000800a3e8       0x4c ../../applications/iotproject/build/tasks.o
 .text.prvIdleTask
                0x000000000800a434       0x28 ../../applications/iotproject/build/tasks.o
 .text.prvAddCurrentTaskToDelayedList
                0x000000000800a45c       0x98 ../../applications/iotproject/build/tasks.o
 .text.xTaskCreate
                0x000000000800a4f4       0x62 ../../applications/iotproject/build/tasks.o
                0x000000000800a4f4                xTaskCreate
 *fill*         0x000000000800a556        0x2 
 .text.vTaskStartScheduler
                0x000000000800a558       0x84 ../../applications/iotproject/build/tasks.o
                0x000000000800a558                vTaskStartScheduler
 .text.vTaskSuspendAll
                0x000000000800a5dc       0x10 ../../applications/iotproject/build/tasks.o
                0x000000000800a5dc                vTaskSuspendAll
 .text.xTaskGetTickCount
                0x000000000800a5ec        0xc ../../applications/iotproject/build/tasks.o
                0x000000000800a5ec                xTaskGetTickCount
 .text.xTaskIncrementTick
                0x000000000800a5f8      0x120 ../../applications/iotproject/build/tasks.o
                0x000000000800a5f8                xTaskIncrementTick
 .text.xTaskResumeAll
                0x000000000800a718       0xfc ../../applications/iotproject/build/tasks.o
                0x000000000800a718                xTaskResumeAll
 .text.vTaskDelay
                0x000000000800a814       0x50 ../../applications/iotproject/build/tasks.o
                0x000000000800a814                vTaskDelay
 .text.vTaskSwitchContext
                0x000000000800a864       0x9c ../../applications/iotproject/build/tasks.o
                0x000000000800a864                vTaskSwitchContext
 .text.vTaskPlaceOnEventList
                0x000000000800a900       0x30 ../../applications/iotproject/build/tasks.o
                0x000000000800a900                vTaskPlaceOnEventList
 .text.vTaskPlaceOnEventListRestricted
                0x000000000800a930       0x38 ../../applications/iotproject/build/tasks.o
                0x000000000800a930                vTaskPlaceOnEventListRestricted
 .text.xTaskRemoveFromEventList
                0x000000000800a968       0x8c ../../applications/iotproject/build/tasks.o
                0x000000000800a968                xTaskRemoveFromEventList
 .text.vTaskInternalSetTimeOutState
                0x000000000800a9f4       0x18 ../../applications/iotproject/build/tasks.o
                0x000000000800a9f4                vTaskInternalSetTimeOutState
 .text.xTaskCheckForTimeOut
                0x000000000800aa0c       0x80 ../../applications/iotproject/build/tasks.o
                0x000000000800aa0c                xTaskCheckForTimeOut
 .text.vTaskMissedYield
                0x000000000800aa8c        0xc ../../applications/iotproject/build/tasks.o
                0x000000000800aa8c                vTaskMissedYield
 .text.xTaskGetSchedulerState
                0x000000000800aa98       0x20 ../../applications/iotproject/build/tasks.o
                0x000000000800aa98                xTaskGetSchedulerState
 .text.xTaskPriorityInherit
                0x000000000800aab8       0xc0 ../../applications/iotproject/build/tasks.o
                0x000000000800aab8                xTaskPriorityInherit
 .text.xTaskPriorityDisinherit
                0x000000000800ab78       0xb4 ../../applications/iotproject/build/tasks.o
                0x000000000800ab78                xTaskPriorityDisinherit
 .text.vTaskPriorityDisinheritAfterTimeout
                0x000000000800ac2c       0xcc ../../applications/iotproject/build/tasks.o
                0x000000000800ac2c                vTaskPriorityDisinheritAfterTimeout
 .text.pvTaskIncrementMutexHeldCount
                0x000000000800acf8       0x1c ../../applications/iotproject/build/tasks.o
                0x000000000800acf8                pvTaskIncrementMutexHeldCount
 .text.ulTaskNotifyTake
                0x000000000800ad14       0x78 ../../applications/iotproject/build/tasks.o
                0x000000000800ad14                ulTaskNotifyTake
 .text.vTaskNotifyGiveFromISR
                0x000000000800ad8c       0xd0 ../../applications/iotproject/build/tasks.o
                0x000000000800ad8c                vTaskNotifyGiveFromISR
 .text.makeFreeRtosPriority
                0x000000000800ae5c        0xc ../../applications/iotproject/build/cmsis_os.o
 .text.inHandlerMode
                0x000000000800ae68        0xc ../../applications/iotproject/build/cmsis_os.o
 .text.osKernelStart
                0x000000000800ae74        0xa ../../applications/iotproject/build/cmsis_os.o
                0x000000000800ae74                osKernelStart
 .text.osThreadCreate
                0x000000000800ae7e       0x34 ../../applications/iotproject/build/cmsis_os.o
                0x000000000800ae7e                osThreadCreate
 .text.osDelay  0x000000000800aeb2       0x12 ../../applications/iotproject/build/cmsis_os.o
                0x000000000800aeb2                osDelay
 .text.osTimerCreate
                0x000000000800aec4       0x28 ../../applications/iotproject/build/cmsis_os.o
                0x000000000800aec4                osTimerCreate
 .text.osTimerStart
                0x000000000800aeec       0x6c ../../applications/iotproject/build/cmsis_os.o
                0x000000000800aeec                osTimerStart
 .text.osMutexCreate
                0x000000000800af58        0xa ../../applications/iotproject/build/cmsis_os.o
                0x000000000800af58                osMutexCreate
 *fill*         0x000000000800af62        0x2 
 .text.osMutexWait
                0x000000000800af64       0x70 ../../applications/iotproject/build/cmsis_os.o
                0x000000000800af64                osMutexWait
 .text.osMutexRelease
                0x000000000800afd4       0x5c ../../applications/iotproject/build/cmsis_os.o
                0x000000000800afd4                osMutexRelease
 .text.prvHeapInit
                0x000000000800b030       0x64 ../../applications/iotproject/build/heap_4.o
 .text.prvInsertBlockIntoFreeList
                0x000000000800b094       0x58 ../../applications/iotproject/build/heap_4.o
 .text.pvPortMalloc
                0x000000000800b0ec      0x108 ../../applications/iotproject/build/heap_4.o
                0x000000000800b0ec                pvPortMalloc
 .text.vPortFree
                0x000000000800b1f4       0x70 ../../applications/iotproject/build/heap_4.o
                0x000000000800b1f4                vPortFree
 .text.prvTaskExitError
                0x000000000800b264       0x40 ../../applications/iotproject/build/port.o
 .text.prvPortStartFirstTask
                0x000000000800b2a4       0x28 ../../applications/iotproject/build/port.o
 .text.vPortEnableVFP
                0x000000000800b2cc       0x14 ../../applications/iotproject/build/port.o
 .text.pxPortInitialiseStack
                0x000000000800b2e0       0x2c ../../applications/iotproject/build/port.o
                0x000000000800b2e0                pxPortInitialiseStack
 *fill*         0x000000000800b30c        0x4 
 .text.SVC_Handler
                0x000000000800b310       0x24 ../../applications/iotproject/build/port.o
                0x000000000800b310                SVC_Handler
 .text.vPortEnterCritical
                0x000000000800b334       0x44 ../../applications/iotproject/build/port.o
                0x000000000800b334                vPortEnterCritical
 .text.vPortExitCritical
                0x000000000800b378       0x2c ../../applications/iotproject/build/port.o
                0x000000000800b378                vPortExitCritical
 *fill*         0x000000000800b3a4        0xc 
 .text.PendSV_Handler
                0x000000000800b3b0       0x64 ../../applications/iotproject/build/port.o
                0x000000000800b3b0                PendSV_Handler
 .text.SysTick_Handler
                0x000000000800b414       0x2c ../../applications/iotproject/build/port.o
                0x000000000800b414                SysTick_Handler
 .text.vPortSetupTimerInterrupt
                0x000000000800b440       0x38 ../../applications/iotproject/build/port.o
                0x000000000800b440                vPortSetupTimerInterrupt
 .text.xPortStartScheduler
                0x000000000800b478      0x110 ../../applications/iotproject/build/port.o
                0x000000000800b478                xPortStartScheduler
 .text.vPortValidateInterruptPriority
                0x000000000800b588       0x5c ../../applications/iotproject/build/port.o
                0x000000000800b588                vPortValidateInterruptPriority
 .text.SystemInit
                0x000000000800b5e4       0x48 ../../applications/iotproject/build/system_stm32l4xx.o
                0x000000000800b5e4                SystemInit
 .text.OCTA_NVIC_Initialize
                0x000000000800b62c       0x24 ../../applications/iotproject/build/octa.o
                0x000000000800b62c                OCTA_NVIC_Initialize
 .text.OCTA_Initialize_Common_Peripherals
                0x000000000800b650       0x20 ../../applications/iotproject/build/octa.o
                0x000000000800b650                OCTA_Initialize_Common_Peripherals
 .text.OCTA_Initialize_P1_Peripherals
                0x000000000800b670       0x54 ../../applications/iotproject/build/octa.o
                0x000000000800b670                OCTA_Initialize_P1_Peripherals
 .text.OCTA_Initialize_P2_Peripherals
                0x000000000800b6c4       0x54 ../../applications/iotproject/build/octa.o
                0x000000000800b6c4                OCTA_Initialize_P2_Peripherals
 .text.OCTA_Initialize_P3_Peripherals
                0x000000000800b718       0x54 ../../applications/iotproject/build/octa.o
                0x000000000800b718                OCTA_Initialize_P3_Peripherals
 .text.OCTA_Initialize_Platform
                0x000000000800b76c       0x18 ../../applications/iotproject/build/octa.o
                0x000000000800b76c                OCTA_Initialize_Platform
 .text.platform_initialize_UART
                0x000000000800b784       0x3c ../../applications/iotproject/build/octa.o
                0x000000000800b784                platform_initialize_UART
 .text.platform_getHeader
                0x000000000800b7c0       0x9c ../../applications/iotproject/build/octa.o
                0x000000000800b7c0                platform_getHeader
 .text.USB_UART_Init
                0x000000000800b85c       0x34 ../../applications/iotproject/build/uart.o
                0x000000000800b85c                USB_UART_Init
 .text.P1_UART_Init
                0x000000000800b890       0x48 ../../applications/iotproject/build/uart.o
                0x000000000800b890                P1_UART_Init
 .text.P2_UART_Init
                0x000000000800b8d8       0x48 ../../applications/iotproject/build/uart.o
                0x000000000800b8d8                P2_UART_Init
 .text.P3_UART_Init
                0x000000000800b920       0x48 ../../applications/iotproject/build/uart.o
                0x000000000800b920                P3_UART_Init
 .text.__io_putchar
                0x000000000800b968       0x24 ../../applications/iotproject/build/uart.o
                0x000000000800b968                __io_putchar
 .text._write   0x000000000800b98c       0x1c ../../applications/iotproject/build/uart.o
                0x000000000800b98c                _write
 .text.RTOS_Send_Notification
                0x000000000800b9a8       0x40 ../../applications/iotproject/build/rtosmacros.o
                0x000000000800b9a8                RTOS_Send_Notification
 .text.common_I2C_Init
                0x000000000800b9e8       0x58 ../../applications/iotproject/build/i2c.o
                0x000000000800b9e8                common_I2C_Init
 .text.P1_I2C_Init
                0x000000000800ba40       0x58 ../../applications/iotproject/build/i2c.o
                0x000000000800ba40                P1_I2C_Init
 .text.FLASH_SPI_Init
                0x000000000800ba98       0x4c ../../applications/iotproject/build/spi.o
                0x000000000800ba98                FLASH_SPI_Init
 .text.OCTA_IWDG_Init
                0x000000000800bae4       0x2c ../../applications/iotproject/build/iwdg.o
                0x000000000800bae4                OCTA_IWDG_Init
 .text.IWDG_feed
                0x000000000800bb10       0x10 ../../applications/iotproject/build/iwdg.o
                0x000000000800bb10                IWDG_feed
 .text.OCTA_GPIO_Init
                0x000000000800bb20      0x308 ../../applications/iotproject/build/gpio.o
                0x000000000800bb20                OCTA_GPIO_Init
 .text.SystemClock_Config
                0x000000000800be28       0xb8 ../../applications/iotproject/build/sysclock.o
                0x000000000800be28                SystemClock_Config
 .text.HAL_MspInit
                0x000000000800bee0       0x40 ../../applications/iotproject/build/stm32l4xx_hal_msp.o
                0x000000000800bee0                HAL_MspInit
 .text.HAL_I2C_MspInit
                0x000000000800bf20      0x18c ../../applications/iotproject/build/stm32l4xx_hal_msp.o
                0x000000000800bf20                HAL_I2C_MspInit
 .text.HAL_UART_MspInit
                0x000000000800c0ac      0x188 ../../applications/iotproject/build/stm32l4xx_hal_msp.o
                0x000000000800c0ac                HAL_UART_MspInit
 .text.HAL_SPI_MspInit
                0x000000000800c234      0x160 ../../applications/iotproject/build/stm32l4xx_hal_msp.o
                0x000000000800c234                HAL_SPI_MspInit
 .text.HAL_InitTick
                0x000000000800c394       0x78 ../../applications/iotproject/build/stm32l4xx_hal_timebase_tim.o
                0x000000000800c394                HAL_InitTick
 .text.NMI_Handler
                0x000000000800c40c        0x2 ../../applications/iotproject/build/stm32l4xx_it.o
                0x000000000800c40c                NMI_Handler
 .text.HardFault_Handler
                0x000000000800c40e        0x2 ../../applications/iotproject/build/stm32l4xx_it.o
                0x000000000800c40e                HardFault_Handler
 .text.MemManage_Handler
                0x000000000800c410        0x2 ../../applications/iotproject/build/stm32l4xx_it.o
                0x000000000800c410                MemManage_Handler
 .text.BusFault_Handler
                0x000000000800c412        0x2 ../../applications/iotproject/build/stm32l4xx_it.o
                0x000000000800c412                BusFault_Handler
 .text.UsageFault_Handler
                0x000000000800c414        0x2 ../../applications/iotproject/build/stm32l4xx_it.o
                0x000000000800c414                UsageFault_Handler
 .text.DebugMon_Handler
                0x000000000800c416        0x2 ../../applications/iotproject/build/stm32l4xx_it.o
                0x000000000800c416                DebugMon_Handler
 .text.TIM1_UP_TIM16_IRQHandler
                0x000000000800c418       0x10 ../../applications/iotproject/build/stm32l4xx_it.o
                0x000000000800c418                TIM1_UP_TIM16_IRQHandler
 .text.USART2_IRQHandler
                0x000000000800c428       0x10 ../../applications/iotproject/build/stm32l4xx_it.o
                0x000000000800c428                USART2_IRQHandler
 .text.USART3_IRQHandler
                0x000000000800c438       0x10 ../../applications/iotproject/build/stm32l4xx_it.o
                0x000000000800c438                USART3_IRQHandler
 .text.UART5_IRQHandler
                0x000000000800c448       0x10 ../../applications/iotproject/build/stm32l4xx_it.o
                0x000000000800c448                UART5_IRQHandler
 .text.SPI1_IRQHandler
                0x000000000800c458       0x10 ../../applications/iotproject/build/stm32l4xx_it.o
                0x000000000800c458                SPI1_IRQHandler
 .text.SPI2_IRQHandler
                0x000000000800c468       0x10 ../../applications/iotproject/build/stm32l4xx_it.o
                0x000000000800c468                SPI2_IRQHandler
 .text.SPI3_IRQHandler
                0x000000000800c478       0x10 ../../applications/iotproject/build/stm32l4xx_it.o
                0x000000000800c478                SPI3_IRQHandler
 .text.LSM303AGR_setI2CInterface
                0x000000000800c488        0xc ../../applications/iotproject/build/LSM303AGRSensor.o
                0x000000000800c488                LSM303AGR_setI2CInterface
 .text.LSM303AGR_writeRegister
                0x000000000800c494       0x54 ../../applications/iotproject/build/LSM303AGRSensor.o
                0x000000000800c494                LSM303AGR_writeRegister
 .text.LSM303AGR_init
                0x000000000800c4e8       0x78 ../../applications/iotproject/build/LSM303AGRSensor.o
                0x000000000800c4e8                LSM303AGR_init
 .text.LSM303AGR_ACC_reset
                0x000000000800c560       0x18 ../../applications/iotproject/build/LSM303AGRSensor.o
                0x000000000800c560                LSM303AGR_ACC_reset
 .text.LSM303AGR_MAG_reset
                0x000000000800c578       0x18 ../../applications/iotproject/build/LSM303AGRSensor.o
                0x000000000800c578                LSM303AGR_MAG_reset
 .text.setI2CInterface_SHT31
                0x000000000800c590        0xc ../../applications/iotproject/build/sht31.o
                0x000000000800c590                setI2CInterface_SHT31
 .text.WRITE_REGISTER_SHT31
                0x000000000800c59c       0x24 ../../applications/iotproject/build/sht31.o
                0x000000000800c59c                WRITE_REGISTER_SHT31
 .text.READ_REG_SHT31
                0x000000000800c5c0       0x20 ../../applications/iotproject/build/sht31.o
                0x000000000800c5c0                READ_REG_SHT31
 .text.writeCommand
                0x000000000800c5e0       0x1c ../../applications/iotproject/build/sht31.o
                0x000000000800c5e0                writeCommand
 .text.SHT31_reset
                0x000000000800c5fc        0xc ../../applications/iotproject/build/sht31.o
                0x000000000800c5fc                SHT31_reset
 .text.SHT31_begin
                0x000000000800c608        0xa ../../applications/iotproject/build/sht31.o
                0x000000000800c608                SHT31_begin
 *fill*         0x000000000800c612        0x6 
 .text.readTempHum
                0x000000000800c618       0xa0 ../../applications/iotproject/build/sht31.o
                0x000000000800c618                readTempHum
 .text.SHT31_get_temp_hum
                0x000000000800c6b8       0x20 ../../applications/iotproject/build/sht31.o
                0x000000000800c6b8                SHT31_get_temp_hum
 .text.GSP30_setI2CInterface
                0x000000000800c6d8        0xc ../../applications/iotproject/build/GSP30.o
                0x000000000800c6d8                GSP30_setI2CInterface
 .text.GSP30_readRegister
                0x000000000800c6e4       0x30 ../../applications/iotproject/build/GSP30.o
                0x000000000800c6e4                GSP30_readRegister
 .text.GSP30_writeRegister
                0x000000000800c714       0x30 ../../applications/iotproject/build/GSP30.o
                0x000000000800c714                GSP30_writeRegister
 .text.GSP30_init
                0x000000000800c744       0xac ../../applications/iotproject/build/GSP30.o
                0x000000000800c744                GSP30_init
 .text.GSP30_measure
                0x000000000800c7f0       0x78 ../../applications/iotproject/build/GSP30.o
                0x000000000800c7f0                GSP30_measure
 .text.Reset_Handler
                0x000000000800c868       0x50 ../../applications/iotproject/build/startup_stm32l496xx.o
                0x000000000800c868                Reset_Handler
 .text.Default_Handler
                0x000000000800c8b8        0x2 ../../applications/iotproject/build/startup_stm32l496xx.o
                0x000000000800c8b8                RTC_Alarm_IRQHandler
                0x000000000800c8b8                EXTI2_IRQHandler
                0x000000000800c8b8                TIM8_TRG_COM_IRQHandler
                0x000000000800c8b8                TIM8_CC_IRQHandler
                0x000000000800c8b8                TIM1_CC_IRQHandler
                0x000000000800c8b8                TSC_IRQHandler
                0x000000000800c8b8                TAMP_STAMP_IRQHandler
                0x000000000800c8b8                CAN2_RX1_IRQHandler
                0x000000000800c8b8                EXTI3_IRQHandler
                0x000000000800c8b8                LPTIM2_IRQHandler
                0x000000000800c8b8                DFSDM1_FLT1_IRQHandler
                0x000000000800c8b8                I2C3_ER_IRQHandler
                0x000000000800c8b8                DFSDM1_FLT2_IRQHandler
                0x000000000800c8b8                I2C2_EV_IRQHandler
                0x000000000800c8b8                CAN1_RX0_IRQHandler
                0x000000000800c8b8                FPU_IRQHandler
                0x000000000800c8b8                CAN2_SCE_IRQHandler
                0x000000000800c8b8                ADC1_2_IRQHandler
                0x000000000800c8b8                TIM6_DAC_IRQHandler
                0x000000000800c8b8                DCMI_IRQHandler
                0x000000000800c8b8                CAN2_RX0_IRQHandler
                0x000000000800c8b8                TIM8_UP_IRQHandler
                0x000000000800c8b8                DMA2_Channel2_IRQHandler
                0x000000000800c8b8                DMA1_Channel4_IRQHandler
                0x000000000800c8b8                SAI2_IRQHandler
                0x000000000800c8b8                DFSDM1_FLT3_IRQHandler
                0x000000000800c8b8                DMA1_Channel7_IRQHandler
                0x000000000800c8b8                CAN1_RX1_IRQHandler
                0x000000000800c8b8                LCD_IRQHandler
                0x000000000800c8b8                ADC3_IRQHandler
                0x000000000800c8b8                TIM4_IRQHandler
                0x000000000800c8b8                DMA2_Channel1_IRQHandler
                0x000000000800c8b8                QUADSPI_IRQHandler
                0x000000000800c8b8                I2C1_EV_IRQHandler
                0x000000000800c8b8                DMA1_Channel6_IRQHandler
                0x000000000800c8b8                UART4_IRQHandler
                0x000000000800c8b8                DMA2_Channel4_IRQHandler
                0x000000000800c8b8                TIM3_IRQHandler
                0x000000000800c8b8                RCC_IRQHandler
                0x000000000800c8b8                DMA1_Channel1_IRQHandler
                0x000000000800c8b8                Default_Handler
                0x000000000800c8b8                DMA2_Channel7_IRQHandler
                0x000000000800c8b8                TIM7_IRQHandler
                0x000000000800c8b8                SDMMC1_IRQHandler
                0x000000000800c8b8                CAN2_TX_IRQHandler
                0x000000000800c8b8                TIM5_IRQHandler
                0x000000000800c8b8                I2C3_EV_IRQHandler
                0x000000000800c8b8                RTC_WKUP_IRQHandler
                0x000000000800c8b8                PVD_PVM_IRQHandler
                0x000000000800c8b8                CAN1_TX_IRQHandler
                0x000000000800c8b8                DMA2_Channel5_IRQHandler
                0x000000000800c8b8                CRS_IRQHandler
                0x000000000800c8b8                DMA1_Channel5_IRQHandler
                0x000000000800c8b8                EXTI4_IRQHandler
                0x000000000800c8b8                RNG_IRQHandler
                0x000000000800c8b8                TIM1_TRG_COM_TIM17_IRQHandler
                0x000000000800c8b8                DMA1_Channel3_IRQHandler
                0x000000000800c8b8                COMP_IRQHandler
                0x000000000800c8b8                WWDG_IRQHandler
                0x000000000800c8b8                I2C4_EV_IRQHandler
                0x000000000800c8b8                LPUART1_IRQHandler
                0x000000000800c8b8                DMA2_Channel6_IRQHandler
                0x000000000800c8b8                TIM2_IRQHandler
                0x000000000800c8b8                DFSDM1_FLT0_IRQHandler
                0x000000000800c8b8                I2C2_ER_IRQHandler
                0x000000000800c8b8                DMA1_Channel2_IRQHandler
                0x000000000800c8b8                TIM8_BRK_IRQHandler
                0x000000000800c8b8                CAN1_SCE_IRQHandler
                0x000000000800c8b8                FLASH_IRQHandler
                0x000000000800c8b8                USART1_IRQHandler
                0x000000000800c8b8                OTG_FS_IRQHandler
                0x000000000800c8b8                I2C1_ER_IRQHandler
                0x000000000800c8b8                FMC_IRQHandler
                0x000000000800c8b8                SWPMI1_IRQHandler
                0x000000000800c8b8                LPTIM1_IRQHandler
                0x000000000800c8b8                I2C4_ER_IRQHandler
                0x000000000800c8b8                SAI1_IRQHandler
                0x000000000800c8b8                DMA2_Channel3_IRQHandler
                0x000000000800c8b8                TIM1_BRK_TIM15_IRQHandler
 *(.glue_7)
 .glue_7        0x000000000800c8ba        0x0 linker stubs
 *(.glue_7t)
 .glue_7t       0x000000000800c8ba        0x0 linker stubs
 *(.eh_frame)
 *fill*         0x000000000800c8ba        0x2 
 .eh_frame      0x000000000800c8bc        0x0 /usr/lib/gcc/arm-none-eabi/6.3.1/thumb/v7e-m/fpv4-sp/hard/crtbegin.o
 *(.init)
 .init          0x000000000800c8bc        0x4 /usr/lib/gcc/arm-none-eabi/6.3.1/thumb/v7e-m/fpv4-sp/hard/crti.o
                0x000000000800c8bc                _init
 .init          0x000000000800c8c0        0x8 /usr/lib/gcc/arm-none-eabi/6.3.1/thumb/v7e-m/fpv4-sp/hard/crtn.o
 *(.fini)
 .fini          0x000000000800c8c8        0x4 /usr/lib/gcc/arm-none-eabi/6.3.1/thumb/v7e-m/fpv4-sp/hard/crti.o
                0x000000000800c8c8                _fini
 .fini          0x000000000800c8cc        0x8 /usr/lib/gcc/arm-none-eabi/6.3.1/thumb/v7e-m/fpv4-sp/hard/crtn.o
                0x000000000800c8d8                . = ALIGN (0x8)
 *fill*         0x000000000800c8d4        0x4 
                0x000000000800c8d8                _etext = .

.vfp11_veneer   0x000000000800c8d8        0x0
 .vfp11_veneer  0x000000000800c8d8        0x0 linker stubs

.v4_bx          0x000000000800c8d8        0x0
 .v4_bx         0x000000000800c8d8        0x0 linker stubs

.iplt           0x000000000800c8d8        0x0
 .iplt          0x000000000800c8d8        0x0 /usr/lib/gcc/arm-none-eabi/6.3.1/thumb/v7e-m/fpv4-sp/hard/crtbegin.o

.rodata         0x000000000800c8d8     0x1198
                0x000000000800c8d8                . = ALIGN (0x8)
 *(.rodata)
 .rodata        0x000000000800c8d8       0x28 ../../applications/iotproject/build/func.o
 .rodata        0x000000000800c900        0x4 /usr/lib/gcc/arm-none-eabi/6.3.1/../../../arm-none-eabi/lib/thumb/v7e-m/fpv4-sp/hard/libc_nano.a(lib_a-impure.o)
                0x000000000800c900                _global_impure_ptr
 .rodata        0x000000000800c904       0x60 /usr/lib/gcc/arm-none-eabi/6.3.1/../../../arm-none-eabi/lib/thumb/v7e-m/fpv4-sp/hard/libc_nano.a(lib_a-findfp.o)
                0x000000000800c904                __sf_fake_stderr
                0x000000000800c924                __sf_fake_stdout
                0x000000000800c944                __sf_fake_stdin
 *fill*         0x000000000800c964        0x4 
 .rodata        0x000000000800c968      0x128 /usr/lib/gcc/arm-none-eabi/6.3.1/../../../arm-none-eabi/lib/thumb/v7e-m/fpv4-sp/hard/libc_nano.a(lib_a-mprec.o)
                0x000000000800c978                __mprec_tens
                0x000000000800ca40                __mprec_tinytens
                0x000000000800ca68                __mprec_bigtens
 *(.rodata*)
 .rodata.main.str1.4
                0x000000000800ca90       0x19 ../../applications/iotproject/build/iotproject.o
 *fill*         0x000000000800caa9        0x3 
 .rodata.HAL_GPIO_EXTI_Callback.str1.4
                0x000000000800caac       0x2f ../../applications/iotproject/build/func.o
 *fill*         0x000000000800cadb        0x1 
 .rodata.LoRaWAN_send.str1.4
                0x000000000800cadc       0x25 ../../applications/iotproject/build/func.o
 *fill*         0x000000000800cb01        0x3 
 .rodata.LorawanInit.str1.4
                0x000000000800cb04       0x3c ../../applications/iotproject/build/func.o
 .rodata.StartDefaultTask.str1.4
                0x000000000800cb40       0x14 ../../applications/iotproject/build/func.o
 .rodata.check_modules.str1.4
                0x000000000800cb54       0x24 ../../applications/iotproject/build/func.o
 .rodata.murata_process_rx_response.str1.4
                0x000000000800cb78       0x23 ../../applications/iotproject/build/func.o
 *fill*         0x000000000800cb9b        0x1 
 .rodata.printWelcome.str1.4
                0x000000000800cb9c       0x59 ../../applications/iotproject/build/func.o
                                         0x5d (size before relaxing)
 *fill*         0x000000000800cbf5        0x3 
 .rodata.print_temp_hum.str1.4
                0x000000000800cbf8       0x3b ../../applications/iotproject/build/func.o
 *fill*         0x000000000800cc33        0x1 
 .rodata.str1.4
                0x000000000800cc34       0x21 ../../applications/iotproject/build/func.o
 *fill*         0x000000000800cc55        0x3 
 .rodata.process_rx_fifo.str1.4
                0x000000000800cc58       0x1c ../../applications/iotproject/build/modem_interface.o
 .rodata.__func__.10838
                0x000000000800cc74       0x15 ../../applications/iotproject/build/modem.o
 *fill*         0x000000000800cc89        0x3 
 .rodata.__func__.5443
                0x000000000800cc8c       0x19 ../../applications/iotproject/build/modem.o
 *fill*         0x000000000800cca5        0x3 
 .rodata.alloc_command.str1.4
                0x000000000800cca8       0x1a ../../applications/iotproject/build/modem.o
 *fill*         0x000000000800ccc2        0x2 
 .rodata.process_serial_frame.str1.4
                0x000000000800ccc4       0x91 ../../applications/iotproject/build/modem.o
 *fill*         0x000000000800cd55        0x3 
 .rodata.__func__.6035
                0x000000000800cd58       0x19 ../../applications/iotproject/build/alp.o
 *fill*         0x000000000800cd71        0x3 
 .rodata.__func__.6467
                0x000000000800cd74       0x1a ../../applications/iotproject/build/alp.o
 *fill*         0x000000000800cd8e        0x2 
 .rodata.__func__.6477
                0x000000000800cd90       0x1e ../../applications/iotproject/build/alp.o
 *fill*         0x000000000800cdae        0x2 
 .rodata.__func__.6496
                0x000000000800cdb0       0x1a ../../applications/iotproject/build/alp.o
 *fill*         0x000000000800cdca        0x2 
 .rodata.__func__.6509
                0x000000000800cdcc       0x23 ../../applications/iotproject/build/alp.o
 *fill*         0x000000000800cdef        0x1 
 .rodata.__func__.6531
                0x000000000800cdf0       0x18 ../../applications/iotproject/build/alp.o
 .rodata.__func__.6546
                0x000000000800ce08       0x14 ../../applications/iotproject/build/alp.o
 .rodata.__func__.6553
                0x000000000800ce1c       0x17 ../../applications/iotproject/build/alp.o
 *fill*         0x000000000800ce33        0x1 
 .rodata.__func__.6563
                0x000000000800ce34       0x11 ../../applications/iotproject/build/alp.o
 *fill*         0x000000000800ce45        0x3 
 .rodata.__func__.6600
                0x000000000800ce48       0x1e ../../applications/iotproject/build/alp.o
 *fill*         0x000000000800ce66        0x2 
 .rodata.alp_append_file_offset_operand.str1.4
                0x000000000800ce68       0x2c ../../applications/iotproject/build/alp.o
 .rodata.alp_append_forward_action.str1.4
                0x000000000800ce94      0x56a ../../applications/iotproject/build/alp.o
 *fill*         0x000000000800d3fe        0x2 
 .rodata.alp_append_length_operand.str1.4
                0x000000000800d400       0x97 ../../applications/iotproject/build/alp.o
 *fill*         0x000000000800d497        0x1 
 .rodata.alp_append_return_file_data_action.str1.4
                0x000000000800d498       0x68 ../../applications/iotproject/build/alp.o
 .rodata.alp_append_tag_request_action.str1.4
                0x000000000800d500       0x53 ../../applications/iotproject/build/alp.o
 *fill*         0x000000000800d553        0x1 
 .rodata.alp_parse_action.str1.4
                0x000000000800d554       0x26 ../../applications/iotproject/build/alp.o
 *fill*         0x000000000800d57a        0x2 
 .rodata.alp_parse_file_offset_operand.str1.4
                0x000000000800d57c       0x13 ../../applications/iotproject/build/alp.o
 *fill*         0x000000000800d58f        0x1 
 .rodata.parse_op_return_status.str1.4
                0x000000000800d590       0x84 ../../applications/iotproject/build/alp.o
                                         0xac (size before relaxing)
 .rodata.parse_op_return_tag.str1.4
                0x000000000800d614       0x5f ../../applications/iotproject/build/alp.o
 *fill*         0x000000000800d673        0x1 
 .rodata.parse_operand_file_data.str1.4
                0x000000000800d674       0x59 ../../applications/iotproject/build/alp.o
 *fill*         0x000000000800d6cd        0x3 
 .rodata.Murata_Initialize.str1.4
                0x000000000800d6d0       0x9a ../../applications/iotproject/build/murata.o
 *fill*         0x000000000800d76a        0x2 
 .rodata.Murata_LoRaWAN_Send.str1.4
                0x000000000800d76c       0x3f ../../applications/iotproject/build/murata.o
 *fill*         0x000000000800d7ab        0x1 
 .rodata.on_modem_command_completed_callback.str1.4
                0x000000000800d7ac       0x3d ../../applications/iotproject/build/murata.o
 *fill*         0x000000000800d7e9        0x3 
 .rodata.on_modem_reboot_callback.str1.4
                0x000000000800d7ec       0x24 ../../applications/iotproject/build/murata.o
 .rodata.on_modem_return_file_data_callback.str1.4
                0x000000000800d810       0x47 ../../applications/iotproject/build/murata.o
 *fill*         0x000000000800d857        0x1 
 .rodata.on_modem_write_file_data_callback.str1.4
                0x000000000800d858       0x46 ../../applications/iotproject/build/murata.o
 *fill*         0x000000000800d89e        0x2 
 .rodata.prvCheckForValidListAndQueue.str1.4
                0x000000000800d8a0        0x5 ../../applications/iotproject/build/timers.o
 *fill*         0x000000000800d8a5        0x3 
 .rodata.xTimerCreateTimerTask.str1.4
                0x000000000800d8a8        0x8 ../../applications/iotproject/build/timers.o
 .rodata.vTaskStartScheduler.str1.4
                0x000000000800d8b0        0x5 ../../applications/iotproject/build/tasks.o
 .rodata.osTimerCreate.str1.4
                0x000000000800d8b5        0x5 ../../applications/iotproject/build/cmsis_os.o
                                          0x1 (size before relaxing)
 *fill*         0x000000000800d8b5        0x3 
 .rodata.AHBPrescTable
                0x000000000800d8b8       0x10 ../../applications/iotproject/build/system_stm32l4xx.o
                0x000000000800d8b8                AHBPrescTable
 .rodata.APBPrescTable
                0x000000000800d8c8        0x8 ../../applications/iotproject/build/system_stm32l4xx.o
                0x000000000800d8c8                APBPrescTable
 .rodata.MSIRangeTable
                0x000000000800d8d0       0x30 ../../applications/iotproject/build/system_stm32l4xx.o
                0x000000000800d8d0                MSIRangeTable
 .rodata.platform_getHeader.str1.4
                0x000000000800d900       0x13 ../../applications/iotproject/build/octa.o
 *fill*         0x000000000800d913        0x1 
 .rodata.GSP30_init.str1.4
                0x000000000800d914       0x6e ../../applications/iotproject/build/GSP30.o
 *fill*         0x000000000800d982        0x2 
 .rodata.GSP30_measure.str1.4
                0x000000000800d984       0x36 ../../applications/iotproject/build/GSP30.o
 *fill*         0x000000000800d9ba        0x2 
 .rodata.str1.4
                0x000000000800d9bc       0x3f /usr/lib/gcc/arm-none-eabi/6.3.1/../../../arm-none-eabi/lib/thumb/v7e-m/fpv4-sp/hard/libc_nano.a(lib_a-assert.o)
                                         0x43 (size before relaxing)
 *fill*         0x000000000800d9fb        0x1 
 .rodata.str1.4
                0x000000000800d9fc        0x2 /usr/lib/gcc/arm-none-eabi/6.3.1/../../../arm-none-eabi/lib/thumb/v7e-m/fpv4-sp/hard/libc_nano.a(lib_a-impure.o)
 *fill*         0x000000000800d9fe        0x2 
 .rodata.str1.4