Archive member included to satisfy reference by file (symbol)

/usr/lib/gcc/arm-none-eabi/6.3.1/../../../arm-none-eabi/lib/thumb/v7e-m/fpv4-sp/hard/libc_nano.a(lib_a-atexit.o)
                              /usr/lib/gcc/arm-none-eabi/6.3.1/../../../arm-none-eabi/lib/thumb/v7e-m/fpv4-sp/hard/crt0.o (atexit)
/usr/lib/gcc/arm-none-eabi/6.3.1/../../../arm-none-eabi/lib/thumb/v7e-m/fpv4-sp/hard/libc_nano.a(lib_a-exit.o)
                              /usr/lib/gcc/arm-none-eabi/6.3.1/../../../arm-none-eabi/lib/thumb/v7e-m/fpv4-sp/hard/crt0.o (exit)
/usr/lib/gcc/arm-none-eabi/6.3.1/../../../arm-none-eabi/lib/thumb/v7e-m/fpv4-sp/hard/libc_nano.a(lib_a-fini.o)
                              /usr/lib/gcc/arm-none-eabi/6.3.1/../../../arm-none-eabi/lib/thumb/v7e-m/fpv4-sp/hard/crt0.o (__libc_fini_array)
/usr/lib/gcc/arm-none-eabi/6.3.1/../../../arm-none-eabi/lib/thumb/v7e-m/fpv4-sp/hard/libc_nano.a(lib_a-impure.o)
                              /usr/lib/gcc/arm-none-eabi/6.3.1/../../../arm-none-eabi/lib/thumb/v7e-m/fpv4-sp/hard/libc_nano.a(lib_a-exit.o) (_global_impure_ptr)
/usr/lib/gcc/arm-none-eabi/6.3.1/../../../arm-none-eabi/lib/thumb/v7e-m/fpv4-sp/hard/libc_nano.a(lib_a-init.o)
                              /usr/lib/gcc/arm-none-eabi/6.3.1/../../../arm-none-eabi/lib/thumb/v7e-m/fpv4-sp/hard/crt0.o (__libc_init_array)
/usr/lib/gcc/arm-none-eabi/6.3.1/../../../arm-none-eabi/lib/thumb/v7e-m/fpv4-sp/hard/libc_nano.a(lib_a-memcpy.o)
                              ../../applications/temperature-humidity/build/stream_buffer.o (memcpy)
/usr/lib/gcc/arm-none-eabi/6.3.1/../../../arm-none-eabi/lib/thumb/v7e-m/fpv4-sp/hard/libc_nano.a(lib_a-memset.o)
                              /usr/lib/gcc/arm-none-eabi/6.3.1/../../../arm-none-eabi/lib/thumb/v7e-m/fpv4-sp/hard/crt0.o (memset)
/usr/lib/gcc/arm-none-eabi/6.3.1/../../../arm-none-eabi/lib/thumb/v7e-m/fpv4-sp/hard/libc_nano.a(lib_a-nano-vfprintf_float.o)
                              (_printf_float)
/usr/lib/gcc/arm-none-eabi/6.3.1/../../../arm-none-eabi/lib/thumb/v7e-m/fpv4-sp/hard/libc_nano.a(lib_a-nano-vfprintf_i.o)
                              /usr/lib/gcc/arm-none-eabi/6.3.1/../../../arm-none-eabi/lib/thumb/v7e-m/fpv4-sp/hard/libc_nano.a(lib_a-nano-vfprintf_float.o) (_printf_common)
/usr/lib/gcc/arm-none-eabi/6.3.1/../../../arm-none-eabi/lib/thumb/v7e-m/fpv4-sp/hard/libc_nano.a(lib_a-printf.o)
                              ../../applications/temperature-humidity/build/temperature-humidity.o (printf)
/usr/lib/gcc/arm-none-eabi/6.3.1/../../../arm-none-eabi/lib/thumb/v7e-m/fpv4-sp/hard/libc_nano.a(lib_a-puts.o)
                              ../../applications/temperature-humidity/build/temperature-humidity.o (puts)
/usr/lib/gcc/arm-none-eabi/6.3.1/../../../arm-none-eabi/lib/thumb/v7e-m/fpv4-sp/hard/libc_nano.a(lib_a-strlen.o)
                              /usr/lib/gcc/arm-none-eabi/6.3.1/../../../arm-none-eabi/lib/thumb/v7e-m/fpv4-sp/hard/libc_nano.a(lib_a-nano-vfprintf_float.o) (strlen)
/usr/lib/gcc/arm-none-eabi/6.3.1/../../../arm-none-eabi/lib/thumb/v7e-m/fpv4-sp/hard/libc_nano.a(lib_a-wbuf.o)
                              /usr/lib/gcc/arm-none-eabi/6.3.1/../../../arm-none-eabi/lib/thumb/v7e-m/fpv4-sp/hard/libc_nano.a(lib_a-puts.o) (__swbuf_r)
/usr/lib/gcc/arm-none-eabi/6.3.1/../../../arm-none-eabi/lib/thumb/v7e-m/fpv4-sp/hard/libc_nano.a(lib_a-wsetup.o)
                              /usr/lib/gcc/arm-none-eabi/6.3.1/../../../arm-none-eabi/lib/thumb/v7e-m/fpv4-sp/hard/libc_nano.a(lib_a-puts.o) (__swsetup_r)
/usr/lib/gcc/arm-none-eabi/6.3.1/../../../arm-none-eabi/lib/thumb/v7e-m/fpv4-sp/hard/libc_nano.a(lib_a-__atexit.o)
                              /usr/lib/gcc/arm-none-eabi/6.3.1/../../../arm-none-eabi/lib/thumb/v7e-m/fpv4-sp/hard/libc_nano.a(lib_a-atexit.o) (__register_exitproc)
/usr/lib/gcc/arm-none-eabi/6.3.1/../../../arm-none-eabi/lib/thumb/v7e-m/fpv4-sp/hard/libc_nano.a(lib_a-__call_atexit.o)
                              /usr/lib/gcc/arm-none-eabi/6.3.1/../../../arm-none-eabi/lib/thumb/v7e-m/fpv4-sp/hard/libc_nano.a(lib_a-__atexit.o) (__call_exitprocs)
/usr/lib/gcc/arm-none-eabi/6.3.1/../../../arm-none-eabi/lib/thumb/v7e-m/fpv4-sp/hard/libc_nano.a(lib_a-dtoa.o)
                              /usr/lib/gcc/arm-none-eabi/6.3.1/../../../arm-none-eabi/lib/thumb/v7e-m/fpv4-sp/hard/libc_nano.a(lib_a-nano-vfprintf_float.o) (_dtoa_r)
/usr/lib/gcc/arm-none-eabi/6.3.1/../../../arm-none-eabi/lib/thumb/v7e-m/fpv4-sp/hard/libc_nano.a(lib_a-fflush.o)
                              /usr/lib/gcc/arm-none-eabi/6.3.1/../../../arm-none-eabi/lib/thumb/v7e-m/fpv4-sp/hard/libc_nano.a(lib_a-wbuf.o) (_fflush_r)
/usr/lib/gcc/arm-none-eabi/6.3.1/../../../arm-none-eabi/lib/thumb/v7e-m/fpv4-sp/hard/libc_nano.a(lib_a-findfp.o)
                              /usr/lib/gcc/arm-none-eabi/6.3.1/../../../arm-none-eabi/lib/thumb/v7e-m/fpv4-sp/hard/libc_nano.a(lib_a-printf.o) (__sinit)
/usr/lib/gcc/arm-none-eabi/6.3.1/../../../arm-none-eabi/lib/thumb/v7e-m/fpv4-sp/hard/libc_nano.a(lib_a-fwalk.o)
[...]
Memory Configuration

Name             Origin             Length             Attributes
RAM              0x0000000020000000 0x0000000000050000 xrw
FLASH            0x0000000008000000 0x0000000000100000 xr
*default*        0x0000000000000000 0xffffffffffffffff

Linker script and memory map

LOAD /usr/lib/gcc/arm-none-eabi/6.3.1/thumb/v7e-m/fpv4-sp/hard/crti.o
LOAD /usr/lib/gcc/arm-none-eabi/6.3.1/thumb/v7e-m/fpv4-sp/hard/crtbegin.o
LOAD /usr/lib/gcc/arm-none-eabi/6.3.1/../../../arm-none-eabi/lib/thumb/v7e-m/fpv4-sp/hard/crt0.o
LOAD ../../applications/temperature-humidity/build/temperature-humidity.o
LOAD ../../applications/temperature-humidity/build/platform.o
LOAD ../../applications/temperature-humidity/build/stm32l4xx_hal_i2c.o
LOAD ../../applications/temperature-humidity/build/stm32l4xx_hal_i2c_ex.o
LOAD ../../applications/temperature-humidity/build/stm32l4xx_hal_spi.o
LOAD ../../applications/temperature-humidity/build/stm32l4xx_hal_spi_ex.o
LOAD ../../applications/temperature-humidity/build/stm32l4xx_hal_iwdg.o
LOAD ../../applications/temperature-humidity/build/stm32l4xx_hal_uart.o
LOAD ../../applications/temperature-humidity/build/stm32l4xx_hal_uart_ex.o
LOAD ../../applications/temperature-humidity/build/stm32l4xx_hal_tim.o
LOAD ../../applications/temperature-humidity/build/stm32l4xx_hal_tim_ex.o
LOAD ../../applications/temperature-humidity/build/stm32l4xx_hal.o
LOAD ../../applications/temperature-humidity/build/stm32l4xx_hal_rcc.o
LOAD ../../applications/temperature-humidity/build/stm32l4xx_hal_rcc_ex.o
LOAD ../../applications/temperature-humidity/build/stm32l4xx_hal_flash.o
LOAD ../../applications/temperature-humidity/build/stm32l4xx_hal_flash_ex.o
LOAD ../../applications/temperature-humidity/build/stm32l4xx_hal_flash_ramfunc.o
LOAD ../../applications/temperature-humidity/build/stm32l4xx_hal_gpio.o
LOAD ../../applications/temperature-humidity/build/stm32l4xx_hal_dma.o
LOAD ../../applications/temperature-humidity/build/stm32l4xx_hal_dma_ex.o
LOAD ../../applications/temperature-humidity/build/stm32l4xx_hal_pwr.o
LOAD ../../applications/temperature-humidity/build/stm32l4xx_hal_pwr_ex.o
LOAD ../../applications/temperature-humidity/build/stm32l4xx_hal_cortex.o
LOAD ../../applications/temperature-humidity/build/stm32l4xx_hal_crc.o
LOAD ../../applications/temperature-humidity/build/stm32l4xx_hal_crc_ex.o
LOAD ../../applications/temperature-humidity/build/stream_buffer.o
LOAD ../../applications/temperature-humidity/build/timers.o
LOAD ../../applications/temperature-humidity/build/queue.o
LOAD ../../applications/temperature-humidity/build/croutine.o
LOAD ../../applications/temperature-humidity/build/list.o
LOAD ../../applications/temperature-humidity/build/event_groups.o
LOAD ../../applications/temperature-humidity/build/tasks.o
LOAD ../../applications/temperature-humidity/build/cmsis_os.o
LOAD ../../applications/temperature-humidity/build/heap_4.o
LOAD ../../applications/temperature-humidity/build/port.o
LOAD ../../applications/temperature-humidity/build/freertos.o
LOAD ../../applications/temperature-humidity/build/system_stm32l4xx.o
LOAD ../../applications/temperature-humidity/build/octa.o
LOAD ../../applications/temperature-humidity/build/uart.o
LOAD ../../applications/temperature-humidity/build/rtosmacros.o
LOAD ../../applications/temperature-humidity/build/i2c.o
LOAD ../../applications/temperature-humidity/build/spi.o
LOAD ../../applications/temperature-humidity/build/iwdg.o
LOAD ../../applications/temperature-humidity/build/gpio.o
LOAD ../../applications/temperature-humidity/build/sysclock.o
LOAD ../../applications/temperature-humidity/build/stm32l4xx_hal_msp.o
LOAD ../../applications/temperature-humidity/build/stm32l4xx_hal_timebase_tim.o
LOAD ../../applications/temperature-humidity/build/stm32l4xx_it.o
LOAD ../../applications/temperature-humidity/build/LSM303AGRSensor.o
LOAD ../../applications/temperature-humidity/build/sht31.o
LOAD ../../applications/temperature-humidity/build/S25FL256.o
LOAD ../../applications/temperature-humidity/build/TCS3472.o
LOAD ../../applications/temperature-humidity/build/stc3115.o
LOAD ../../applications/temperature-humidity/build/startup_stm32l496xx.o
LOAD /usr/lib/gcc/arm-none-eabi/6.3.1/../../../arm-none-eabi/lib/thumb/v7e-m/fpv4-sp/hard/libc_nano.a
LOAD /usr/lib/gcc/arm-none-eabi/6.3.1/../../../arm-none-eabi/lib/thumb/v7e-m/fpv4-sp/hard/libm.a
LOAD /usr/lib/gcc/arm-none-eabi/6.3.1/../../../arm-none-eabi/lib/thumb/v7e-m/fpv4-sp/hard/libnosys.a
START GROUP
LOAD /usr/lib/gcc/arm-none-eabi/6.3.1/thumb/v7e-m/fpv4-sp/hard/libgcc.a
LOAD /usr/lib/gcc/arm-none-eabi/6.3.1/../../../arm-none-eabi/lib/thumb/v7e-m/fpv4-sp/hard/libc_nano.a
END GROUP
START GROUP
LOAD /usr/lib/gcc/arm-none-eabi/6.3.1/thumb/v7e-m/fpv4-sp/hard/libgcc.a
LOAD /usr/lib/gcc/arm-none-eabi/6.3.1/../../../arm-none-eabi/lib/thumb/v7e-m/fpv4-sp/hard/libc_nano.a
END GROUP
LOAD /usr/lib/gcc/arm-none-eabi/6.3.1/thumb/v7e-m/fpv4-sp/hard/crtend.o
LOAD /usr/lib/gcc/arm-none-eabi/6.3.1/thumb/v7e-m/fpv4-sp/hard/crtn.o
                0x0000000020050000                _estack = 0x20050000
                0x0000000000000200                _Min_Heap_Size = 0x200
                0x0000000000000400                _Min_Stack_Size = 0x400

.isr_vector     0x0000000008000000      0x1b0
                0x0000000008000000                . = ALIGN (0x8)
 *(.isr_vector)
 .isr_vector    0x0000000008000000      0x1ac ../../applications/temperature-humidity/build/startup_stm32l496xx.o
                0x0000000008000000                g_pfnVectors
                0x00000000080001b0                . = ALIGN (0x8)
 *fill*         0x00000000080001ac        0x4 

.text           0x00000000080001c0     0x9fe8
                0x00000000080001c0                . = ALIGN (0x8)
 *(.text)
 .text          0x00000000080001c0       0xa4 /usr/lib/gcc/arm-none-eabi/6.3.1/thumb/v7e-m/fpv4-sp/hard/crtbegin.o
 .text          0x0000000008000264       0x50 /usr/lib/gcc/arm-none-eabi/6.3.1/../../../arm-none-eabi/lib/thumb/v7e-m/fpv4-sp/hard/libc_nano.a(lib_a-init.o)
                0x0000000008000264                __libc_init_array
 .text          0x00000000080002b4      0x134 /usr/lib/gcc/arm-none-eabi/6.3.1/../../../arm-none-eabi/lib/thumb/v7e-m/fpv4-sp/hard/libc_nano.a(lib_a-memcpy.o)
                0x00000000080002b4                memcpy
 .text          0x00000000080003e8       0x9c /usr/lib/gcc/arm-none-eabi/6.3.1/../../../arm-none-eabi/lib/thumb/v7e-m/fpv4-sp/hard/libc_nano.a(lib_a-memset.o)
                0x00000000080003e8                memset
 .text          0x0000000008000484      0x6f4 /usr/lib/gcc/arm-none-eabi/6.3.1/../../../arm-none-eabi/lib/thumb/v7e-m/fpv4-sp/hard/libc_nano.a(lib_a-nano-vfprintf_float.o)
                0x0000000008000484                __cvt
                0x0000000008000588                __exponent
                0x000000000800061c                _printf_float
 .text          0x0000000008000b78      0x3d4 /usr/lib/gcc/arm-none-eabi/6.3.1/../../../arm-none-eabi/lib/thumb/v7e-m/fpv4-sp/hard/libc_nano.a(lib_a-nano-vfprintf_i.o)
                0x0000000008000b78                _printf_common
                0x0000000008000cac                _printf_i
 .text          0x0000000008000f4c       0x60 /usr/lib/gcc/arm-none-eabi/6.3.1/../../../arm-none-eabi/lib/thumb/v7e-m/fpv4-sp/hard/libc_nano.a(lib_a-printf.o)
                0x0000000008000f4c                _printf_r
                0x0000000008000f4c                _iprintf_r
                0x0000000008000f78                printf
                0x0000000008000f78                iprintf
 .text          0x0000000008000fac       0xf0 /usr/lib/gcc/arm-none-eabi/6.3.1/../../../arm-none-eabi/lib/thumb/v7e-m/fpv4-sp/hard/libc_nano.a(lib_a-puts.o)
                0x0000000008000fac                _puts_r
                0x000000000800108c                puts
 *fill*         0x000000000800109c       0x24 
 .text          0x00000000080010c0       0xdc /usr/lib/gcc/arm-none-eabi/6.3.1/../../../arm-none-eabi/lib/thumb/v7e-m/fpv4-sp/hard/libc_nano.a(lib_a-strlen.o)
                0x00000000080010c0                strlen
 .text          0x000000000800119c       0xc4 /usr/lib/gcc/arm-none-eabi/6.3.1/../../../arm-none-eabi/lib/thumb/v7e-m/fpv4-sp/hard/libc_nano.a(lib_a-wbuf.o)
                0x000000000800119c                __swbuf_r
                0x0000000008001250                __swbuf
 .text          0x0000000008001260       0xf4 /usr/lib/gcc/arm-none-eabi/6.3.1/../../../arm-none-eabi/lib/thumb/v7e-m/fpv4-sp/hard/libc_nano.a(lib_a-wsetup.o)
                0x0000000008001260                __swsetup_r
 *fill*         0x0000000008001354        0x4 
 .text          0x0000000008001358     0x1038 /usr/lib/gcc/arm-none-eabi/6.3.1/../../../arm-none-eabi/lib/thumb/v7e-m/fpv4-sp/hard/libc_nano.a(lib_a-dtoa.o)
                0x0000000008001480                _dtoa_r
 .text          0x0000000008002390      0x1b0 /usr/lib/gcc/arm-none-eabi/6.3.1/../../../arm-none-eabi/lib/thumb/v7e-m/fpv4-sp/hard/libc_nano.a(lib_a-fflush.o)
                0x0000000008002390                __sflush_r
                0x00000000080024b8                _fflush_r
                0x000000000800251c                fflush
 .text          0x0000000008002540      0x230 /usr/lib/gcc/arm-none-eabi/6.3.1/../../../arm-none-eabi/lib/thumb/v7e-m/fpv4-sp/hard/libc_nano.a(lib_a-findfp.o)
                0x0000000008002544                _cleanup_r
                0x0000000008002554                __sfmoreglue
                0x0000000008002584                __sfp
                0x000000000800271c                _cleanup
                0x0000000008002730                __sinit
                0x0000000008002738                __sfp_lock_acquire
                0x000000000800273c                __sfp_lock_release
                0x0000000008002740                __sinit_lock_acquire
                0x0000000008002744                __sinit_lock_release
                0x0000000008002748                __fp_lock_all
                0x000000000800275c                __fp_unlock_all
 .text          0x0000000008002770       0xa0 /usr/lib/gcc/arm-none-eabi/6.3.1/../../../arm-none-eabi/lib/thumb/v7e-m/fpv4-sp/hard/libc_nano.a(lib_a-fwalk.o)
                0x0000000008002770                _fwalk
                0x00000000080027bc                _fwalk_reent
 .text          0x0000000008002810       0x80 /usr/lib/gcc/arm-none-eabi/6.3.1/../../../arm-none-eabi/lib/thumb/v7e-m/fpv4-sp/hard/libc_nano.a(lib_a-locale.o)
                0x0000000008002810                _setlocale_r
                0x0000000008002850                __locale_charset
                0x0000000008002858                __locale_mb_cur_max
                0x0000000008002864                __locale_msgcharset
                0x000000000800286c                __locale_cjk_lang
                0x0000000008002870                _localeconv_r
                0x0000000008002878                setlocale
                0x0000000008002888                localeconv
 .text          0x0000000008002890       0xe4 /usr/lib/gcc/arm-none-eabi/6.3.1/../../../arm-none-eabi/lib/thumb/v7e-m/fpv4-sp/hard/libc_nano.a(lib_a-makebuf.o)
                0x0000000008002890                __swhatbuf_r
                0x00000000080028ec                __smakebuf_r
 .text          0x0000000008002974       0x20 /usr/lib/gcc/arm-none-eabi/6.3.1/../../../arm-none-eabi/lib/thumb/v7e-m/fpv4-sp/hard/libc_nano.a(lib_a-malloc.o)
                0x0000000008002974                malloc
                0x0000000008002984                free
 *fill*         0x0000000008002994        0xc 
 .text          0x00000000080029a0       0xa0 /usr/lib/gcc/arm-none-eabi/6.3.1/../../../arm-none-eabi/lib/thumb/v7e-m/fpv4-sp/hard/libc_nano.a(lib_a-memchr.o)
                0x00000000080029a0                memchr
 .text          0x0000000008002a40      0x94c /usr/lib/gcc/arm-none-eabi/6.3.1/../../../arm-none-eabi/lib/thumb/v7e-m/fpv4-sp/hard/libc_nano.a(lib_a-mprec.o)
                0x0000000008002a40                _Balloc
                0x0000000008002aa8                _Bfree
                0x0000000008002ae0                __multadd
                0x0000000008002b5c                __s2b
                0x0000000008002bf8                __hi0bits
                0x0000000008002c38                __lo0bits
                0x0000000008002c98                __i2b
                0x0000000008002cac                __multiply
                0x0000000008002dd0                __pow5mult
                0x0000000008002e88                __lshift
                0x0000000008002f30                __mcmp
                0x0000000008002f68                __mdiff
                0x0000000008003070                __ulp
                0x00000000080030c4                __b2d
                0x0000000008003188                __d2b
                0x0000000008003244                __ratio
                0x00000000080032a4                _mprec_log10
                0x00000000080032e4                __copybits
                0x000000000800332c                __any_on
 .text          0x000000000800338c       0x1c /usr/lib/gcc/arm-none-eabi/6.3.1/../../../arm-none-eabi/lib/thumb/v7e-m/fpv4-sp/hard/libc_nano.a(lib_a-nano-callocr.o)
                0x000000000800338c                _calloc_r
 .text          0x00000000080033a8       0x90 /usr/lib/gcc/arm-none-eabi/6.3.1/../../../arm-none-eabi/lib/thumb/v7e-m/fpv4-sp/hard/libc_nano.a(lib_a-nano-freer.o)
                0x00000000080033a8                _free_r
 .text          0x0000000008003438       0xbc /usr/lib/gcc/arm-none-eabi/6.3.1/../../../arm-none-eabi/lib/thumb/v7e-m/fpv4-sp/hard/libc_nano.a(lib_a-nano-mallocr.o)
                0x0000000008003438                _malloc_r
 .text          0x00000000080034f4      0x2f8 /usr/lib/gcc/arm-none-eabi/6.3.1/../../../arm-none-eabi/lib/thumb/v7e-m/fpv4-sp/hard/libc_nano.a(lib_a-nano-vfprintf.o)
                0x0000000008003528                __sfputs_r
                0x0000000008003554                __sprint_r
                0x0000000008003570                _vfiprintf_r
                0x0000000008003570                _vfprintf_r
                0x00000000080037d4                vfiprintf
                0x00000000080037d4                vfprintf
 .text          0x00000000080037ec       0x24 /usr/lib/gcc/arm-none-eabi/6.3.1/../../../arm-none-eabi/lib/thumb/v7e-m/fpv4-sp/hard/libc_nano.a(lib_a-sbrkr.o)
                0x00000000080037ec                _sbrk_r
 .text          0x0000000008003810       0x8c /usr/lib/gcc/arm-none-eabi/6.3.1/../../../arm-none-eabi/lib/thumb/v7e-m/fpv4-sp/hard/libc_nano.a(lib_a-stdio.o)
                0x0000000008003810                __sread
                0x0000000008003834                __seofread
                0x0000000008003838                __swrite
                0x0000000008003874                __sseek
                0x0000000008003894                __sclose
 *fill*         0x000000000800389c        0x4 
 .text          0x00000000080038a0      0x2dc /usr/lib/gcc/arm-none-eabi/6.3.1/../../../arm-none-eabi/lib/thumb/v7e-m/fpv4-sp/hard/libc_nano.a(lib_a-strcmp.o)
                0x00000000080038a8                strcmp
 .text          0x0000000008003b7c       0x2c /usr/lib/gcc/arm-none-eabi/6.3.1/../../../arm-none-eabi/lib/thumb/v7e-m/fpv4-sp/hard/libc_nano.a(lib_a-writer.o)
                0x0000000008003b7c                _write_r
 .text          0x0000000008003ba8       0x24 /usr/lib/gcc/arm-none-eabi/6.3.1/../../../arm-none-eabi/lib/thumb/v7e-m/fpv4-sp/hard/libc_nano.a(lib_a-closer.o)
                0x0000000008003ba8                _close_r
 .text          0x0000000008003bcc       0x28 /usr/lib/gcc/arm-none-eabi/6.3.1/../../../arm-none-eabi/lib/thumb/v7e-m/fpv4-sp/hard/libc_nano.a(lib_a-fstatr.o)
                0x0000000008003bcc                _fstat_r
 .text          0x0000000008003bf4      0x2f0 /usr/lib/gcc/arm-none-eabi/6.3.1/../../../arm-none-eabi/lib/thumb/v7e-m/fpv4-sp/hard/libc_nano.a(lib_a-fvwrite.o)
                0x0000000008003bf4                __sfvwrite_r
 .text          0x0000000008003ee4       0x24 /usr/lib/gcc/arm-none-eabi/6.3.1/../../../arm-none-eabi/lib/thumb/v7e-m/fpv4-sp/hard/libc_nano.a(lib_a-isattyr.o)
                0x0000000008003ee4                _isatty_r
 .text          0x0000000008003f08       0x2c /usr/lib/gcc/arm-none-eabi/6.3.1/../../../arm-none-eabi/lib/thumb/v7e-m/fpv4-sp/hard/libc_nano.a(lib_a-lseekr.o)
                0x0000000008003f08                _lseek_r
 .text          0x0000000008003f34       0xc8 /usr/lib/gcc/arm-none-eabi/6.3.1/../../../arm-none-eabi/lib/thumb/v7e-m/fpv4-sp/hard/libc_nano.a(lib_a-memmove.o)
                0x0000000008003f34                memmove
 .text          0x0000000008003ffc       0x50 /usr/lib/gcc/arm-none-eabi/6.3.1/../../../arm-none-eabi/lib/thumb/v7e-m/fpv4-sp/hard/libc_nano.a(lib_a-nano-reallocr.o)
                0x0000000008003ffc                _realloc_r
 .text          0x000000000800404c       0x2c /usr/lib/gcc/arm-none-eabi/6.3.1/../../../arm-none-eabi/lib/thumb/v7e-m/fpv4-sp/hard/libc_nano.a(lib_a-readr.o)
                0x000000000800404c                _read_r
 .text          0x0000000008004078       0x14 /usr/lib/gcc/arm-none-eabi/6.3.1/../../../arm-none-eabi/lib/thumb/v7e-m/fpv4-sp/hard/libc_nano.a(lib_a-nano-msizer.o)
                0x0000000008004078                _malloc_usable_size_r
 .text          0x000000000800408c       0x10 /usr/lib/gcc/arm-none-eabi/6.3.1/../../../arm-none-eabi/lib/thumb/v7e-m/fpv4-sp/hard/libnosys.a(close.o)
                0x000000000800408c                _close
 .text          0x000000000800409c       0x10 /usr/lib/gcc/arm-none-eabi/6.3.1/../../../arm-none-eabi/lib/thumb/v7e-m/fpv4-sp/hard/libnosys.a(fstat.o)
                0x000000000800409c                _fstat
 .text          0x00000000080040ac       0x10 /usr/lib/gcc/arm-none-eabi/6.3.1/../../../arm-none-eabi/lib/thumb/v7e-m/fpv4-sp/hard/libnosys.a(isatty.o)
                0x00000000080040ac                _isatty
 .text          0x00000000080040bc       0x10 /usr/lib/gcc/arm-none-eabi/6.3.1/../../../arm-none-eabi/lib/thumb/v7e-m/fpv4-sp/hard/libnosys.a(lseek.o)
                0x00000000080040bc                _lseek
 .text          0x00000000080040cc       0x10 /usr/lib/gcc/arm-none-eabi/6.3.1/../../../arm-none-eabi/lib/thumb/v7e-m/fpv4-sp/hard/libnosys.a(read.o)
                0x00000000080040cc                _read
 .text          0x00000000080040dc       0x1c /usr/lib/gcc/arm-none-eabi/6.3.1/../../../arm-none-eabi/lib/thumb/v7e-m/fpv4-sp/hard/libnosys.a(sbrk.o)
                0x00000000080040dc                _sbrk
 .text          0x00000000080040f8      0x370 /usr/lib/gcc/arm-none-eabi/6.3.1/thumb/v7e-m/fpv4-sp/hard/libgcc.a(_arm_addsubdf3.o)
                0x00000000080040f8                __aeabi_drsub
                0x0000000008004100                __aeabi_dsub
                0x0000000008004100                __subdf3
                0x0000000008004104                __adddf3
                0x0000000008004104                __aeabi_dadd
                0x000000000800437c                __aeabi_ui2d
                0x000000000800437c                __floatunsidf
                0x000000000800439c                __floatsidf
                0x000000000800439c                __aeabi_i2d
                0x00000000080043c0                __extendsfdf2
                0x00000000080043c0                __aeabi_f2d
                0x00000000080043fc                __aeabi_ul2d
                0x00000000080043fc                __floatundidf
                0x000000000800440c                __floatdidf
                0x000000000800440c                __aeabi_l2d
 .text          0x0000000008004468      0x424 /usr/lib/gcc/arm-none-eabi/6.3.1/thumb/v7e-m/fpv4-sp/hard/libgcc.a(_arm_muldivdf3.o)
                0x0000000008004468                __aeabi_dmul
                0x0000000008004468                __muldf3
                0x00000000080046bc                __aeabi_ddiv
                0x00000000080046bc                __divdf3
 .text          0x000000000800488c      0x110 /usr/lib/gcc/arm-none-eabi/6.3.1/thumb/v7e-m/fpv4-sp/hard/libgcc.a(_arm_cmpdf2.o)
                0x000000000800488c                __gtdf2
                0x000000000800488c                __gedf2
                0x0000000008004894                __ltdf2
                0x0000000008004894                __ledf2
                0x000000000800489c                __cmpdf2
                0x000000000800489c                __eqdf2
                0x000000000800489c                __nedf2
                0x0000000008004918                __aeabi_cdrcmple
                0x0000000008004928                __aeabi_cdcmple
                0x0000000008004928                __aeabi_cdcmpeq
                0x0000000008004938                __aeabi_dcmpeq
                0x000000000800494c                __aeabi_dcmplt
                0x0000000008004960                __aeabi_dcmple
                0x0000000008004974                __aeabi_dcmpge
                0x0000000008004988                __aeabi_dcmpgt
 .text          0x000000000800499c       0x2c /usr/lib/gcc/arm-none-eabi/6.3.1/thumb/v7e-m/fpv4-sp/hard/libgcc.a(_arm_unorddf2.o)
                0x000000000800499c                __aeabi_dcmpun
                0x000000000800499c                __unorddf2
 .text          0x00000000080049c8       0x50 /usr/lib/gcc/arm-none-eabi/6.3.1/thumb/v7e-m/fpv4-sp/hard/libgcc.a(_arm_fixdfsi.o)
                0x00000000080049c8                __fixdfsi
                0x00000000080049c8                __aeabi_d2iz
 .text          0x0000000008004a18       0xa0 /usr/lib/gcc/arm-none-eabi/6.3.1/thumb/v7e-m/fpv4-sp/hard/libgcc.a(_arm_truncdfsf2.o)
                0x0000000008004a18                __aeabi_d2f
                0x0000000008004a18                __truncdfsf2
 .text          0x0000000008004ab8       0x30 /usr/lib/gcc/arm-none-eabi/6.3.1/thumb/v7e-m/fpv4-sp/hard/libgcc.a(_aeabi_uldivmod.o)
                0x0000000008004ab8                __aeabi_uldivmod
 .text          0x0000000008004ae8      0x2dc /usr/lib/gcc/arm-none-eabi/6.3.1/thumb/v7e-m/fpv4-sp/hard/libgcc.a(_udivmoddi4.o)
                0x0000000008004ae8                __udivmoddi4
 .text          0x0000000008004dc4        0x4 /usr/lib/gcc/arm-none-eabi/6.3.1/thumb/v7e-m/fpv4-sp/hard/libgcc.a(_dvmd_tls.o)
                0x0000000008004dc4                __aeabi_ldiv0
                0x0000000008004dc4                __aeabi_idiv0
 *(.text*)
 .text.StartDefaultTask
                0x0000000008004dc8        0xa ../../applications/temperature-humidity/build/temperature-humidity.o
                0x0000000008004dc8                StartDefaultTask
 *fill*         0x0000000008004dd2        0x2 
 .text.printWelcome
                0x0000000008004dd4       0x54 ../../applications/temperature-humidity/build/temperature-humidity.o
                0x0000000008004dd4                printWelcome
 .text.main     0x0000000008004e28       0xa0 ../../applications/temperature-humidity/build/temperature-humidity.o
                0x0000000008004e28                main
 .text.print_temp_hum
                0x0000000008004ec8       0x44 ../../applications/temperature-humidity/build/temperature-humidity.o
                0x0000000008004ec8                print_temp_hum
 .text.temp_hum_measurement
                0x0000000008004f0c       0x14 ../../applications/temperature-humidity/build/temperature-humidity.o
                0x0000000008004f0c                temp_hum_measurement
 .text.HAL_TIM_PeriodElapsedCallback
                0x0000000008004f20       0x18 ../../applications/temperature-humidity/build/temperature-humidity.o
                0x0000000008004f20                HAL_TIM_PeriodElapsedCallback
 .text.Error_Handler
                0x0000000008004f38        0x2 ../../applications/temperature-humidity/build/temperature-humidity.o
                0x0000000008004f38                Error_Handler
 .text.Initialize_Platform
                0x0000000008004f3a        0x8 ../../applications/temperature-humidity/build/platform.o
                0x0000000008004f3a                Initialize_Platform
 .text.I2C_Flush_TXDR
                0x0000000008004f42       0x22 ../../applications/temperature-humidity/build/stm32l4xx_hal_i2c.o
 .text.I2C_TransferConfig
                0x0000000008004f64       0x36 ../../applications/temperature-humidity/build/stm32l4xx_hal_i2c.o
 .text.I2C_IsAcknowledgeFailed
                0x0000000008004f9a       0x90 ../../applications/temperature-humidity/build/stm32l4xx_hal_i2c.o
 .text.I2C_WaitOnTXISFlagUntilTimeout
                0x000000000800502a       0x56 ../../applications/temperature-humidity/build/stm32l4xx_hal_i2c.o
 .text.I2C_WaitOnFlagUntilTimeout
                0x0000000008005080       0x52 ../../applications/temperature-humidity/build/stm32l4xx_hal_i2c.o
 .text.I2C_WaitOnSTOPFlagUntilTimeout
                0x00000000080050d2       0x50 ../../applications/temperature-humidity/build/stm32l4xx_hal_i2c.o
 .text.I2C_WaitOnRXNEFlagUntilTimeout
                0x0000000008005122       0x98 ../../applications/temperature-humidity/build/stm32l4xx_hal_i2c.o
 .text.HAL_I2C_Init
                0x00000000080051ba       0xbc ../../applications/temperature-humidity/build/stm32l4xx_hal_i2c.o
                0x00000000080051ba                HAL_I2C_Init
 *fill*         0x0000000008005276        0x2 
 .text.HAL_I2C_Master_Transmit
                0x0000000008005278      0x178 ../../applications/temperature-humidity/build/stm32l4xx_hal_i2c.o
                0x0000000008005278                HAL_I2C_Master_Transmit
 .text.HAL_I2C_Master_Receive
                0x00000000080053f0      0x178 ../../applications/temperature-humidity/build/stm32l4xx_hal_i2c.o
                0x00000000080053f0                HAL_I2C_Master_Receive
 .text.HAL_I2CEx_ConfigAnalogFilter
                0x0000000008005568       0x5c ../../applications/temperature-humidity/build/stm32l4xx_hal_i2c_ex.o
                0x0000000008005568                HAL_I2CEx_ConfigAnalogFilter
 .text.HAL_I2CEx_ConfigDigitalFilter
                0x00000000080055c4       0x58 ../../applications/temperature-humidity/build/stm32l4xx_hal_i2c_ex.o
                0x00000000080055c4                HAL_I2CEx_ConfigDigitalFilter
 .text.HAL_SPI_Init
                0x000000000800561c       0xb0 ../../applications/temperature-humidity/build/stm32l4xx_hal_spi.o
                0x000000000800561c                HAL_SPI_Init
 .text.HAL_SPI_ErrorCallback
                0x00000000080056cc        0x2 ../../applications/temperature-humidity/build/stm32l4xx_hal_spi.o
                0x00000000080056cc                HAL_SPI_ErrorCallback
 *fill*         0x00000000080056ce        0x2 
 .text.HAL_SPI_IRQHandler
                0x00000000080056d0      0x118 ../../applications/temperature-humidity/build/stm32l4xx_hal_spi.o
                0x00000000080056d0                HAL_SPI_IRQHandler
 .text.SPI_DMAAbortOnError
                0x00000000080057e8       0x12 ../../applications/temperature-humidity/build/stm32l4xx_hal_spi.o
 .text.HAL_IWDG_Init
                0x00000000080057fa       0x58 ../../applications/temperature-humidity/build/stm32l4xx_hal_iwdg.o
                0x00000000080057fa                HAL_IWDG_Init
 .text.UART_EndRxTransfer
                0x0000000008005852       0x20 ../../applications/temperature-humidity/build/stm32l4xx_hal_uart.o
 .text.HAL_UART_TxCpltCallback
                0x0000000008005872        0x2 ../../applications/temperature-humidity/build/stm32l4xx_hal_uart.o
                0x0000000008005872                HAL_UART_TxCpltCallback
 .text.UART_EndTransmit_IT
                0x0000000008005874       0x1c ../../applications/temperature-humidity/build/stm32l4xx_hal_uart.o
 .text.HAL_UART_ErrorCallback
                0x0000000008005890        0x2 ../../applications/temperature-humidity/build/stm32l4xx_hal_uart.o
                0x0000000008005890                HAL_UART_ErrorCallback
 *fill*         0x0000000008005892        0x2 
 .text.HAL_UART_IRQHandler
                0x0000000008005894      0x15c ../../applications/temperature-humidity/build/stm32l4xx_hal_uart.o
                0x0000000008005894                HAL_UART_IRQHandler
 .text.UART_DMAAbortOnError
                0x00000000080059f0       0x14 ../../applications/temperature-humidity/build/stm32l4xx_hal_uart.o
 .text.UART_SetConfig
                0x0000000008005a04      0x410 ../../applications/temperature-humidity/build/stm32l4xx_hal_uart.o
                0x0000000008005a04                UART_SetConfig
 .text.UART_AdvFeatureConfig
                0x0000000008005e14       0xca ../../applications/temperature-humidity/build/stm32l4xx_hal_uart.o
                0x0000000008005e14                UART_AdvFeatureConfig
 .text.UART_WaitOnFlagUntilTimeout
                0x0000000008005ede       0x64 ../../applications/temperature-humidity/build/stm32l4xx_hal_uart.o
                0x0000000008005ede                UART_WaitOnFlagUntilTimeout
 .text.HAL_UART_Transmit
                0x0000000008005f42       0xd0 ../../applications/temperature-humidity/build/stm32l4xx_hal_uart.o
                0x0000000008005f42                HAL_UART_Transmit
 .text.UART_CheckIdleState
                0x0000000008006012       0x70 ../../applications/temperature-humidity/build/stm32l4xx_hal_uart.o
                0x0000000008006012                UART_CheckIdleState
 .text.HAL_UART_Init
                0x0000000008006082       0x68 ../../applications/temperature-humidity/build/stm32l4xx_hal_uart.o
                0x0000000008006082                HAL_UART_Init
 .text.HAL_UARTEx_WakeupCallback
                0x00000000080060ea        0x2 ../../applications/temperature-humidity/build/stm32l4xx_hal_uart_ex.o
                0x00000000080060ea                HAL_UARTEx_WakeupCallback
 .text.HAL_TIM_Base_MspInit
                0x00000000080060ec        0x2 ../../applications/temperature-humidity/build/stm32l4xx_hal_tim.o
                0x00000000080060ec                HAL_TIM_Base_MspInit
 *fill*         0x00000000080060ee        0x2 
 .text.HAL_TIM_Base_Start_IT
                0x00000000080060f0       0x34 ../../applications/temperature-humidity/build/stm32l4xx_hal_tim.o
                0x00000000080060f0                HAL_TIM_Base_Start_IT
 .text.HAL_TIM_OC_DelayElapsedCallback
                0x0000000008006124        0x2 ../../applications/temperature-humidity/build/stm32l4xx_hal_tim.o
                0x0000000008006124                HAL_TIM_OC_DelayElapsedCallback
 .text.HAL_TIM_IC_CaptureCallback
                0x0000000008006126        0x2 ../../applications/temperature-humidity/build/stm32l4xx_hal_tim.o
                0x0000000008006126                HAL_TIM_IC_CaptureCallback
 .text.HAL_TIM_PWM_PulseFinishedCallback
                0x0000000008006128        0x2 ../../applications/temperature-humidity/build/stm32l4xx_hal_tim.o
                0x0000000008006128                HAL_TIM_PWM_PulseFinishedCallback
 .text.HAL_TIM_TriggerCallback
                0x000000000800612a        0x2 ../../applications/temperature-humidity/build/stm32l4xx_hal_tim.o
                0x000000000800612a                HAL_TIM_TriggerCallback
 .text.HAL_TIM_IRQHandler
                0x000000000800612c      0x19a ../../applications/temperature-humidity/build/stm32l4xx_hal_tim.o
                0x000000000800612c                HAL_TIM_IRQHandler
 *fill*         0x00000000080062c6        0x2 
 .text.TIM_Base_SetConfig
                0x00000000080062c8       0xc8 ../../applications/temperature-humidity/build/stm32l4xx_hal_tim.o
                0x00000000080062c8                TIM_Base_SetConfig
 .text.HAL_TIM_Base_Init
                0x0000000008006390       0x32 ../../applications/temperature-humidity/build/stm32l4xx_hal_tim.o
                0x0000000008006390                HAL_TIM_Base_Init
 .text.HAL_TIMEx_CommutationCallback
                0x00000000080063c2        0x2 ../../applications/temperature-humidity/build/stm32l4xx_hal_tim_ex.o
                0x00000000080063c2                HAL_TIMEx_CommutationCallback
 .text.HAL_TIMEx_BreakCallback
                0x00000000080063c4        0x2 ../../applications/temperature-humidity/build/stm32l4xx_hal_tim_ex.o
                0x00000000080063c4                HAL_TIMEx_BreakCallback
 .text.HAL_TIMEx_Break2Callback
                0x00000000080063c6        0x2 ../../applications/temperature-humidity/build/stm32l4xx_hal_tim_ex.o
                0x00000000080063c6                HAL_TIMEx_Break2Callback
 .text.HAL_Init
                0x00000000080063c8       0x1e ../../applications/temperature-humidity/build/stm32l4xx_hal.o
                0x00000000080063c8                HAL_Init
 *fill*         0x00000000080063e6        0x2 
 .text.HAL_IncTick
                0x00000000080063e8       0x10 ../../applications/temperature-humidity/build/stm32l4xx_hal.o
                0x00000000080063e8                HAL_IncTick
 .text.HAL_GetTick
                0x00000000080063f8        0xc ../../applications/temperature-humidity/build/stm32l4xx_hal.o
                0x00000000080063f8                HAL_GetTick
 .text.HAL_Delay
                0x0000000008006404       0x1e ../../applications/temperature-humidity/build/stm32l4xx_hal.o
                0x0000000008006404                HAL_Delay
 *fill*         0x0000000008006422        0x2 
 .text.RCC_SetFlashLatencyFromMSIRange
                0x0000000008006424       0x90 ../../applications/temperature-humidity/build/stm32l4xx_hal_rcc.o
 .text.HAL_RCC_GetSysClockFreq
                0x00000000080064b4       0xd8 ../../applications/temperature-humidity/build/stm32l4xx_hal_rcc.o
                0x00000000080064b4                HAL_RCC_GetSysClockFreq
 .text.HAL_RCC_OscConfig
                0x000000000800658c      0x5b4 ../../applications/temperature-humidity/build/stm32l4xx_hal_rcc.o
                0x000000000800658c                HAL_RCC_OscConfig
 .text.HAL_RCC_ClockConfig
                0x0000000008006b40      0x154 ../../applications/temperature-humidity/build/stm32l4xx_hal_rcc.o
                0x0000000008006b40                HAL_RCC_ClockConfig
 .text.HAL_RCC_GetHCLKFreq
                0x0000000008006c94        0xc ../../applications/temperature-humidity/build/stm32l4xx_hal_rcc.o
                0x0000000008006c94                HAL_RCC_GetHCLKFreq
 .text.HAL_RCC_GetPCLK1Freq
                0x0000000008006ca0       0x24 ../../applications/temperature-humidity/build/stm32l4xx_hal_rcc.o
                0x0000000008006ca0                HAL_RCC_GetPCLK1Freq
 .text.HAL_RCC_GetPCLK2Freq
                0x0000000008006cc4       0x24 ../../applications/temperature-humidity/build/stm32l4xx_hal_rcc.o
                0x0000000008006cc4                HAL_RCC_GetPCLK2Freq
 .text.HAL_RCC_GetClockConfig
                0x0000000008006ce8       0x3c ../../applications/temperature-humidity/build/stm32l4xx_hal_rcc.o
                0x0000000008006ce8                HAL_RCC_GetClockConfig
 .text.RCCEx_PLLSAI1_Config
                0x0000000008006d24      0x17c ../../applications/temperature-humidity/build/stm32l4xx_hal_rcc_ex.o
 .text.RCCEx_PLLSAI2_Config
                0x0000000008006ea0      0x158 ../../applications/temperature-humidity/build/stm32l4xx_hal_rcc_ex.o
 .text.HAL_RCCEx_PeriphCLKConfig
                0x0000000008006ff8      0x474 ../../applications/temperature-humidity/build/stm32l4xx_hal_rcc_ex.o
                0x0000000008006ff8                HAL_RCCEx_PeriphCLKConfig
 .text.HAL_GPIO_Init
                0x000000000800746c      0x1b8 ../../applications/temperature-humidity/build/stm32l4xx_hal_gpio.o
                0x000000000800746c                HAL_GPIO_Init
 .text.HAL_GPIO_WritePin
                0x0000000008007624        0xa ../../applications/temperature-humidity/build/stm32l4xx_hal_gpio.o
                0x0000000008007624                HAL_GPIO_WritePin
 .text.HAL_GPIO_TogglePin
                0x000000000800762e        0x8 ../../applications/temperature-humidity/build/stm32l4xx_hal_gpio.o
                0x000000000800762e                HAL_GPIO_TogglePin
 .text.HAL_DMA_Abort_IT
                0x0000000008007636       0x50 ../../applications/temperature-humidity/build/stm32l4xx_hal_dma.o
                0x0000000008007636                HAL_DMA_Abort_IT
 *fill*         0x0000000008007686        0x2 
 .text.HAL_PWREx_GetVoltageRange
                0x0000000008007688       0x10 ../../applications/temperature-humidity/build/stm32l4xx_hal_pwr_ex.o
                0x0000000008007688                HAL_PWREx_GetVoltageRange
 .text.HAL_PWREx_ControlVoltageScaling
                0x0000000008007698       0x90 ../../applications/temperature-humidity/build/stm32l4xx_hal_pwr_ex.o
                0x0000000008007698                HAL_PWREx_ControlVoltageScaling
 .text.HAL_PWREx_EnableVddIO2
                0x0000000008007728       0x10 ../../applications/temperature-humidity/build/stm32l4xx_hal_pwr_ex.o
                0x0000000008007728                HAL_PWREx_EnableVddIO2
 .text.HAL_NVIC_SetPriorityGrouping
                0x0000000008007738       0x24 ../../applications/temperature-humidity/build/stm32l4xx_hal_cortex.o
                0x0000000008007738                HAL_NVIC_SetPriorityGrouping
 .text.HAL_NVIC_SetPriority
                0x000000000800775c       0x64 ../../applications/temperature-humidity/build/stm32l4xx_hal_cortex.o
                0x000000000800775c                HAL_NVIC_SetPriority
 .text.HAL_NVIC_EnableIRQ
                0x00000000080077c0       0x18 ../../applications/temperature-humidity/build/stm32l4xx_hal_cortex.o
                0x00000000080077c0                HAL_NVIC_EnableIRQ
 .text.prvGetNextExpireTime
                0x00000000080077d8       0x20 ../../applications/temperature-humidity/build/timers.o
 .text.prvInsertTimerInActiveList
                0x00000000080077f8       0x48 ../../applications/temperature-humidity/build/timers.o
 .text.prvCheckForValidListAndQueue
                0x0000000008007840       0x5c ../../applications/temperature-humidity/build/timers.o
 .text.prvInitialiseNewTimer
                0x000000000800789c       0x40 ../../applications/temperature-humidity/build/timers.o
 .text.xTimerCreateTimerTask
                0x00000000080078dc       0x54 ../../applications/temperature-humidity/build/timers.o
                0x00000000080078dc                xTimerCreateTimerTask
 .text.xTimerCreate
                0x0000000008007930       0x32 ../../applications/temperature-humidity/build/timers.o
                0x0000000008007930                xTimerCreate
 *fill*         0x0000000008007962        0x2 
 .text.xTimerGenericCommand
                0x0000000008007964       0x6c ../../applications/temperature-humidity/build/timers.o
                0x0000000008007964                xTimerGenericCommand
 .text.prvSwitchTimerLists
                0x00000000080079d0       0x78 ../../applications/temperature-humidity/build/timers.o
 .text.prvSampleTimeNow
                0x0000000008007a48       0x2c ../../applications/temperature-humidity/build/timers.o
 .text.prvProcessExpiredTimer
                0x0000000008007a74       0x60 ../../applications/temperature-humidity/build/timers.o
 .text.prvProcessTimerOrBlockTask
                0x0000000008007ad4       0x74 ../../applications/temperature-humidity/build/timers.o
 .text.prvProcessReceivedCommands
                0x0000000008007b48       0xe0 ../../applications/temperature-humidity/build/timers.o
 .text.prvTimerTask
                0x0000000008007c28       0x16 ../../applications/temperature-humidity/build/timers.o
 .text.prvIsQueueFull
                0x0000000008007c3e       0x1e ../../applications/temperature-humidity/build/queue.o
 .text.prvIsQueueEmpty
                0x0000000008007c5c       0x1a ../../applications/temperature-humidity/build/queue.o
 .text.prvCopyDataToQueue
                0x0000000008007c76       0x76 ../../applications/temperature-humidity/build/queue.o
 .text.prvCopyDataFromQueue
                0x0000000008007cec       0x24 ../../applications/temperature-humidity/build/queue.o
 .text.prvUnlockQueue
                0x0000000008007d10       0x6e ../../applications/temperature-humidity/build/queue.o
 *fill*         0x0000000008007d7e        0x2 
 .text.xQueueGenericReset
                0x0000000008007d80       0x80 ../../applications/temperature-humidity/build/queue.o
                0x0000000008007d80                xQueueGenericReset
 .text.prvInitialiseNewQueue
                0x0000000008007e00       0x1c ../../applications/temperature-humidity/build/queue.o
 .text.xQueueGenericCreate
                0x0000000008007e1c       0x48 ../../applications/temperature-humidity/build/queue.o
                0x0000000008007e1c                xQueueGenericCreate
 .text.xQueueGenericSend
                0x0000000008007e64      0x188 ../../applications/temperature-humidity/build/queue.o
                0x0000000008007e64                xQueueGenericSend
 .text.xQueueGenericSendFromISR
                0x0000000008007fec       0xde ../../applications/temperature-humidity/build/queue.o
                0x0000000008007fec                xQueueGenericSendFromISR
 *fill*         0x00000000080080ca        0x2 
 .text.xQueueReceive
                0x00000000080080cc      0x15c ../../applications/temperature-humidity/build/queue.o
                0x00000000080080cc                xQueueReceive
 .text.vQueueAddToRegistry
                0x0000000008008228       0x28 ../../applications/temperature-humidity/build/queue.o
                0x0000000008008228                vQueueAddToRegistry
 .text.vQueueWaitForMessageRestricted
                0x0000000008008250       0x52 ../../applications/temperature-humidity/build/queue.o
                0x0000000008008250                vQueueWaitForMessageRestricted
 .text.vListInitialise
                0x00000000080082a2       0x16 ../../applications/temperature-humidity/build/list.o
                0x00000000080082a2                vListInitialise
 .text.vListInitialiseItem
                0x00000000080082b8        0x6 ../../applications/temperature-humidity/build/list.o
                0x00000000080082b8                vListInitialiseItem
 .text.vListInsertEnd
                0x00000000080082be       0x18 ../../applications/temperature-humidity/build/list.o
                0x00000000080082be                vListInsertEnd
 .text.vListInsert
                0x00000000080082d6       0x34 ../../applications/temperature-humidity/build/list.o
                0x00000000080082d6                vListInsert
 .text.uxListRemove
                0x000000000800830a       0x28 ../../applications/temperature-humidity/build/list.o
                0x000000000800830a                uxListRemove
 *fill*         0x0000000008008332        0x2 
 .text.prvResetNextTaskUnblockTime
                0x0000000008008334       0x34 ../../applications/temperature-humidity/build/tasks.o
 .text.prvDeleteTCB
                0x0000000008008368       0x12 ../../applications/temperature-humidity/build/tasks.o
 .text.prvInitialiseNewTask
                0x000000000800837a       0x80 ../../applications/temperature-humidity/build/tasks.o
 *fill*         0x00000000080083fa        0x2 
 .text.prvInitialiseTaskLists
                0x00000000080083fc       0x68 ../../applications/temperature-humidity/build/tasks.o
 .text.prvAddNewTaskToReadyList
                0x0000000008008464       0xa8 ../../applications/temperature-humidity/build/tasks.o
 .text.prvCheckTasksWaitingTermination
                0x000000000800850c       0x4c ../../applications/temperature-humidity/build/tasks.o
 .text.prvIdleTask
                0x0000000008008558       0x28 ../../applications/temperature-humidity/build/tasks.o
 .text.prvAddCurrentTaskToDelayedList
                0x0000000008008580       0x98 ../../applications/temperature-humidity/build/tasks.o
 .text.xTaskCreate
                0x0000000008008618       0x62 ../../applications/temperature-humidity/build/tasks.o
                0x0000000008008618                xTaskCreate
 *fill*         0x000000000800867a        0x2 
 .text.vTaskStartScheduler
                0x000000000800867c       0x84 ../../applications/temperature-humidity/build/tasks.o
                0x000000000800867c                vTaskStartScheduler
 .text.vTaskSuspendAll
                0x0000000008008700       0x10 ../../applications/temperature-humidity/build/tasks.o
                0x0000000008008700                vTaskSuspendAll
 .text.xTaskGetTickCount
                0x0000000008008710        0xc ../../applications/temperature-humidity/build/tasks.o
                0x0000000008008710                xTaskGetTickCount
 .text.xTaskIncrementTick
                0x000000000800871c      0x120 ../../applications/temperature-humidity/build/tasks.o
                0x000000000800871c                xTaskIncrementTick
 .text.xTaskResumeAll
                0x000000000800883c       0xfc ../../applications/temperature-humidity/build/tasks.o
                0x000000000800883c                xTaskResumeAll
 .text.vTaskDelay
                0x0000000008008938       0x50 ../../applications/temperature-humidity/build/tasks.o
                0x0000000008008938                vTaskDelay
 .text.vTaskSwitchContext
                0x0000000008008988       0x9c ../../applications/temperature-humidity/build/tasks.o
                0x0000000008008988                vTaskSwitchContext
 .text.vTaskPlaceOnEventList
                0x0000000008008a24       0x30 ../../applications/temperature-humidity/build/tasks.o
                0x0000000008008a24                vTaskPlaceOnEventList
 .text.vTaskPlaceOnEventListRestricted
                0x0000000008008a54       0x38 ../../applications/temperature-humidity/build/tasks.o
                0x0000000008008a54                vTaskPlaceOnEventListRestricted
 .text.xTaskRemoveFromEventList
                0x0000000008008a8c       0x8c ../../applications/temperature-humidity/build/tasks.o
                0x0000000008008a8c                xTaskRemoveFromEventList
 .text.vTaskInternalSetTimeOutState
                0x0000000008008b18       0x18 ../../applications/temperature-humidity/build/tasks.o
                0x0000000008008b18                vTaskInternalSetTimeOutState
 .text.xTaskCheckForTimeOut
                0x0000000008008b30       0x80 ../../applications/temperature-humidity/build/tasks.o
                0x0000000008008b30                xTaskCheckForTimeOut
 .text.vTaskMissedYield
                0x0000000008008bb0        0xc ../../applications/temperature-humidity/build/tasks.o
                0x0000000008008bb0                vTaskMissedYield
 .text.xTaskGetSchedulerState
                0x0000000008008bbc       0x20 ../../applications/temperature-humidity/build/tasks.o
                0x0000000008008bbc                xTaskGetSchedulerState
 .text.xTaskPriorityDisinherit
                0x0000000008008bdc       0xb4 ../../applications/temperature-humidity/build/tasks.o
                0x0000000008008bdc                xTaskPriorityDisinherit
 .text.makeFreeRtosPriority
                0x0000000008008c90        0xc ../../applications/temperature-humidity/build/cmsis_os.o
 .text.inHandlerMode
                0x0000000008008c9c        0xc ../../applications/temperature-humidity/build/cmsis_os.o
 .text.osKernelStart
                0x0000000008008ca8        0xa ../../applications/temperature-humidity/build/cmsis_os.o
                0x0000000008008ca8                osKernelStart
 .text.osThreadCreate
                0x0000000008008cb2       0x34 ../../applications/temperature-humidity/build/cmsis_os.o
                0x0000000008008cb2                osThreadCreate
 .text.osDelay  0x0000000008008ce6       0x12 ../../applications/temperature-humidity/build/cmsis_os.o
                0x0000000008008ce6                osDelay
 .text.osTimerCreate
                0x0000000008008cf8       0x28 ../../applications/temperature-humidity/build/cmsis_os.o
                0x0000000008008cf8                osTimerCreate
 .text.osTimerStart
                0x0000000008008d20       0x6c ../../applications/temperature-humidity/build/cmsis_os.o
                0x0000000008008d20                osTimerStart
 .text.prvHeapInit
                0x0000000008008d8c       0x64 ../../applications/temperature-humidity/build/heap_4.o
 .text.prvInsertBlockIntoFreeList
                0x0000000008008df0       0x58 ../../applications/temperature-humidity/build/heap_4.o
 .text.pvPortMalloc
                0x0000000008008e48      0x108 ../../applications/temperature-humidity/build/heap_4.o
                0x0000000008008e48                pvPortMalloc
 .text.vPortFree
                0x0000000008008f50       0x70 ../../applications/temperature-humidity/build/heap_4.o
                0x0000000008008f50                vPortFree
 .text.prvTaskExitError
                0x0000000008008fc0       0x40 ../../applications/temperature-humidity/build/port.o
 .text.prvPortStartFirstTask
                0x0000000008009000       0x28 ../../applications/temperature-humidity/build/port.o
 .text.vPortEnableVFP
                0x0000000008009028       0x14 ../../applications/temperature-humidity/build/port.o
 .text.pxPortInitialiseStack
                0x000000000800903c       0x2c ../../applications/temperature-humidity/build/port.o
                0x000000000800903c                pxPortInitialiseStack
 *fill*         0x0000000008009068        0x8 
 .text.SVC_Handler
                0x0000000008009070       0x24 ../../applications/temperature-humidity/build/port.o
                0x0000000008009070                SVC_Handler
 .text.vPortEnterCritical
                0x0000000008009094       0x44 ../../applications/temperature-humidity/build/port.o
                0x0000000008009094                vPortEnterCritical
 .text.vPortExitCritical
                0x00000000080090d8       0x2c ../../applications/temperature-humidity/build/port.o
                0x00000000080090d8                vPortExitCritical
 *fill*         0x0000000008009104        0xc 
 .text.PendSV_Handler
                0x0000000008009110       0x64 ../../applications/temperature-humidity/build/port.o
                0x0000000008009110                PendSV_Handler
 .text.SysTick_Handler
                0x0000000008009174       0x2c ../../applications/temperature-humidity/build/port.o
                0x0000000008009174                SysTick_Handler
 .text.vPortSetupTimerInterrupt
                0x00000000080091a0       0x38 ../../applications/temperature-humidity/build/port.o
                0x00000000080091a0                vPortSetupTimerInterrupt
 .text.xPortStartScheduler
                0x00000000080091d8      0x110 ../../applications/temperature-humidity/build/port.o
                0x00000000080091d8                xPortStartScheduler
 .text.vPortValidateInterruptPriority
                0x00000000080092e8       0x5c ../../applications/temperature-humidity/build/port.o
                0x00000000080092e8                vPortValidateInterruptPriority
 .text.SystemInit
                0x0000000008009344       0x48 ../../applications/temperature-humidity/build/system_stm32l4xx.o
                0x0000000008009344                SystemInit
 .text.OCTA_NVIC_Initialize
                0x000000000800938c       0x44 ../../applications/temperature-humidity/build/octa.o
                0x000000000800938c                OCTA_NVIC_Initialize
 .text.OCTA_Initialize_Common_Peripherals
                0x00000000080093d0       0x1c ../../applications/temperature-humidity/build/octa.o
                0x00000000080093d0                OCTA_Initialize_Common_Peripherals
 .text.OCTA_Initialize_P1_Peripherals
                0x00000000080093ec       0x54 ../../applications/temperature-humidity/build/octa.o
                0x00000000080093ec                OCTA_Initialize_P1_Peripherals
 .text.OCTA_Initialize_P2_Peripherals
                0x0000000008009440       0x54 ../../applications/temperature-humidity/build/octa.o
                0x0000000008009440                OCTA_Initialize_P2_Peripherals
 .text.OCTA_Initialize_P3_Peripherals
                0x0000000008009494       0x54 ../../applications/temperature-humidity/build/octa.o
                0x0000000008009494                OCTA_Initialize_P3_Peripherals
 .text.OCTA_Initialize_Platform
                0x00000000080094e8       0x18 ../../applications/temperature-humidity/build/octa.o
                0x00000000080094e8                OCTA_Initialize_Platform
 .text.USB_UART_Init
                0x0000000008009500       0x34 ../../applications/temperature-humidity/build/uart.o
                0x0000000008009500                USB_UART_Init
 .text.__io_putchar
                0x0000000008009534       0x24 ../../applications/temperature-humidity/build/uart.o
                0x0000000008009534                __io_putchar
 .text._write   0x0000000008009558       0x1c ../../applications/temperature-humidity/build/uart.o
                0x0000000008009558                _write
 .text.common_I2C_Init
                0x0000000008009574       0x58 ../../applications/temperature-humidity/build/i2c.o
                0x0000000008009574                common_I2C_Init
 .text.FLASH_SPI_Init
                0x00000000080095cc       0x4c ../../applications/temperature-humidity/build/spi.o
                0x00000000080095cc                FLASH_SPI_Init
 .text.OCTA_IWDG_Init
                0x0000000008009618       0x2c ../../applications/temperature-humidity/build/iwdg.o
                0x0000000008009618                OCTA_IWDG_Init
 .text.IWDG_feed
                0x0000000008009644       0x10 ../../applications/temperature-humidity/build/iwdg.o
                0x0000000008009644                IWDG_feed
 .text.OCTA_GPIO_Init
                0x0000000008009654      0x33c ../../applications/temperature-humidity/build/gpio.o
                0x0000000008009654                OCTA_GPIO_Init
 .text.SystemClock_Config
                0x0000000008009990       0xb8 ../../applications/temperature-humidity/build/sysclock.o
                0x0000000008009990                SystemClock_Config
 .text.HAL_MspInit
                0x0000000008009a48       0x40 ../../applications/temperature-humidity/build/stm32l4xx_hal_msp.o
                0x0000000008009a48                HAL_MspInit
 .text.HAL_I2C_MspInit
                0x0000000008009a88      0x18c ../../applications/temperature-humidity/build/stm32l4xx_hal_msp.o
                0x0000000008009a88                HAL_I2C_MspInit
 .text.HAL_UART_MspInit
                0x0000000008009c14      0x188 ../../applications/temperature-humidity/build/stm32l4xx_hal_msp.o
                0x0000000008009c14                HAL_UART_MspInit
 .text.HAL_SPI_MspInit
                0x0000000008009d9c      0x160 ../../applications/temperature-humidity/build/stm32l4xx_hal_msp.o
                0x0000000008009d9c                HAL_SPI_MspInit
 .text.HAL_InitTick
                0x0000000008009efc       0x78 ../../applications/temperature-humidity/build/stm32l4xx_hal_timebase_tim.o
                0x0000000008009efc                HAL_InitTick
 .text.NMI_Handler
                0x0000000008009f74        0x2 ../../applications/temperature-humidity/build/stm32l4xx_it.o
                0x0000000008009f74                NMI_Handler
 .text.HardFault_Handler
                0x0000000008009f76        0x2 ../../applications/temperature-humidity/build/stm32l4xx_it.o
                0x0000000008009f76                HardFault_Handler
 .text.MemManage_Handler
                0x0000000008009f78        0x2 ../../applications/temperature-humidity/build/stm32l4xx_it.o
                0x0000000008009f78                MemManage_Handler
 .text.BusFault_Handler
                0x0000000008009f7a        0x2 ../../applications/temperature-humidity/build/stm32l4xx_it.o
                0x0000000008009f7a                BusFault_Handler
 .text.UsageFault_Handler
                0x0000000008009f7c        0x2 ../../applications/temperature-humidity/build/stm32l4xx_it.o
                0x0000000008009f7c                UsageFault_Handler
 .text.DebugMon_Handler
                0x0000000008009f7e        0x2 ../../applications/temperature-humidity/build/stm32l4xx_it.o
                0x0000000008009f7e                DebugMon_Handler
 .text.TIM1_UP_TIM16_IRQHandler
                0x0000000008009f80       0x10 ../../applications/temperature-humidity/build/stm32l4xx_it.o
                0x0000000008009f80                TIM1_UP_TIM16_IRQHandler
 .text.USART2_IRQHandler
                0x0000000008009f90       0x10 ../../applications/temperature-humidity/build/stm32l4xx_it.o
                0x0000000008009f90                USART2_IRQHandler
 .text.USART3_IRQHandler
                0x0000000008009fa0       0x10 ../../applications/temperature-humidity/build/stm32l4xx_it.o
                0x0000000008009fa0                USART3_IRQHandler
 .text.UART5_IRQHandler
                0x0000000008009fb0       0x10 ../../applications/temperature-humidity/build/stm32l4xx_it.o
                0x0000000008009fb0                UART5_IRQHandler
 .text.SPI1_IRQHandler
                0x0000000008009fc0       0x10 ../../applications/temperature-humidity/build/stm32l4xx_it.o
                0x0000000008009fc0                SPI1_IRQHandler
 .text.SPI2_IRQHandler
                0x0000000008009fd0       0x10 ../../applications/temperature-humidity/build/stm32l4xx_it.o
                0x0000000008009fd0                SPI2_IRQHandler
 .text.SPI3_IRQHandler
                0x0000000008009fe0       0x10 ../../applications/temperature-humidity/build/stm32l4xx_it.o
                0x0000000008009fe0                SPI3_IRQHandler
 .text.setI2CInterface_SHT31
                0x0000000008009ff0        0xc ../../applications/temperature-humidity/build/sht31.o
                0x0000000008009ff0                setI2CInterface_SHT31
 .text.WRITE_REGISTER_SHT31
                0x0000000008009ffc       0x24 ../../applications/temperature-humidity/build/sht31.o
                0x0000000008009ffc                WRITE_REGISTER_SHT31
 .text.READ_REG_SHT31
                0x000000000800a020       0x24 ../../applications/temperature-humidity/build/sht31.o
                0x000000000800a020                READ_REG_SHT31
 .text.writeCommand
                0x000000000800a044       0x1c ../../applications/temperature-humidity/build/sht31.o
                0x000000000800a044                writeCommand
 .text.SHT31_reset
                0x000000000800a060        0xc ../../applications/temperature-humidity/build/sht31.o
                0x000000000800a060                SHT31_reset
 .text.SHT31_begin
                0x000000000800a06c        0xa ../../applications/temperature-humidity/build/sht31.o
                0x000000000800a06c                SHT31_begin
 *fill*         0x000000000800a076        0x2 
 .text.readTempHum
                0x000000000800a078       0xa0 ../../applications/temperature-humidity/build/sht31.o
                0x000000000800a078                readTempHum
 .text.SHT31_get_temp_hum
                0x000000000800a118       0x20 ../../applications/temperature-humidity/build/sht31.o
                0x000000000800a118                SHT31_get_temp_hum
 .text.Reset_Handler
                0x000000000800a138       0x50 ../../applications/temperature-humidity/build/startup_stm32l496xx.o
                0x000000000800a138                Reset_Handler
 .text.Default_Handler
                0x000000000800a188        0x2 ../../applications/temperature-humidity/build/startup_stm32l496xx.o
                0x000000000800a188                RTC_Alarm_IRQHandler
                0x000000000800a188                EXTI2_IRQHandler
                0x000000000800a188                TIM8_TRG_COM_IRQHandler
                0x000000000800a188                TIM8_CC_IRQHandler
                0x000000000800a188                TIM1_CC_IRQHandler
                0x000000000800a188                TSC_IRQHandler
                0x000000000800a188                TAMP_STAMP_IRQHandler
                0x000000000800a188                CAN2_RX1_IRQHandler
                0x000000000800a188                EXTI3_IRQHandler
                0x000000000800a188                LPTIM2_IRQHandler
                0x000000000800a188                DFSDM1_FLT1_IRQHandler
                0x000000000800a188                I2C3_ER_IRQHandler
                0x000000000800a188                DFSDM1_FLT2_IRQHandler
                0x000000000800a188                EXTI0_IRQHandler
                0x000000000800a188                I2C2_EV_IRQHandler
                0x000000000800a188                CAN1_RX0_IRQHandler
                0x000000000800a188                FPU_IRQHandler
                0x000000000800a188                CAN2_SCE_IRQHandler
                0x000000000800a188                ADC1_2_IRQHandler
                0x000000000800a188                TIM6_DAC_IRQHandler
                0x000000000800a188                DCMI_IRQHandler
                0x000000000800a188                CAN2_RX0_IRQHandler
                0x000000000800a188                TIM8_UP_IRQHandler
                0x000000000800a188                DMA2_Channel2_IRQHandler
                0x000000000800a188                DMA1_Channel4_IRQHandler
                0x000000000800a188                SAI2_IRQHandler
                0x000000000800a188                DFSDM1_FLT3_IRQHandler
                0x000000000800a188                DMA1_Channel7_IRQHandler
                0x000000000800a188                CAN1_RX1_IRQHandler
                0x000000000800a188                LCD_IRQHandler
                0x000000000800a188                ADC3_IRQHandler
                0x000000000800a188                TIM4_IRQHandler
                0x000000000800a188                DMA2_Channel1_IRQHandler
                0x000000000800a188                QUADSPI_IRQHandler
                0x000000000800a188                I2C1_EV_IRQHandler
                0x000000000800a188                DMA1_Channel6_IRQHandler
                0x000000000800a188                UART4_IRQHandler
                0x000000000800a188                DMA2_Channel4_IRQHandler
                0x000000000800a188                TIM3_IRQHandler
                0x000000000800a188                RCC_IRQHandler
                0x000000000800a188                DMA1_Channel1_IRQHandler
                0x000000000800a188                Default_Handler
                0x000000000800a188                DMA2_Channel7_IRQHandler
                0x000000000800a188                EXTI15_10_IRQHandler
                0x000000000800a188                TIM7_IRQHandler
                0x000000000800a188                SDMMC1_IRQHandler
                0x000000000800a188                CAN2_TX_IRQHandler
                0x000000000800a188                TIM5_IRQHandler
                0x000000000800a188                I2C3_EV_IRQHandler
                0x000000000800a188                EXTI9_5_IRQHandler
                0x000000000800a188                RTC_WKUP_IRQHandler
                0x000000000800a188                PVD_PVM_IRQHandler
                0x000000000800a188                CAN1_TX_IRQHandler
                0x000000000800a188                DMA2_Channel5_IRQHandler
                0x000000000800a188                CRS_IRQHandler
                0x000000000800a188                DMA1_Channel5_IRQHandler
                0x000000000800a188                EXTI4_IRQHandler
                0x000000000800a188                RNG_IRQHandler
                0x000000000800a188                TIM1_TRG_COM_TIM17_IRQHandler
                0x000000000800a188                DMA1_Channel3_IRQHandler
                0x000000000800a188                COMP_IRQHandler
                0x000000000800a188                WWDG_IRQHandler
                0x000000000800a188                I2C4_EV_IRQHandler
                0x000000000800a188                LPUART1_IRQHandler
                0x000000000800a188                DMA2_Channel6_IRQHandler
                0x000000000800a188                TIM2_IRQHandler
                0x000000000800a188                EXTI1_IRQHandler
                0x000000000800a188                DFSDM1_FLT0_IRQHandler
                0x000000000800a188                I2C2_ER_IRQHandler
                0x000000000800a188                DMA1_Channel2_IRQHandler
                0x000000000800a188                TIM8_BRK_IRQHandler
                0x000000000800a188                CAN1_SCE_IRQHandler
                0x000000000800a188                FLASH_IRQHandler
                0x000000000800a188                USART1_IRQHandler
                0x000000000800a188                OTG_FS_IRQHandler
                0x000000000800a188                I2C1_ER_IRQHandler
                0x000000000800a188                FMC_IRQHandler
                0x000000000800a188                SWPMI1_IRQHandler
                0x000000000800a188                LPTIM1_IRQHandler
                0x000000000800a188                I2C4_ER_IRQHandler
                0x000000000800a188                SAI1_IRQHandler
                0x000000000800a188                DMA2_Channel3_IRQHandler
                0x000000000800a188                TIM1_BRK_TIM15_IRQHandler
 *(.glue_7)
 .glue_7        0x000000000800a18a        0x0 linker stubs
 *(.glue_7t)
 .glue_7t       0x000000000800a18a        0x0 linker stubs
 *(.eh_frame)
 *fill*         0x000000000800a18a        0x2 
 .eh_frame      0x000000000800a18c        0x0 /usr/lib/gcc/arm-none-eabi/6.3.1/thumb/v7e-m/fpv4-sp/hard/crtbegin.o
 *(.init)
 .init          0x000000000800a18c        0x4 /usr/lib/gcc/arm-none-eabi/6.3.1/thumb/v7e-m/fpv4-sp/hard/crti.o
                0x000000000800a18c                _init
 .init          0x000000000800a190        0x8 /usr/lib/gcc/arm-none-eabi/6.3.1/thumb/v7e-m/fpv4-sp/hard/crtn.o
 *(.fini)
 .fini          0x000000000800a198        0x4 /usr/lib/gcc/arm-none-eabi/6.3.1/thumb/v7e-m/fpv4-sp/hard/crti.o
                0x000000000800a198                _fini
 .fini          0x000000000800a19c        0x8 /usr/lib/gcc/arm-none-eabi/6.3.1/thumb/v7e-m/fpv4-sp/hard/crtn.o
                0x000000000800a1a8                . = ALIGN (0x8)
 *fill*         0x000000000800a1a4        0x4 
                0x000000000800a1a8                _etext = .

.vfp11_veneer   0x000000000800a1a8        0x0
 .vfp11_veneer  0x000000000800a1a8        0x0 linker stubs

.v4_bx          0x000000000800a1a8        0x0
 .v4_bx         0x000000000800a1a8        0x0 linker stubs

.iplt           0x000000000800a1a8        0x0
 .iplt          0x000000000800a1a8        0x0 /usr/lib/gcc/arm-none-eabi/6.3.1/thumb/v7e-m/fpv4-sp/hard/crtbegin.o

.rodata         0x000000000800a1a8      0x338
                0x000000000800a1a8                . = ALIGN (0x8)
 *(.rodata)
 .rodata        0x000000000800a1a8       0x14 ../../applications/temperature-humidity/build/temperature-humidity.o
 .rodata        0x000000000800a1bc        0x4 /usr/lib/gcc/arm-none-eabi/6.3.1/../../../arm-none-eabi/lib/thumb/v7e-m/fpv4-sp/hard/libc_nano.a(lib_a-impure.o)
                0x000000000800a1bc                _global_impure_ptr
 .rodata        0x000000000800a1c0       0x60 /usr/lib/gcc/arm-none-eabi/6.3.1/../../../arm-none-eabi/lib/thumb/v7e-m/fpv4-sp/hard/libc_nano.a(lib_a-findfp.o)
                0x000000000800a1c0                __sf_fake_stderr
                0x000000000800a1e0                __sf_fake_stdout
                0x000000000800a200                __sf_fake_stdin
 .rodata        0x000000000800a220      0x128 /usr/lib/gcc/arm-none-eabi/6.3.1/../../../arm-none-eabi/lib/thumb/v7e-m/fpv4-sp/hard/libc_nano.a(lib_a-mprec.o)
                0x000000000800a230                __mprec_tens
                0x000000000800a2f8                __mprec_tinytens
                0x000000000800a320                __mprec_bigtens
 *(.rodata*)
 .rodata.main.str1.4
                0x000000000800a348       0x2d ../../applications/temperature-humidity/build/temperature-humidity.o
 *fill*         0x000000000800a375        0x3 
 .rodata.printWelcome.str1.4
                0x000000000800a378       0x55 ../../applications/temperature-humidity/build/temperature-humidity.o
 *fill*         0x000000000800a3cd        0x3 
 .rodata.print_temp_hum.str1.4
                0x000000000800a3d0       0x31 ../../applications/temperature-humidity/build/temperature-humidity.o
 *fill*         0x000000000800a401        0x3 
 .rodata.str1.4
                0x000000000800a404        0xc ../../applications/temperature-humidity/build/temperature-humidity.o
 .rodata.prvCheckForValidListAndQueue.str1.4
                0x000000000800a410        0x5 ../../applications/temperature-humidity/build/timers.o
 *fill*         0x000000000800a415        0x3 
 .rodata.xTimerCreateTimerTask.str1.4
                0x000000000800a418        0x8 ../../applications/temperature-humidity/build/timers.o
 .rodata.vTaskStartScheduler.str1.4
                0x000000000800a420        0x5 ../../applications/temperature-humidity/build/tasks.o
 .rodata.osTimerCreate.str1.4
                0x000000000800a425        0x5 ../../applications/temperature-humidity/build/cmsis_os.o
                                          0x1 (size before relaxing)
 *fill*         0x000000000800a425        0x3 
 .rodata.AHBPrescTable
                0x000000000800a428       0x10 ../../applications/temperature-humidity/build/system_stm32l4xx.o
                0x000000000800a428                AHBPrescTable
 .rodata.APBPrescTable
                0x000000000800a438        0x8 ../../applications/temperature-humidity/build/system_stm32l4xx.o
                0x000000000800a438                APBPrescTable
 .rodata.MSIRangeTable
                0x000000000800a440       0x30 ../../applications/temperature-humidity/build/system_stm32l4xx.o
                0x000000000800a440                MSIRangeTable
 .rodata.str1.4
                0x000000000800a470        0x2 /usr/lib/gcc/arm-none-eabi/6.3.1/../../../arm-none-eabi/lib/thumb/v7e-m/fpv4-sp/hard/libc_nano.a(lib_a-impure.o)
 *fill*         0x000000000800a472        0x2 
 .rodata.str1.4
                0x000000000800a474       0x12 /usr/lib/gcc/arm-none-eabi/6.3.1/../../../arm-none-eabi/lib/thumb/v7e-m/fpv4-sp/hard/libc_nano.a(lib_a-nano-vfprintf_float.o)
 *fill*         0x000000000800a486        0x2 
 .rodata.str1.4
                0x000000000800a488       0x25 /usr/lib/gcc/arm-none-eabi/6.3.1/../../../arm-none-eabi/lib/thumb/v7e-m/fpv4-sp/hard/libc_nano.a(lib_a-nano-vfprintf_i.o)
 *fill*         0x000000000800a4ad        0x3 
 .rodata.str1.4
                0x000000000800a4b0       0x10 /usr/lib/gcc/arm-none-eabi/6.3.1/../../../arm-none-eabi/lib/thumb/v7e-m/fpv4-sp/hard/libc_nano.a(lib_a-dtoa.o)
                                         0x12 (size before relaxing)
 .rodata.str1.4
                0x000000000800a4c0        0xa /usr/lib/gcc/arm-none-eabi/6.3.1/../../../arm-none-eabi/lib/thumb/v7e-m/fpv4-sp/hard/libc_nano.a(lib_a-locale.o)
                                         0x12 (size before relaxing)
 *fill*         0x000000000800a4ca        0x2 
 .rodata.str1.4
                0x000000000800a4cc       0x14 /usr/lib/gcc/arm-none-eabi/6.3.1/../../../arm-none-eabi/lib/thumb/v7e-m/fpv4-sp/hard/libc_nano.a(lib_a-nano-vfprintf.o)
                                         0x13 (size before relaxing)
                0x000000000800a4e0                . = ALIGN (0x8)

.ARM.extab      0x000000000800a4e0        0x0
                0x000000000800a4e0                . = ALIGN (0x8)
 *(.ARM.extab* .gnu.linkonce.armextab.*)
                0x000000000800a4e0                . = ALIGN (0x8)

.ARM            0x000000000800a4e0        0x8
                0x000000000800a4e0                . = ALIGN (0x8)
                0x000000000800a4e0                __exidx_start = .
 *(.ARM.exidx*)
 .ARM.exidx     0x000000000800a4e0        0x8 /usr/lib/gcc/arm-none-eabi/6.3.1/thumb/v7e-m/fpv4-sp/hard/libgcc.a(_udivmoddi4.o)
                0x000000000800a4e8                __exidx_end = .
                0x000000000800a4e8                . = ALIGN (0x8)

.rel.dyn        0x000000000800a4e8        0x0
 .rel.iplt      0x000000000800a4e8        0x0 /usr/lib/gcc/arm-none-eabi/6.3.1/thumb/v7e-m/fpv4-sp/hard/crtbegin.o

.preinit_array  0x000000000800a4e8        0x0
                0x000000000800a4e8                . = ALIGN (0x8)
                0x000000000800a4e8                PROVIDE (__preinit_array_start, .)
 *(.preinit_array*)
                0x000000000800a4e8                PROVIDE (__preinit_array_end, .)
                0x000000000800a4e8                . = ALIGN (0x8)

.init_array     0x000000000800a4e8        0x8
                0x000000000800a4e8                . = ALIGN (0x8)
                0x000000000800a4e8                PROVIDE (__init_array_start, .)
 *(SORT(.init_array.*))
 *(.init_array*)
 .init_array    0x000000000800a4e8        0x4 /usr/lib/gcc/arm-none-eabi/6.3.1/thumb/v7e-m/fpv4-sp/hard/crtbegin.o
                0x000000000800a4ec                PROVIDE (__init_array_end, .)
                0x000000000800a4f0                . = ALIGN (0x8)
 *fill*         0x000000000800a4ec        0x4 

.fini_array     0x000000000800a4f0        0x8
                0x000000000800a4f0                . = ALIGN (0x8)
                0x000000000800a4f0                PROVIDE (__fini_array_start, .)
 *(SORT(.fini_array.*))
 *(.fini_array*)
 .fini_array    0x000000000800a4f0        0x4 /usr/lib/gcc/arm-none-eabi/6.3.1/thumb/v7e-m/fpv4-sp/hard/crtbegin.o
                0x000000000800a4f4                PROVIDE (__fini_array_end, .)
                0x000000000800a4f8                . = ALIGN (0x8)
 *fill*         0x000000000800a4f4        0x4 
                0x000000000800a4f8                _sidata = LOADADDR (.data)

.data           0x0000000020000000       0xe8 load address 0x000000000800a4f8
                0x0000000020000000                . = ALIGN (0x8)
                0x0000000020000000                _sdata = .
 *(.data)
 .data          0x0000000020000000       0x64 /usr/lib/gcc/arm-none-eabi/6.3.1/../../../arm-none-eabi/lib/thumb/v7e-m/fpv4-sp/hard/libc_nano.a(lib_a-impure.o)
                0x0000000020000000                _impure_ptr
 .data          0x0000000020000064       0x7c /usr/lib/gcc/arm-none-eabi/6.3.1/../../../arm-none-eabi/lib/thumb/v7e-m/fpv4-sp/hard/libc_nano.a(lib_a-locale.o)
                0x0000000020000084                __mb_cur_max
 *(.data*)
 .data.uxCriticalNesting
                0x00000000200000e0        0x4 ../../applications/temperature-humidity/build/port.o
 .data.SystemCoreClock
                0x00000000200000e4        0x4 ../../applications/temperature-humidity/build/system_stm32l4xx.o
                0x00000000200000e4                SystemCoreClock
                0x00000000200000e8                . = ALIGN (0x8)
                0x00000000200000e8                _edata = .

.jcr            0x00000000200000e8        0x0 load address 0x000000000800a5e0
 .jcr           0x00000000200000e8        0x0 /usr/lib/gcc/arm-none-eabi/6.3.1/thumb/v7e-m/fpv4-sp/hard/crtbegin.o

.tm_clone_table
                0x00000000200000e8        0x0 load address 0x000000000800a5e0
 .tm_clone_table
                0x00000000200000e8        0x0 /usr/lib/gcc/arm-none-eabi/6.3.1/thumb/v7e-m/fpv4-sp/hard/crtbegin.o
 .tm_clone_table
                0x00000000200000e8        0x0 /usr/lib/gcc/arm-none-eabi/6.3.1/thumb/v7e-m/fpv4-sp/hard/crtend.o

.igot.plt       0x00000000200000e8        0x0 load address 0x000000000800a5e0
 .igot.plt      0x00000000200000e8        0x0 /usr/lib/gcc/arm-none-eabi/6.3.1/thumb/v7e-m/fpv4-sp/hard/crtbegin.o
                0x00000000200000e8                . = ALIGN (0x4)

.bss            0x00000000200000e8    0x24898 load address 0x000000000800a5e0
                0x00000000200000e8                _sbss = .
                0x00000000200000e8                __bss_start__ = _sbss
 *(.bss)
 .bss           0x00000000200000e8       0x1c /usr/lib/gcc/arm-none-eabi/6.3.1/thumb/v7e-m/fpv4-sp/hard/crtbegin.o
 .bss           0x0000000020000104        0x8 /usr/lib/gcc/arm-none-eabi/6.3.1/../../../arm-none-eabi/lib/thumb/v7e-m/fpv4-sp/hard/libc_nano.a(lib_a-nano-mallocr.o)
                0x0000000020000104                __malloc_free_list
                0x0000000020000108                __malloc_sbrk_start
 .bss           0x000000002000010c        0x4 /usr/lib/gcc/arm-none-eabi/6.3.1/../../../arm-none-eabi/lib/thumb/v7e-m/fpv4-sp/hard/libnosys.a(sbrk.o)
 *(.bss*)
 .bss.pxCurrentTimerList
                0x0000000020000110        0x4 ../../applications/temperature-humidity/build/timers.o
 .bss.pxOverflowTimerList
                0x0000000020000114        0x4 ../../applications/temperature-humidity/build/timers.o
 .bss.xActiveTimerList1
                0x0000000020000118       0x14 ../../applications/temperature-humidity/build/timers.o
 .bss.xActiveTimerList2
                0x000000002000012c       0x14 ../../applications/temperature-humidity/build/timers.o
 .bss.xLastTime.6521
                0x0000000020000140        0x4 ../../applications/temperature-humidity/build/timers.o
 .bss.xTimerQueue
                0x0000000020000144        0x4 ../../applications/temperature-humidity/build/timers.o
 .bss.xTimerTaskHandle
                0x0000000020000148        0x4 ../../applications/temperature-humidity/build/timers.o
 .bss.pxCurrentTCB
                0x000000002000014c        0x4 ../../applications/temperature-humidity/build/tasks.o
                0x000000002000014c                pxCurrentTCB
 .bss.pxDelayedTaskList
                0x0000000020000150        0x4 ../../applications/temperature-humidity/build/tasks.o
 .bss.pxOverflowDelayedTaskList
                0x0000000020000154        0x4 ../../applications/temperature-humidity/build/tasks.o
 .bss.pxReadyTasksLists
                0x0000000020000158       0x8c ../../applications/temperature-humidity/build/tasks.o
 .bss.uxCurrentNumberOfTasks
                0x00000000200001e4        0x4 ../../applications/temperature-humidity/build/tasks.o
 .bss.uxDeletedTasksWaitingCleanUp
                0x00000000200001e8        0x4 ../../applications/temperature-humidity/build/tasks.o
 .bss.uxPendedTicks
                0x00000000200001ec        0x4 ../../applications/temperature-humidity/build/tasks.o
 .bss.uxSchedulerSuspended
                0x00000000200001f0        0x4 ../../applications/temperature-humidity/build/tasks.o
 .bss.uxTaskNumber
                0x00000000200001f4        0x4 ../../applications/temperature-humidity/build/tasks.o
 .bss.uxTopReadyPriority
                0x00000000200001f8        0x4 ../../applications/temperature-humidity/build/tasks.o
 .bss.xDelayedTaskList1
                0x00000000200001fc       0x14 ../../applications/temperature-humidity/build/tasks.o
 .bss.xDelayedTaskList2
                0x0000000020000210       0x14 ../../applications/temperature-humidity/build/tasks.o
 .bss.xIdleTaskHandle
                0x0000000020000224        0x4 ../../applications/temperature-humidity/build/tasks.o
 .bss.xNextTaskUnblockTime
                0x0000000020000228        0x4 ../../applications/temperature-humidity/build/tasks.o
 .bss.xNumOfOverflows
                0x000000002000022c        0x4 ../../applications/temperature-humidity/build/tasks.o
 .bss.xPendingReadyList
                0x0000000020000230       0x14 ../../applications/temperature-humidity/build/tasks.o
 .bss.xSchedulerRunning
                0x0000000020000244        0x4 ../../applications/temperature-humidity/build/tasks.o
 .bss.xSuspendedTaskList
                0x0000000020000248       0x14 ../../applications/temperature-humidity/build/tasks.o
 .bss.xTasksWaitingTermination
                0x000000002000025c       0x14 ../../applications/temperature-humidity/build/tasks.o
 .bss.xTickCount
                0x0000000020000270        0x4 ../../applications/temperature-humidity/build/tasks.o
 .bss.xYieldPending
                0x0000000020000274        0x4 ../../applications/temperature-humidity/build/tasks.o
 .bss.pxEnd     0x0000000020000278        0x4 ../../applications/temperature-humidity/build/heap_4.o
 .bss.ucHeap    0x000000002000027c    0x24000 ../../applications/temperature-humidity/build/heap_4.o
 .bss.xBlockAllocatedBit
                0x000000002002427c        0x4 ../../applications/temperature-humidity/build/heap_4.o
 .bss.xFreeBytesRemaining
                0x0000000020024280        0x4 ../../applications/temperature-humidity/build/heap_4.o
 .bss.xMinimumEverFreeBytesRemaining
                0x0000000020024284        0x4 ../../applications/temperature-humidity/build/heap_4.o
 .bss.xStart    0x0000000020024288        0x8 ../../applications/temperature-humidity/build/heap_4.o
 .bss.ucMaxSysCallPriority
                0x0000000020024290        0x1 ../../applications/temperature-humidity/build/port.o
 *fill*         0x0000000020024291        0x3 
 .bss.ulMaxPRIGROUPValue
                0x0000000020024294        0x4 ../../applications/temperature-humidity/build/port.o
 *(COMMON)
 COMMON         0x0000000020024298      0x660 ../../applications/temperature-humidity/build/temperature-humidity.o
                0x0000000020024298                P3_DIO6
                0x00000000200242a0                defaultTaskHandle
                0x00000000200242a4                P2_DIO4
                0x00000000200242ac                P3_I2C
                0x00000000200242f8                P2_UART
                0x0000000020024370                P2_DIO5
                0x0000000020024378                FLASH_SPI
                0x00000000200243dc                P2_DIO1
                0x00000000200243e4                P3_UART
                0x000000002002445c                P3_DIO1
                0x0000000020024464                P1_UART
                0x00000000200244dc                P1_DIO4
                0x00000000200244e4                hiwdg
                0x00000000200244f4                P3_DIO2
                0x00000000200244fc                P1_I2C
                0x0000000020024548                P3_SPI
                0x00000000200245ac                temp
                0x00000000200245b0                SHThi2cLib
                0x00000000200245b4                _i2caddr
                0x00000000200245b8                P1_SPI
                0x000000002002461c                USB_UART
                0x0000000020024694                common_I2C
                0x00000000200246e0                P2_DIO6
                0x00000000200246e8                P3_DIO3
                0x00000000200246f0                humidity
                0x00000000200246f4                BLE_UART
                0x000000002002476c                P1_DIO6
                0x0000000020024774                temp_hum_timer_id
                0x0000000020024778                P2_DIO3
                0x0000000020024780                P1_DIO3
                0x0000000020024788                P2_header
                0x00000000200247b4                SHTData
                0x00000000200247bc                P3_header
                0x00000000200247e8                P1_header
                0x0000000020024814                P2_DIO2
                0x000000002002481c                P3_DIO5
                0x0000000020024824                P1_DIO1
                0x000000002002482c                P1_DIO5
                0x0000000020024834                P2_SPI
                0x0000000020024898                iwdgTimId
                0x000000002002489c                P2_I2C
                0x00000000200248e8                P1_DIO2
                0x00000000200248f0                P3_DIO4
 COMMON         0x00000000200248f8        0x4 ../../applications/temperature-humidity/build/stm32l4xx_hal.o
                0x00000000200248f8                uwTick
 COMMON         0x00000000200248fc       0x40 ../../applications/temperature-humidity/build/queue.o
                0x00000000200248fc                xQueueRegistry
 COMMON         0x000000002002493c       0x40 ../../applications/temperature-humidity/build/stm32l4xx_hal_timebase_tim.o
                0x000000002002493c                htim1
 COMMON         0x000000002002497c        0x4 /usr/lib/gcc/arm-none-eabi/6.3.1/../../../arm-none-eabi/lib/thumb/v7e-m/fpv4-sp/hard/libc_nano.a(lib_a-reent.o)
                0x000000002002497c                errno
                0x0000000020024980                . = ALIGN (0x4)
                0x0000000020024980                _ebss = .
                0x0000000020024980                __bss_end__ = _ebss

._user_heap_stack
                0x0000000020024980      0x600 load address 0x000000000800a5e0
                0x0000000020024980                . = ALIGN (0x8)
                0x0000000020024980                PROVIDE (end, .)
                [!provide]                        PROVIDE (_end, .)
                0x0000000020024b80                . = (. + _Min_Heap_Size)
 *fill*         0x0000000020024980      0x200 
                0x0000000020024f80                . = (. + _Min_Stack_Size)
 *fill*         0x0000000020024b80      0x400 
                0x0000000020024f80                . = ALIGN (0x8)

/DISCARD/
 libc.a(*)
 libm.a(*)
 libgcc.a(*)

.ARM.attributes
                0x0000000000000000       0x30
 *(.ARM.attributes)
 .ARM.attributes
                0x0000000000000000       0x22 /usr/lib/gcc/arm-none-eabi/6.3.1/thumb/v7e-m/fpv4-sp/hard/crti.o
 .ARM.attributes
                0x0000000000000022       0x34 /usr/lib/gcc/arm-none-eabi/6.3.1/thumb/v7e-m/fpv4-sp/hard/crtbegin.o
 .ARM.attributes
                0x0000000000000056       0x39 ../../applications/temperature-humidity/build/temperature-humidity.o
 .ARM.attributes
                0x000000000000008f       0x39 ../../applications/temperature-humidity/build/platform.o
 .ARM.attributes
                0x00000000000000c8       0x39 ../../applications/temperature-humidity/build/stm32l4xx_hal_i2c.o
 .ARM.attributes
                0x0000000000000101       0x39 ../../applications/temperature-humidity/build/stm32l4xx_hal_i2c_ex.o
 .ARM.attributes
                0x000000000000013a       0x39 ../../applications/temperature-humidity/build/stm32l4xx_hal_spi.o
 .ARM.attributes
                0x0000000000000173       0x39 ../../applications/temperature-humidity/build/stm32l4xx_hal_iwdg.o
 .ARM.attributes
                0x00000000000001ac       0x39 ../../applications/temperature-humidity/build/stm32l4xx_hal_uart.o
 .ARM.attributes
                0x00000000000001e5       0x39 ../../applications/temperature-humidity/build/stm32l4xx_hal_uart_ex.o
 .ARM.attributes
                0x000000000000021e       0x39 ../../applications/temperature-humidity/build/stm32l4xx_hal_tim.o
 .ARM.attributes
                0x0000000000000257       0x39 ../../applications/temperature-humidity/build/stm32l4xx_hal_tim_ex.o
 .ARM.attributes
                0x0000000000000290       0x39 ../../applications/temperature-humidity/build/stm32l4xx_hal.o
 .ARM.attributes
                0x00000000000002c9       0x39 ../../applications/temperature-humidity/build/stm32l4xx_hal_rcc.o
 .ARM.attributes
                0x0000000000000302       0x39 ../../applications/temperature-humidity/build/stm32l4xx_hal_rcc_ex.o
 .ARM.attributes
                0x000000000000033b       0x39 ../../applications/temperature-humidity/build/stm32l4xx_hal_gpio.o
 .ARM.attributes
                0x0000000000000374       0x39 ../../applications/temperature-humidity/build/stm32l4xx_hal_dma.o
 .ARM.attributes
                0x00000000000003ad       0x39 ../../applications/temperature-humidity/build/stm32l4xx_hal_pwr_ex.o
 .ARM.attributes
                0x00000000000003e6       0x39 ../../applications/temperature-humidity/build/stm32l4xx_hal_cortex.o
 .ARM.attributes
                0x000000000000041f       0x39 ../../applications/temperature-humidity/build/timers.o
 .ARM.attributes
                0x0000000000000458       0x39 ../../applications/temperature-humidity/build/queue.o
 .ARM.attributes
                0x0000000000000491       0x39 ../../applications/temperature-humidity/build/list.o
 .ARM.attributes
                0x00000000000004ca       0x39 ../../applications/temperature-humidity/build/tasks.o
 .ARM.attributes
                0x0000000000000503       0x39 ../../applications/temperature-humidity/build/cmsis_os.o
 .ARM.attributes
                0x000000000000053c       0x39 ../../applications/temperature-humidity/build/heap_4.o
 .ARM.attributes
                0x0000000000000575       0x39 ../../applications/temperature-humidity/build/port.o
 .ARM.attributes
                0x00000000000005ae       0x39 ../../applications/temperature-humidity/build/system_stm32l4xx.o
 .ARM.attributes
                0x00000000000005e7       0x39 ../../applications/temperature-humidity/build/octa.o
 .ARM.attributes
                0x0000000000000620       0x39 ../../applications/temperature-humidity/build/uart.o
 .ARM.attributes
                0x0000000000000659       0x39 ../../applications/temperature-humidity/build/i2c.o
 .ARM.attributes
                0x0000000000000692       0x39 ../../applications/temperature-humidity/build/spi.o
 .ARM.attributes
                0x00000000000006cb       0x39 ../../applications/temperature-humidity/build/iwdg.o
 .ARM.attributes
                0x0000000000000704       0x39 ../../applications/temperature-humidity/build/gpio.o
 .ARM.attributes
                0x000000000000073d       0x39 ../../applications/temperature-humidity/build/sysclock.o
 .ARM.attributes
                0x0000000000000776       0x39 ../../applications/temperature-humidity/build/stm32l4xx_hal_msp.o
 .ARM.attributes
                0x00000000000007af       0x39 ../../applications/temperature-humidity/build/stm32l4xx_hal_timebase_tim.o
 .ARM.attributes
                0x00000000000007e8       0x39 ../../applications/temperature-humidity/build/stm32l4xx_it.o
 .ARM.attributes
                0x0000000000000821       0x39 ../../applications/temperature-humidity/build/sht31.o
 .ARM.attributes
                0x000000000000085a       0x21 ../../applications/temperature-humidity/build/startup_stm32l496xx.o
 .ARM.attributes
                0x000000000000087b       0x34 /usr/lib/gcc/arm-none-eabi/6.3.1/../../../arm-none-eabi/lib/thumb/v7e-m/fpv4-sp/hard/libc_nano.a(lib_a-impure.o)
 .ARM.attributes
                0x00000000000008af       0x34 /usr/lib/gcc/arm-none-eabi/6.3.1/../../../arm-none-eabi/lib/thumb/v7e-m/fpv4-sp/hard/libc_nano.a(lib_a-init.o)
 .ARM.attributes
                0x00000000000008e3       0x20 /usr/lib/gcc/arm-none-eabi/6.3.1/../../../arm-none-eabi/lib/thumb/v7e-m/fpv4-sp/hard/libc_nano.a(lib_a-memcpy.o)
 .ARM.attributes
                0x0000000000000903       0x34 /usr/lib/gcc/arm-none-eabi/6.3.1/../../../arm-none-eabi/lib/thumb/v7e-m/fpv4-sp/hard/libc_nano.a(lib_a-memset.o)
 .ARM.attributes
                0x0000000000000937       0x34 /usr/lib/gcc/arm-none-eabi/6.3.1/../../../arm-none-eabi/lib/thumb/v7e-m/fpv4-sp/hard/libc_nano.a(lib_a-nano-vfprintf_float.o)
 .ARM.attributes
                0x000000000000096b       0x34 /usr/lib/gcc/arm-none-eabi/6.3.1/../../../arm-none-eabi/lib/thumb/v7e-m/fpv4-sp/hard/libc_nano.a(lib_a-nano-vfprintf_i.o)
 .ARM.attributes
                0x000000000000099f       0x34 /usr/lib/gcc/arm-none-eabi/6.3.1/../../../arm-none-eabi/lib/thumb/v7e-m/fpv4-sp/hard/libc_nano.a(lib_a-printf.o)
 .ARM.attributes
                0x00000000000009d3       0x34 /usr/lib/gcc/arm-none-eabi/6.3.1/../../../arm-none-eabi/lib/thumb/v7e-m/fpv4-sp/hard/libc_nano.a(lib_a-puts.o)
 .ARM.attributes
                0x0000000000000a07       0x20 /usr/lib/gcc/arm-none-eabi/6.3.1/../../../arm-none-eabi/lib/thumb/v7e-m/fpv4-sp/hard/libc_nano.a(lib_a-strlen.o)
 .ARM.attributes
                0x0000000000000a27       0x34 /usr/lib/gcc/arm-none-eabi/6.3.1/../../../arm-none-eabi/lib/thumb/v7e-m/fpv4-sp/hard/libc_nano.a(lib_a-wbuf.o)
 .ARM.attributes
                0x0000000000000a5b       0x34 /usr/lib/gcc/arm-none-eabi/6.3.1/../../../arm-none-eabi/lib/thumb/v7e-m/fpv4-sp/hard/libc_nano.a(lib_a-wsetup.o)
 .ARM.attributes
                0x0000000000000a8f       0x34 /usr/lib/gcc/arm-none-eabi/6.3.1/../../../arm-none-eabi/lib/thumb/v7e-m/fpv4-sp/hard/libc_nano.a(lib_a-dtoa.o)
 .ARM.attributes
                0x0000000000000ac3       0x34 /usr/lib/gcc/arm-none-eabi/6.3.1/../../../arm-none-eabi/lib/thumb/v7e-m/fpv4-sp/hard/libc_nano.a(lib_a-fflush.o)
 .ARM.attributes
                0x0000000000000af7       0x34 /usr/lib/gcc/arm-none-eabi/6.3.1/../../../arm-none-eabi/lib/thumb/v7e-m/fpv4-sp/hard/libc_nano.a(lib_a-findfp.o)
 .ARM.attributes
                0x0000000000000b2b       0x34 /usr/lib/gcc/arm-none-eabi/6.3.1/../../../arm-none-eabi/lib/thumb/v7e-m/fpv4-sp/hard/libc_nano.a(lib_a-fwalk.o)
 .ARM.attributes
                0x0000000000000b5f       0x34 /usr/lib/gcc/arm-none-eabi/6.3.1/../../../arm-none-eabi/lib/thumb/v7e-m/fpv4-sp/hard/libc_nano.a(lib_a-locale.o)
 .ARM.attributes
                0x0000000000000b93       0x34 /usr/lib/gcc/arm-none-eabi/6.3.1/../../../arm-none-eabi/lib/thumb/v7e-m/fpv4-sp/hard/libc_nano.a(lib_a-makebuf.o)
 .ARM.attributes
                0x0000000000000bc7       0x34 /usr/lib/gcc/arm-none-eabi/6.3.1/../../../arm-none-eabi/lib/thumb/v7e-m/fpv4-sp/hard/libc_nano.a(lib_a-malloc.o)
 .ARM.attributes
                0x0000000000000bfb       0x20 /usr/lib/gcc/arm-none-eabi/6.3.1/../../../arm-none-eabi/lib/thumb/v7e-m/fpv4-sp/hard/libc_nano.a(lib_a-memchr.o)
 .ARM.attributes
                0x0000000000000c1b       0x34 /usr/lib/gcc/arm-none-eabi/6.3.1/../../../arm-none-eabi/lib/thumb/v7e-m/fpv4-sp/hard/libc_nano.a(lib_a-mprec.o)
 .ARM.attributes
                0x0000000000000c4f       0x34 /usr/lib/gcc/arm-none-eabi/6.3.1/../../../arm-none-eabi/lib/thumb/v7e-m/fpv4-sp/hard/libc_nano.a(lib_a-nano-callocr.o)
 .ARM.attributes
                0x0000000000000c83       0x34 /usr/lib/gcc/arm-none-eabi/6.3.1/../../../arm-none-eabi/lib/thumb/v7e-m/fpv4-sp/hard/libc_nano.a(lib_a-nano-freer.o)
 .ARM.attributes
                0x0000000000000cb7       0x34 /usr/lib/gcc/arm-none-eabi/6.3.1/../../../arm-none-eabi/lib/thumb/v7e-m/fpv4-sp/hard/libc_nano.a(lib_a-nano-mallocr.o)
 .ARM.attributes