Archive member included to satisfy reference by file (symbol)

c:/program files (x86)/gnu tools arm embedded/7 2018-q2-update/bin/../lib/gcc/arm-none-eabi/7.3.1/../../../../arm-none-eabi/lib/thumb/v7e-m/fpv4-sp/hard\libc_nano.a(lib_a-assert.o)
                              ../../applications/murata-dualstack-example-ns/build/alp.o (__assert_func)
c:/program files (x86)/gnu tools arm embedded/7 2018-q2-update/bin/../lib/gcc/arm-none-eabi/7.3.1/../../../../arm-none-eabi/lib/thumb/v7e-m/fpv4-sp/hard\libc_nano.a(lib_a-exit.o)
                              c:/program files (x86)/gnu tools arm embedded/7 2018-q2-update/bin/../lib/gcc/arm-none-eabi/7.3.1/../../../../arm-none-eabi/lib/thumb/v7e-m/fpv4-sp/hard/crt0.o (exit)
c:/program files (x86)/gnu tools arm embedded/7 2018-q2-update/bin/../lib/gcc/arm-none-eabi/7.3.1/../../../../arm-none-eabi/lib/thumb/v7e-m/fpv4-sp/hard\libc_nano.a(lib_a-fprintf.o)
                              c:/program files (x86)/gnu tools arm embedded/7 2018-q2-update/bin/../lib/gcc/arm-none-eabi/7.3.1/../../../../arm-none-eabi/lib/thumb/v7e-m/fpv4-sp/hard\libc_nano.a(lib_a-assert.o) (fiprintf)
c:/program files (x86)/gnu tools arm embedded/7 2018-q2-update/bin/../lib/gcc/arm-none-eabi/7.3.1/../../../../arm-none-eabi/lib/thumb/v7e-m/fpv4-sp/hard\libc_nano.a(lib_a-impure.o)
                              c:/program files (x86)/gnu tools arm embedded/7 2018-q2-update/bin/../lib/gcc/arm-none-eabi/7.3.1/../../../../arm-none-eabi/lib/thumb/v7e-m/fpv4-sp/hard\libc_nano.a(lib_a-exit.o) (_global_impure_ptr)
c:/program files (x86)/gnu tools arm embedded/7 2018-q2-update/bin/../lib/gcc/arm-none-eabi/7.3.1/../../../../arm-none-eabi/lib/thumb/v7e-m/fpv4-sp/hard\libc_nano.a(lib_a-init.o)
                              c:/program files (x86)/gnu tools arm embedded/7 2018-q2-update/bin/../lib/gcc/arm-none-eabi/7.3.1/../../../../arm-none-eabi/lib/thumb/v7e-m/fpv4-sp/hard/crt0.o (__libc_init_array)
c:/program files (x86)/gnu tools arm embedded/7 2018-q2-update/bin/../lib/gcc/arm-none-eabi/7.3.1/../../../../arm-none-eabi/lib/thumb/v7e-m/fpv4-sp/hard\libc_nano.a(lib_a-memcpy-stub.o)
                              ../../applications/murata-dualstack-example-ns/build/fifo.o (memcpy)
c:/program files (x86)/gnu tools arm embedded/7 2018-q2-update/bin/../lib/gcc/arm-none-eabi/7.3.1/../../../../arm-none-eabi/lib/thumb/v7e-m/fpv4-sp/hard\libc_nano.a(lib_a-memset.o)
                              c:/program files (x86)/gnu tools arm embedded/7 2018-q2-update/bin/../lib/gcc/arm-none-eabi/7.3.1/../../../../arm-none-eabi/lib/thumb/v7e-m/fpv4-sp/hard/crt0.o (memset)
c:/program files (x86)/gnu tools arm embedded/7 2018-q2-update/bin/../lib/gcc/arm-none-eabi/7.3.1/../../../../arm-none-eabi/lib/thumb/v7e-m/fpv4-sp/hard\libc_nano.a(lib_a-nano-vfprintf.o)
                              c:/program files (x86)/gnu tools arm embedded/7 2018-q2-update/bin/../lib/gcc/arm-none-eabi/7.3.1/../../../../arm-none-eabi/lib/thumb/v7e-m/fpv4-sp/hard\libc_nano.a(lib_a-fprintf.o) (_vfprintf_r)
c:/program files (x86)/gnu tools arm embedded/7 2018-q2-update/bin/../lib/gcc/arm-none-eabi/7.3.1/../../../../arm-none-eabi/lib/thumb/v7e-m/fpv4-sp/hard\libc_nano.a(lib_a-nano-vfprintf_i.o)
                              c:/program files (x86)/gnu tools arm embedded/7 2018-q2-update/bin/../lib/gcc/arm-none-eabi/7.3.1/../../../../arm-none-eabi/lib/thumb/v7e-m/fpv4-sp/hard\libc_nano.a(lib_a-nano-vfprintf.o) (_printf_i)
c:/program files (x86)/gnu tools arm embedded/7 2018-q2-update/bin/../lib/gcc/arm-none-eabi/7.3.1/../../../../arm-none-eabi/lib/thumb/v7e-m/fpv4-sp/hard\libc_nano.a(lib_a-printf.o)
                              ../../applications/murata-dualstack-example-ns/build/murata-dualstack-example-ns.o (printf)
c:/program files (x86)/gnu tools arm embedded/7 2018-q2-update/bin/../lib/gcc/arm-none-eabi/7.3.1/../../../../arm-none-eabi/lib/thumb/v7e-m/fpv4-sp/hard\libc_nano.a(lib_a-puts.o)
                              ../../applications/murata-dualstack-example-ns/build/murata-dualstack-example-ns.o (puts)
c:/program files (x86)/gnu tools arm embedded/7 2018-q2-update/bin/../lib/gcc/arm-none-eabi/7.3.1/../../../../arm-none-eabi/lib/thumb/v7e-m/fpv4-sp/hard\libc_nano.a(lib_a-strnlen.o)
                              ../../applications/murata-dualstack-example-ns/build/modem_interface.o (strnlen)
c:/program files (x86)/gnu tools arm embedded/7 2018-q2-update/bin/../lib/gcc/arm-none-eabi/7.3.1/../../../../arm-none-eabi/lib/thumb/v7e-m/fpv4-sp/hard\libc_nano.a(lib_a-wbuf.o)
                              c:/program files (x86)/gnu tools arm embedded/7 2018-q2-update/bin/../lib/gcc/arm-none-eabi/7.3.1/../../../../arm-none-eabi/lib/thumb/v7e-m/fpv4-sp/hard\libc_nano.a(lib_a-nano-vfprintf.o) (__swbuf_r)
c:/program files (x86)/gnu tools arm embedded/7 2018-q2-update/bin/../lib/gcc/arm-none-eabi/7.3.1/../../../../arm-none-eabi/lib/thumb/v7e-m/fpv4-sp/hard\libc_nano.a(lib_a-wsetup.o)
[...]
Memory Configuration

Name             Origin             Length             Attributes
RAM              0x20000000         0x00050000         xrw
FLASH            0x08000000         0x00100000         xr
*default*        0x00000000         0xffffffff

Linker script and memory map

LOAD c:/program files (x86)/gnu tools arm embedded/7 2018-q2-update/bin/../lib/gcc/arm-none-eabi/7.3.1/thumb/v7e-m/fpv4-sp/hard/crti.o
LOAD c:/program files (x86)/gnu tools arm embedded/7 2018-q2-update/bin/../lib/gcc/arm-none-eabi/7.3.1/thumb/v7e-m/fpv4-sp/hard/crtbegin.o
LOAD c:/program files (x86)/gnu tools arm embedded/7 2018-q2-update/bin/../lib/gcc/arm-none-eabi/7.3.1/../../../../arm-none-eabi/lib/thumb/v7e-m/fpv4-sp/hard/crt0.o
LOAD ../../applications/murata-dualstack-example-ns/build/murata-dualstack-example-ns.o
LOAD ../../applications/murata-dualstack-example-ns/build/alp.o
LOAD ../../applications/murata-dualstack-example-ns/build/crc.o
LOAD ../../applications/murata-dualstack-example-ns/build/fifo.o
LOAD ../../applications/murata-dualstack-example-ns/build/modem.o
LOAD ../../applications/murata-dualstack-example-ns/build/modem_interface.o
LOAD ../../applications/murata-dualstack-example-ns/build/murata.o
LOAD ../../applications/murata-dualstack-example-ns/build/platform.o
LOAD ../../applications/murata-dualstack-example-ns/build/stm32l4xx_hal_i2c.o
LOAD ../../applications/murata-dualstack-example-ns/build/stm32l4xx_hal_i2c_ex.o
LOAD ../../applications/murata-dualstack-example-ns/build/stm32l4xx_hal_spi.o
LOAD ../../applications/murata-dualstack-example-ns/build/stm32l4xx_hal_spi_ex.o
LOAD ../../applications/murata-dualstack-example-ns/build/stm32l4xx_hal_iwdg.o
LOAD ../../applications/murata-dualstack-example-ns/build/stm32l4xx_hal_uart.o
LOAD ../../applications/murata-dualstack-example-ns/build/stm32l4xx_hal_uart_ex.o
LOAD ../../applications/murata-dualstack-example-ns/build/stm32l4xx_hal_tim.o
LOAD ../../applications/murata-dualstack-example-ns/build/stm32l4xx_hal_tim_ex.o
LOAD ../../applications/murata-dualstack-example-ns/build/stm32l4xx_hal.o
LOAD ../../applications/murata-dualstack-example-ns/build/stm32l4xx_hal_rcc.o
LOAD ../../applications/murata-dualstack-example-ns/build/stm32l4xx_hal_rcc_ex.o
LOAD ../../applications/murata-dualstack-example-ns/build/stm32l4xx_hal_flash.o
LOAD ../../applications/murata-dualstack-example-ns/build/stm32l4xx_hal_flash_ex.o
LOAD ../../applications/murata-dualstack-example-ns/build/stm32l4xx_hal_flash_ramfunc.o
LOAD ../../applications/murata-dualstack-example-ns/build/stm32l4xx_hal_gpio.o
LOAD ../../applications/murata-dualstack-example-ns/build/stm32l4xx_hal_dma.o
LOAD ../../applications/murata-dualstack-example-ns/build/stm32l4xx_hal_dma_ex.o
LOAD ../../applications/murata-dualstack-example-ns/build/stm32l4xx_hal_pwr.o
LOAD ../../applications/murata-dualstack-example-ns/build/stm32l4xx_hal_pwr_ex.o
LOAD ../../applications/murata-dualstack-example-ns/build/stm32l4xx_hal_cortex.o
LOAD ../../applications/murata-dualstack-example-ns/build/stm32l4xx_hal_crc.o
LOAD ../../applications/murata-dualstack-example-ns/build/stm32l4xx_hal_crc_ex.o
LOAD ../../applications/murata-dualstack-example-ns/build/croutine.o
LOAD ../../applications/murata-dualstack-example-ns/build/event_groups.o
LOAD ../../applications/murata-dualstack-example-ns/build/list.o
LOAD ../../applications/murata-dualstack-example-ns/build/queue.o
LOAD ../../applications/murata-dualstack-example-ns/build/stream_buffer.o
LOAD ../../applications/murata-dualstack-example-ns/build/tasks.o
LOAD ../../applications/murata-dualstack-example-ns/build/timers.o
LOAD ../../applications/murata-dualstack-example-ns/build/cmsis_os.o
LOAD ../../applications/murata-dualstack-example-ns/build/heap_4.o
LOAD ../../applications/murata-dualstack-example-ns/build/port.o
LOAD ../../applications/murata-dualstack-example-ns/build/freertos.o
LOAD ../../applications/murata-dualstack-example-ns/build/gpio.o
LOAD ../../applications/murata-dualstack-example-ns/build/i2c.o
LOAD ../../applications/murata-dualstack-example-ns/build/iwdg.o
LOAD ../../applications/murata-dualstack-example-ns/build/octa.o
LOAD ../../applications/murata-dualstack-example-ns/build/rtosmacros.o
LOAD ../../applications/murata-dualstack-example-ns/build/spi.o
LOAD ../../applications/murata-dualstack-example-ns/build/stm32l4xx_hal_msp.o
LOAD ../../applications/murata-dualstack-example-ns/build/stm32l4xx_hal_timebase_tim.o
LOAD ../../applications/murata-dualstack-example-ns/build/stm32l4xx_it.o
LOAD ../../applications/murata-dualstack-example-ns/build/sysclock.o
LOAD ../../applications/murata-dualstack-example-ns/build/system_stm32l4xx.o
LOAD ../../applications/murata-dualstack-example-ns/build/uart.o
LOAD ../../applications/murata-dualstack-example-ns/build/LSM303AGRSensor.o
LOAD ../../applications/murata-dualstack-example-ns/build/S25FL256.o
LOAD ../../applications/murata-dualstack-example-ns/build/GSP30.o
LOAD ../../applications/murata-dualstack-example-ns/build/sht31.o
LOAD ../../applications/murata-dualstack-example-ns/build/stc3115.o
LOAD ../../applications/murata-dualstack-example-ns/build/TCS3472.o
LOAD ../../applications/murata-dualstack-example-ns/build/startup_stm32l496xx.o
LOAD c:/program files (x86)/gnu tools arm embedded/7 2018-q2-update/bin/../lib/gcc/arm-none-eabi/7.3.1/../../../../arm-none-eabi/lib/thumb/v7e-m/fpv4-sp/hard\libc_nano.a
LOAD c:/program files (x86)/gnu tools arm embedded/7 2018-q2-update/bin/../lib/gcc/arm-none-eabi/7.3.1/../../../../arm-none-eabi/lib/thumb/v7e-m/fpv4-sp/hard\libm.a
LOAD c:/program files (x86)/gnu tools arm embedded/7 2018-q2-update/bin/../lib/gcc/arm-none-eabi/7.3.1/../../../../arm-none-eabi/lib/thumb/v7e-m/fpv4-sp/hard\libnosys.a
START GROUP
LOAD c:/program files (x86)/gnu tools arm embedded/7 2018-q2-update/bin/../lib/gcc/arm-none-eabi/7.3.1/thumb/v7e-m/fpv4-sp/hard\libgcc.a
LOAD c:/program files (x86)/gnu tools arm embedded/7 2018-q2-update/bin/../lib/gcc/arm-none-eabi/7.3.1/../../../../arm-none-eabi/lib/thumb/v7e-m/fpv4-sp/hard\libc_nano.a
END GROUP
START GROUP
LOAD c:/program files (x86)/gnu tools arm embedded/7 2018-q2-update/bin/../lib/gcc/arm-none-eabi/7.3.1/thumb/v7e-m/fpv4-sp/hard\libgcc.a
LOAD c:/program files (x86)/gnu tools arm embedded/7 2018-q2-update/bin/../lib/gcc/arm-none-eabi/7.3.1/../../../../arm-none-eabi/lib/thumb/v7e-m/fpv4-sp/hard\libc_nano.a
END GROUP
LOAD c:/program files (x86)/gnu tools arm embedded/7 2018-q2-update/bin/../lib/gcc/arm-none-eabi/7.3.1/thumb/v7e-m/fpv4-sp/hard/crtend.o
LOAD c:/program files (x86)/gnu tools arm embedded/7 2018-q2-update/bin/../lib/gcc/arm-none-eabi/7.3.1/thumb/v7e-m/fpv4-sp/hard/crtn.o
                0x20050000                _estack = 0x20050000
                0x00000200                _Min_Heap_Size = 0x200
                0x00000400                _Min_Stack_Size = 0x400

.isr_vector     0x08000000      0x1b0
                0x08000000                . = ALIGN (0x8)
 *(.isr_vector)
 .isr_vector    0x08000000      0x1ac ../../applications/murata-dualstack-example-ns/build/startup_stm32l496xx.o
                0x08000000                g_pfnVectors
                0x080001b0                . = ALIGN (0x8)
 *fill*         0x080001ac        0x4 

.text           0x080001b0     0x60e0
                0x080001b0                . = ALIGN (0x8)
 *(.text)
 .text          0x080001b0       0x40 c:/program files (x86)/gnu tools arm embedded/7 2018-q2-update/bin/../lib/gcc/arm-none-eabi/7.3.1/thumb/v7e-m/fpv4-sp/hard/crtbegin.o
 .text          0x080001f0       0xa0 c:/program files (x86)/gnu tools arm embedded/7 2018-q2-update/bin/../lib/gcc/arm-none-eabi/7.3.1/../../../../arm-none-eabi/lib/thumb/v7e-m/fpv4-sp/hard\libc_nano.a(lib_a-memchr.o)
                0x080001f0                memchr
 .text          0x08000290       0x30 c:/program files (x86)/gnu tools arm embedded/7 2018-q2-update/bin/../lib/gcc/arm-none-eabi/7.3.1/thumb/v7e-m/fpv4-sp/hard\libgcc.a(_aeabi_uldivmod.o)
                0x08000290                __aeabi_uldivmod
 .text          0x080002c0      0x2cc c:/program files (x86)/gnu tools arm embedded/7 2018-q2-update/bin/../lib/gcc/arm-none-eabi/7.3.1/thumb/v7e-m/fpv4-sp/hard\libgcc.a(_udivmoddi4.o)
                0x080002c0                __udivmoddi4
 .text          0x0800058c        0x4 c:/program files (x86)/gnu tools arm embedded/7 2018-q2-update/bin/../lib/gcc/arm-none-eabi/7.3.1/thumb/v7e-m/fpv4-sp/hard\libgcc.a(_dvmd_tls.o)
                0x0800058c                __aeabi_idiv0
                0x0800058c                __aeabi_ldiv0
 *(.text*)
 .text.LoRaWAN_send
                0x08000590       0x5c ../../applications/murata-dualstack-example-ns/build/murata-dualstack-example-ns.o
                0x08000590                LoRaWAN_send
 .text.Dash7_send
                0x080005ec       0x5c ../../applications/murata-dualstack-example-ns/build/murata-dualstack-example-ns.o
                0x080005ec                Dash7_send
 .text.HAL_UART_RxCpltCallback
                0x08000648       0x20 ../../applications/murata-dualstack-example-ns/build/murata-dualstack-example-ns.o
                0x08000648                HAL_UART_RxCpltCallback
 .text.printWelcome
                0x08000668       0x90 ../../applications/murata-dualstack-example-ns/build/murata-dualstack-example-ns.o
                0x08000668                printWelcome
 .text.main     0x080006f8       0xd8 ../../applications/murata-dualstack-example-ns/build/murata-dualstack-example-ns.o
                0x080006f8                main
 .text.HAL_TIM_PeriodElapsedCallback
                0x080007d0       0x18 ../../applications/murata-dualstack-example-ns/build/murata-dualstack-example-ns.o
                0x080007d0                HAL_TIM_PeriodElapsedCallback
 .text.Error_Handler
                0x080007e8        0x2 ../../applications/murata-dualstack-example-ns/build/murata-dualstack-example-ns.o
                0x080007e8                Error_Handler
 *fill*         0x080007ea        0x2 
 .text.parse_op_return_tag
                0x080007ec       0x2c ../../applications/murata-dualstack-example-ns/build/alp.o
 .text.parse_op_return_status
                0x08000818      0x168 ../../applications/murata-dualstack-example-ns/build/alp.o
 .text.alp_parse_length_operand
                0x08000980       0x38 ../../applications/murata-dualstack-example-ns/build/alp.o
                0x08000980                alp_parse_length_operand
 .text.alp_append_length_operand
                0x080009b8       0xa0 ../../applications/murata-dualstack-example-ns/build/alp.o
                0x080009b8                alp_append_length_operand
 .text.alp_parse_file_offset_operand
                0x08000a58       0x44 ../../applications/murata-dualstack-example-ns/build/alp.o
                0x08000a58                alp_parse_file_offset_operand
 .text.parse_operand_file_data
                0x08000a9c       0x50 ../../applications/murata-dualstack-example-ns/build/alp.o
 .text.parse_op_write_file_data
                0x08000aec        0x8 ../../applications/murata-dualstack-example-ns/build/alp.o
 .text.parse_op_return_file_data
                0x08000af4        0x8 ../../applications/murata-dualstack-example-ns/build/alp.o
 .text.alp_append_forward_action
                0x08000afc      0x2fc ../../applications/murata-dualstack-example-ns/build/alp.o
                0x08000afc                alp_append_forward_action
 .text.alp_append_return_file_data_action
                0x08000df8       0x74 ../../applications/murata-dualstack-example-ns/build/alp.o
                0x08000df8                alp_append_return_file_data_action
 .text.alp_parse_action
                0x08000e6c       0xa8 ../../applications/murata-dualstack-example-ns/build/alp.o
                0x08000e6c                alp_parse_action
 .text.alp_append_tag_request_action
                0x08000f14       0x50 ../../applications/murata-dualstack-example-ns/build/alp.o
                0x08000f14                alp_append_tag_request_action
 .text.update_crc
                0x08000f64       0x2c ../../applications/murata-dualstack-example-ns/build/crc.o
 .text.crc_calculate
                0x08000f90       0x2c ../../applications/murata-dualstack-example-ns/build/crc.o
                0x08000f90                crc_calculate
 .text.skip     0x08000fbc       0x1a ../../applications/murata-dualstack-example-ns/build/fifo.o
 .text.fifo_init_filled
                0x08000fd6       0x10 ../../applications/murata-dualstack-example-ns/build/fifo.o
                0x08000fd6                fifo_init_filled
 .text.fifo_init
                0x08000fe6        0xc ../../applications/murata-dualstack-example-ns/build/fifo.o
                0x08000fe6                fifo_init
 .text.fifo_init_subview
                0x08000ff2       0x30 ../../applications/murata-dualstack-example-ns/build/fifo.o
                0x08000ff2                fifo_init_subview
 .text.fifo_put
                0x08001022       0x86 ../../applications/murata-dualstack-example-ns/build/fifo.o
                0x08001022                fifo_put
 .text.fifo_put_byte
                0x080010a8       0x18 ../../applications/murata-dualstack-example-ns/build/fifo.o
                0x080010a8                fifo_put_byte
 .text.fifo_get_size
                0x080010c0       0x1a ../../applications/murata-dualstack-example-ns/build/fifo.o
                0x080010c0                fifo_get_size
 .text.check_len
                0x080010da       0x1c ../../applications/murata-dualstack-example-ns/build/fifo.o
 .text.fifo_skip
                0x080010f6       0x1c ../../applications/murata-dualstack-example-ns/build/fifo.o
                0x080010f6                fifo_skip
 .text.fifo_peek
                0x08001112       0x66 ../../applications/murata-dualstack-example-ns/build/fifo.o
                0x08001112                fifo_peek
 .text.fifo_pop
                0x08001178       0x20 ../../applications/murata-dualstack-example-ns/build/fifo.o
                0x08001178                fifo_pop
 .text.process_serial_frame
                0x08001198      0x168 ../../applications/murata-dualstack-example-ns/build/modem.o
 .text.modem_cb_init
                0x08001300       0x2c ../../applications/murata-dualstack-example-ns/build/modem.o
                0x08001300                modem_cb_init
 .text.modem_process_fifo
                0x0800132c       0x30 ../../applications/murata-dualstack-example-ns/build/modem.o
                0x0800132c                modem_process_fifo
 .text.modem_reinit
                0x0800135c        0xc ../../applications/murata-dualstack-example-ns/build/modem.o
                0x0800135c                modem_reinit
 .text.alloc_command
                0x08001368       0x4c ../../applications/murata-dualstack-example-ns/build/modem.o
                0x08001368                alloc_command
 .text.modem_send_unsolicited_response
                0x080013b4       0x8c ../../applications/murata-dualstack-example-ns/build/modem.o
                0x080013b4                modem_send_unsolicited_response
 .text.verify_payload
                0x08001440       0x50 ../../applications/murata-dualstack-example-ns/build/modem_interface.o
 .text.flush_modem_interface_tx_fifo
                0x08001490       0x5c ../../applications/murata-dualstack-example-ns/build/modem_interface.o
 .text.uart_rx_cb
                0x080014ec       0x28 ../../applications/murata-dualstack-example-ns/build/modem_interface.o
                0x080014ec                uart_rx_cb
 .text.modem_interface_transfer_bytes
                0x08001514       0x64 ../../applications/murata-dualstack-example-ns/build/modem_interface.o
                0x08001514                modem_interface_transfer_bytes
 .text.process_rx_fifo
                0x08001578      0x190 ../../applications/murata-dualstack-example-ns/build/modem_interface.o
                0x08001578                process_rx_fifo
 .text.modem_interface_init
                0x08001708       0x58 ../../applications/murata-dualstack-example-ns/build/modem_interface.o
                0x08001708                modem_interface_init
 .text.modem_interface_register_handler
                0x08001760       0x2c ../../applications/murata-dualstack-example-ns/build/modem_interface.o
                0x08001760                modem_interface_register_handler
 .text.modem_interface_set_target_rebooted_callback
                0x0800178c        0xc ../../applications/murata-dualstack-example-ns/build/modem_interface.o
                0x0800178c                modem_interface_set_target_rebooted_callback
 .text.on_modem_command_completed_callback
                0x08001798       0x14 ../../applications/murata-dualstack-example-ns/build/murata.o
                0x08001798                on_modem_command_completed_callback
 .text.on_modem_return_file_data_callback
                0x080017ac       0x1c ../../applications/murata-dualstack-example-ns/build/murata.o
                0x080017ac                on_modem_return_file_data_callback
 .text.on_modem_write_file_data_callback
                0x080017c8       0x1c ../../applications/murata-dualstack-example-ns/build/murata.o
                0x080017c8                on_modem_write_file_data_callback
 .text.on_modem_interface_status_callback
                0x080017e4       0x88 ../../applications/murata-dualstack-example-ns/build/murata.o
                0x080017e4                on_modem_interface_status_callback
 .text.on_modem_reboot_callback
                0x0800186c       0x14 ../../applications/murata-dualstack-example-ns/build/murata.o
                0x0800186c                on_modem_reboot_callback
 .text.Murata_Initialize
                0x08001880       0xd8 ../../applications/murata-dualstack-example-ns/build/murata.o
                0x08001880                Murata_Initialize
 .text.Murata_LoRaWAN_Join
                0x08001958       0x2c ../../applications/murata-dualstack-example-ns/build/murata.o
                0x08001958                Murata_LoRaWAN_Join
 .text.Murata_LoRaWAN_Send
                0x08001984       0x30 ../../applications/murata-dualstack-example-ns/build/murata.o
                0x08001984                Murata_LoRaWAN_Send
 .text.Murata_Dash7_Send
                0x080019b4       0x30 ../../applications/murata-dualstack-example-ns/build/murata.o
                0x080019b4                Murata_Dash7_Send
 .text.Murata_process_fifo
                0x080019e4        0xa ../../applications/murata-dualstack-example-ns/build/murata.o
                0x080019e4                Murata_process_fifo
 *fill*         0x080019ee        0x2 
 .text.Murata_rxCallback
                0x080019f0       0x20 ../../applications/murata-dualstack-example-ns/build/murata.o
                0x080019f0                Murata_rxCallback
 .text.Initialize_Platform
                0x08001a10        0x8 ../../applications/murata-dualstack-example-ns/build/platform.o
                0x08001a10                Initialize_Platform
 .text.HAL_I2C_Init
                0x08001a18       0xbc ../../applications/murata-dualstack-example-ns/build/stm32l4xx_hal_i2c.o
                0x08001a18                HAL_I2C_Init
 .text.HAL_I2CEx_ConfigAnalogFilter
                0x08001ad4       0x5c ../../applications/murata-dualstack-example-ns/build/stm32l4xx_hal_i2c_ex.o
                0x08001ad4                HAL_I2CEx_ConfigAnalogFilter
 .text.HAL_I2CEx_ConfigDigitalFilter
                0x08001b30       0x58 ../../applications/murata-dualstack-example-ns/build/stm32l4xx_hal_i2c_ex.o
                0x08001b30                HAL_I2CEx_ConfigDigitalFilter
 .text.HAL_SPI_Init
                0x08001b88       0xb0 ../../applications/murata-dualstack-example-ns/build/stm32l4xx_hal_spi.o
                0x08001b88                HAL_SPI_Init
 .text.HAL_SPI_ErrorCallback
                0x08001c38        0x2 ../../applications/murata-dualstack-example-ns/build/stm32l4xx_hal_spi.o
                0x08001c38                HAL_SPI_ErrorCallback
 *fill*         0x08001c3a        0x2 
 .text.HAL_SPI_IRQHandler
                0x08001c3c      0x120 ../../applications/murata-dualstack-example-ns/build/stm32l4xx_hal_spi.o
                0x08001c3c                HAL_SPI_IRQHandler
 .text.SPI_DMAAbortOnError
                0x08001d5c       0x12 ../../applications/murata-dualstack-example-ns/build/stm32l4xx_hal_spi.o
 .text.HAL_IWDG_Init
                0x08001d6e       0x58 ../../applications/murata-dualstack-example-ns/build/stm32l4xx_hal_iwdg.o
                0x08001d6e                HAL_IWDG_Init
 .text.UART_EndRxTransfer
                0x08001dc6       0x20 ../../applications/murata-dualstack-example-ns/build/stm32l4xx_hal_uart.o
 *fill*         0x08001de6        0x2 
 .text.HAL_UART_Receive_IT
                0x08001de8       0xd4 ../../applications/murata-dualstack-example-ns/build/stm32l4xx_hal_uart.o
                0x08001de8                HAL_UART_Receive_IT
 .text.HAL_UART_TxCpltCallback
                0x08001ebc        0x2 ../../applications/murata-dualstack-example-ns/build/stm32l4xx_hal_uart.o
                0x08001ebc                HAL_UART_TxCpltCallback
 .text.UART_EndTransmit_IT
                0x08001ebe       0x1c ../../applications/murata-dualstack-example-ns/build/stm32l4xx_hal_uart.o
 .text.UART_RxISR_8BIT
                0x08001eda       0x60 ../../applications/murata-dualstack-example-ns/build/stm32l4xx_hal_uart.o
 .text.UART_RxISR_16BIT
                0x08001f3a       0x60 ../../applications/murata-dualstack-example-ns/build/stm32l4xx_hal_uart.o
 .text.HAL_UART_ErrorCallback
                0x08001f9a        0x2 ../../applications/murata-dualstack-example-ns/build/stm32l4xx_hal_uart.o
                0x08001f9a                HAL_UART_ErrorCallback
 .text.HAL_UART_IRQHandler
                0x08001f9c      0x15c ../../applications/murata-dualstack-example-ns/build/stm32l4xx_hal_uart.o
                0x08001f9c                HAL_UART_IRQHandler
 .text.UART_DMAAbortOnError
                0x080020f8       0x14 ../../applications/murata-dualstack-example-ns/build/stm32l4xx_hal_uart.o
 .text.UART_SetConfig
                0x0800210c      0x424 ../../applications/murata-dualstack-example-ns/build/stm32l4xx_hal_uart.o
                0x0800210c                UART_SetConfig
 .text.UART_AdvFeatureConfig
                0x08002530       0xca ../../applications/murata-dualstack-example-ns/build/stm32l4xx_hal_uart.o
                0x08002530                UART_AdvFeatureConfig
 .text.UART_WaitOnFlagUntilTimeout
                0x080025fa       0x62 ../../applications/murata-dualstack-example-ns/build/stm32l4xx_hal_uart.o
                0x080025fa                UART_WaitOnFlagUntilTimeout
 .text.HAL_UART_Transmit
                0x0800265c       0xce ../../applications/murata-dualstack-example-ns/build/stm32l4xx_hal_uart.o
                0x0800265c                HAL_UART_Transmit
 .text.UART_CheckIdleState
                0x0800272a       0x70 ../../applications/murata-dualstack-example-ns/build/stm32l4xx_hal_uart.o
                0x0800272a                UART_CheckIdleState
 .text.HAL_UART_Init
                0x0800279a       0x66 ../../applications/murata-dualstack-example-ns/build/stm32l4xx_hal_uart.o
                0x0800279a                HAL_UART_Init
 .text.HAL_UARTEx_WakeupCallback
                0x08002800        0x2 ../../applications/murata-dualstack-example-ns/build/stm32l4xx_hal_uart_ex.o
                0x08002800                HAL_UARTEx_WakeupCallback
 .text.HAL_TIM_Base_MspInit
                0x08002802        0x2 ../../applications/murata-dualstack-example-ns/build/stm32l4xx_hal_tim.o
                0x08002802                HAL_TIM_Base_MspInit
 .text.HAL_TIM_Base_Start_IT
                0x08002804       0x34 ../../applications/murata-dualstack-example-ns/build/stm32l4xx_hal_tim.o
                0x08002804                HAL_TIM_Base_Start_IT
 .text.HAL_TIM_OC_DelayElapsedCallback
                0x08002838        0x2 ../../applications/murata-dualstack-example-ns/build/stm32l4xx_hal_tim.o
                0x08002838                HAL_TIM_OC_DelayElapsedCallback
 .text.HAL_TIM_IC_CaptureCallback
                0x0800283a        0x2 ../../applications/murata-dualstack-example-ns/build/stm32l4xx_hal_tim.o
                0x0800283a                HAL_TIM_IC_CaptureCallback
 .text.HAL_TIM_PWM_PulseFinishedCallback
                0x0800283c        0x2 ../../applications/murata-dualstack-example-ns/build/stm32l4xx_hal_tim.o
                0x0800283c                HAL_TIM_PWM_PulseFinishedCallback
 .text.HAL_TIM_TriggerCallback
                0x0800283e        0x2 ../../applications/murata-dualstack-example-ns/build/stm32l4xx_hal_tim.o
                0x0800283e                HAL_TIM_TriggerCallback
 .text.HAL_TIM_IRQHandler
                0x08002840      0x19a ../../applications/murata-dualstack-example-ns/build/stm32l4xx_hal_tim.o
                0x08002840                HAL_TIM_IRQHandler
 *fill*         0x080029da        0x2 
 .text.TIM_Base_SetConfig
                0x080029dc       0xc8 ../../applications/murata-dualstack-example-ns/build/stm32l4xx_hal_tim.o
                0x080029dc                TIM_Base_SetConfig
 .text.HAL_TIM_Base_Init
                0x08002aa4       0x32 ../../applications/murata-dualstack-example-ns/build/stm32l4xx_hal_tim.o
                0x08002aa4                HAL_TIM_Base_Init
 .text.HAL_TIMEx_CommutationCallback
                0x08002ad6        0x2 ../../applications/murata-dualstack-example-ns/build/stm32l4xx_hal_tim_ex.o
                0x08002ad6                HAL_TIMEx_CommutationCallback
 .text.HAL_TIMEx_BreakCallback
                0x08002ad8        0x2 ../../applications/murata-dualstack-example-ns/build/stm32l4xx_hal_tim_ex.o
                0x08002ad8                HAL_TIMEx_BreakCallback
 .text.HAL_TIMEx_Break2Callback
                0x08002ada        0x2 ../../applications/murata-dualstack-example-ns/build/stm32l4xx_hal_tim_ex.o
                0x08002ada                HAL_TIMEx_Break2Callback
 .text.HAL_Init
                0x08002adc       0x1e ../../applications/murata-dualstack-example-ns/build/stm32l4xx_hal.o
                0x08002adc                HAL_Init
 *fill*         0x08002afa        0x2 
 .text.HAL_IncTick
                0x08002afc       0x10 ../../applications/murata-dualstack-example-ns/build/stm32l4xx_hal.o
                0x08002afc                HAL_IncTick
 .text.HAL_GetTick
                0x08002b0c        0xc ../../applications/murata-dualstack-example-ns/build/stm32l4xx_hal.o
                0x08002b0c                HAL_GetTick
 .text.HAL_Delay
                0x08002b18       0x1e ../../applications/murata-dualstack-example-ns/build/stm32l4xx_hal.o
                0x08002b18                HAL_Delay
 *fill*         0x08002b36        0x2 
 .text.RCC_SetFlashLatencyFromMSIRange
                0x08002b38       0x90 ../../applications/murata-dualstack-example-ns/build/stm32l4xx_hal_rcc.o
 .text.HAL_RCC_GetSysClockFreq
                0x08002bc8       0xd8 ../../applications/murata-dualstack-example-ns/build/stm32l4xx_hal_rcc.o
                0x08002bc8                HAL_RCC_GetSysClockFreq
 .text.HAL_RCC_OscConfig
                0x08002ca0      0x5b4 ../../applications/murata-dualstack-example-ns/build/stm32l4xx_hal_rcc.o
                0x08002ca0                HAL_RCC_OscConfig
 .text.HAL_RCC_ClockConfig
                0x08003254      0x154 ../../applications/murata-dualstack-example-ns/build/stm32l4xx_hal_rcc.o
                0x08003254                HAL_RCC_ClockConfig
 .text.HAL_RCC_GetHCLKFreq
                0x080033a8        0xc ../../applications/murata-dualstack-example-ns/build/stm32l4xx_hal_rcc.o
                0x080033a8                HAL_RCC_GetHCLKFreq
 .text.HAL_RCC_GetPCLK1Freq
                0x080033b4       0x24 ../../applications/murata-dualstack-example-ns/build/stm32l4xx_hal_rcc.o
                0x080033b4                HAL_RCC_GetPCLK1Freq
 .text.HAL_RCC_GetPCLK2Freq
                0x080033d8       0x24 ../../applications/murata-dualstack-example-ns/build/stm32l4xx_hal_rcc.o
                0x080033d8                HAL_RCC_GetPCLK2Freq
 .text.HAL_RCC_GetClockConfig
                0x080033fc       0x3c ../../applications/murata-dualstack-example-ns/build/stm32l4xx_hal_rcc.o
                0x080033fc                HAL_RCC_GetClockConfig
 .text.RCCEx_PLLSAI1_Config
                0x08003438      0x16c ../../applications/murata-dualstack-example-ns/build/stm32l4xx_hal_rcc_ex.o
 .text.RCCEx_PLLSAI2_Config
                0x080035a4      0x148 ../../applications/murata-dualstack-example-ns/build/stm32l4xx_hal_rcc_ex.o
 .text.HAL_RCCEx_PeriphCLKConfig
                0x080036ec      0x46c ../../applications/murata-dualstack-example-ns/build/stm32l4xx_hal_rcc_ex.o
                0x080036ec                HAL_RCCEx_PeriphCLKConfig
 .text.HAL_GPIO_Init
                0x08003b58      0x1b8 ../../applications/murata-dualstack-example-ns/build/stm32l4xx_hal_gpio.o
                0x08003b58                HAL_GPIO_Init
 .text.HAL_GPIO_WritePin
                0x08003d10        0xa ../../applications/murata-dualstack-example-ns/build/stm32l4xx_hal_gpio.o
                0x08003d10                HAL_GPIO_WritePin
 .text.HAL_GPIO_TogglePin
                0x08003d1a        0x8 ../../applications/murata-dualstack-example-ns/build/stm32l4xx_hal_gpio.o
                0x08003d1a                HAL_GPIO_TogglePin
 .text.HAL_DMA_Abort_IT
                0x08003d22       0x50 ../../applications/murata-dualstack-example-ns/build/stm32l4xx_hal_dma.o
                0x08003d22                HAL_DMA_Abort_IT
 *fill*         0x08003d72        0x2 
 .text.HAL_PWREx_GetVoltageRange
                0x08003d74       0x10 ../../applications/murata-dualstack-example-ns/build/stm32l4xx_hal_pwr_ex.o
                0x08003d74                HAL_PWREx_GetVoltageRange
 .text.HAL_PWREx_ControlVoltageScaling
                0x08003d84       0x90 ../../applications/murata-dualstack-example-ns/build/stm32l4xx_hal_pwr_ex.o
                0x08003d84                HAL_PWREx_ControlVoltageScaling
 .text.HAL_PWREx_EnableVddIO2
                0x08003e14       0x10 ../../applications/murata-dualstack-example-ns/build/stm32l4xx_hal_pwr_ex.o
                0x08003e14                HAL_PWREx_EnableVddIO2
 .text.HAL_NVIC_SetPriorityGrouping
                0x08003e24       0x24 ../../applications/murata-dualstack-example-ns/build/stm32l4xx_hal_cortex.o
                0x08003e24                HAL_NVIC_SetPriorityGrouping
 .text.HAL_NVIC_SetPriority
                0x08003e48       0x68 ../../applications/murata-dualstack-example-ns/build/stm32l4xx_hal_cortex.o
                0x08003e48                HAL_NVIC_SetPriority
 .text.HAL_NVIC_EnableIRQ
                0x08003eb0       0x18 ../../applications/murata-dualstack-example-ns/build/stm32l4xx_hal_cortex.o
                0x08003eb0                HAL_NVIC_EnableIRQ
 .text.vListInsertEnd
                0x08003ec8       0x18 ../../applications/murata-dualstack-example-ns/build/list.o
                0x08003ec8                vListInsertEnd
 .text.uxListRemove
                0x08003ee0       0x28 ../../applications/murata-dualstack-example-ns/build/list.o
                0x08003ee0                uxListRemove
 .text.prvResetNextTaskUnblockTime
                0x08003f08       0x2c ../../applications/murata-dualstack-example-ns/build/tasks.o
 .text.xTaskIncrementTick
                0x08003f34      0x118 ../../applications/murata-dualstack-example-ns/build/tasks.o
                0x08003f34                xTaskIncrementTick
 .text.vTaskSwitchContext
                0x0800404c       0x98 ../../applications/murata-dualstack-example-ns/build/tasks.o
                0x0800404c                vTaskSwitchContext
 .text.vTaskNotifyGiveFromISR
                0x080040e4       0xd0 ../../applications/murata-dualstack-example-ns/build/tasks.o
                0x080040e4                vTaskNotifyGiveFromISR
 *fill*         0x080041b4        0xc 
 .text.SVC_Handler
                0x080041c0       0x24 ../../applications/murata-dualstack-example-ns/build/port.o
                0x080041c0                SVC_Handler
 *fill*         0x080041e4        0xc 
 .text.PendSV_Handler
                0x080041f0       0x64 ../../applications/murata-dualstack-example-ns/build/port.o
                0x080041f0                PendSV_Handler
 .text.SysTick_Handler
                0x08004254       0x2c ../../applications/murata-dualstack-example-ns/build/port.o
                0x08004254                SysTick_Handler
 .text.vPortValidateInterruptPriority
                0x08004280       0x5c ../../applications/murata-dualstack-example-ns/build/port.o
                0x08004280                vPortValidateInterruptPriority
 .text.OCTA_GPIO_Init
                0x080042dc      0x308 ../../applications/murata-dualstack-example-ns/build/gpio.o
                0x080042dc                OCTA_GPIO_Init
 .text.common_I2C_Init
                0x080045e4       0x58 ../../applications/murata-dualstack-example-ns/build/i2c.o
                0x080045e4                common_I2C_Init
 .text.P1_I2C_Init
                0x0800463c       0x58 ../../applications/murata-dualstack-example-ns/build/i2c.o
                0x0800463c                P1_I2C_Init
 .text.OCTA_IWDG_Init
                0x08004694       0x2c ../../applications/murata-dualstack-example-ns/build/iwdg.o
                0x08004694                OCTA_IWDG_Init
 .text.IWDG_feed
                0x080046c0       0x10 ../../applications/murata-dualstack-example-ns/build/iwdg.o
                0x080046c0                IWDG_feed
 .text.OCTA_NVIC_Initialize
                0x080046d0       0x24 ../../applications/murata-dualstack-example-ns/build/octa.o
                0x080046d0                OCTA_NVIC_Initialize
 .text.OCTA_Initialize_Common_Peripherals
                0x080046f4       0x20 ../../applications/murata-dualstack-example-ns/build/octa.o
                0x080046f4                OCTA_Initialize_Common_Peripherals
 .text.OCTA_Initialize_P1_Peripherals
                0x08004714       0x54 ../../applications/murata-dualstack-example-ns/build/octa.o
                0x08004714                OCTA_Initialize_P1_Peripherals
 .text.OCTA_Initialize_P2_Peripherals
                0x08004768       0x54 ../../applications/murata-dualstack-example-ns/build/octa.o
                0x08004768                OCTA_Initialize_P2_Peripherals
 .text.OCTA_Initialize_P3_Peripherals
                0x080047bc       0x54 ../../applications/murata-dualstack-example-ns/build/octa.o
                0x080047bc                OCTA_Initialize_P3_Peripherals
 .text.OCTA_Initialize_Platform
                0x08004810       0x18 ../../applications/murata-dualstack-example-ns/build/octa.o
                0x08004810                OCTA_Initialize_Platform
 .text.get_UID  0x08004828       0x20 ../../applications/murata-dualstack-example-ns/build/octa.o
                0x08004828                get_UID
 .text.platform_initialize_UART
                0x08004848       0x3c ../../applications/murata-dualstack-example-ns/build/octa.o
                0x08004848                platform_initialize_UART
 .text.platform_getHeader
                0x08004884       0x9c ../../applications/murata-dualstack-example-ns/build/octa.o
                0x08004884                platform_getHeader
 .text.RTOS_Send_Notification
                0x08004920       0x40 ../../applications/murata-dualstack-example-ns/build/rtosmacros.o
                0x08004920                RTOS_Send_Notification
 .text.FLASH_SPI_Init
                0x08004960       0x4c ../../applications/murata-dualstack-example-ns/build/spi.o
                0x08004960                FLASH_SPI_Init
 .text.HAL_MspInit
                0x080049ac       0x40 ../../applications/murata-dualstack-example-ns/build/stm32l4xx_hal_msp.o
                0x080049ac                HAL_MspInit
 .text.HAL_I2C_MspInit
                0x080049ec      0x18c ../../applications/murata-dualstack-example-ns/build/stm32l4xx_hal_msp.o
                0x080049ec                HAL_I2C_MspInit
 .text.HAL_UART_MspInit
                0x08004b78      0x188 ../../applications/murata-dualstack-example-ns/build/stm32l4xx_hal_msp.o
                0x08004b78                HAL_UART_MspInit
 .text.HAL_SPI_MspInit
                0x08004d00      0x160 ../../applications/murata-dualstack-example-ns/build/stm32l4xx_hal_msp.o
                0x08004d00                HAL_SPI_MspInit
 .text.HAL_InitTick
                0x08004e60       0x78 ../../applications/murata-dualstack-example-ns/build/stm32l4xx_hal_timebase_tim.o
                0x08004e60                HAL_InitTick
 .text.NMI_Handler
                0x08004ed8        0x2 ../../applications/murata-dualstack-example-ns/build/stm32l4xx_it.o
                0x08004ed8                NMI_Handler
 .text.HardFault_Handler
                0x08004eda        0x2 ../../applications/murata-dualstack-example-ns/build/stm32l4xx_it.o
                0x08004eda                HardFault_Handler
 .text.MemManage_Handler
                0x08004edc        0x2 ../../applications/murata-dualstack-example-ns/build/stm32l4xx_it.o
                0x08004edc                MemManage_Handler
 .text.BusFault_Handler
                0x08004ede        0x2 ../../applications/murata-dualstack-example-ns/build/stm32l4xx_it.o
                0x08004ede                BusFault_Handler
 .text.UsageFault_Handler
                0x08004ee0        0x2 ../../applications/murata-dualstack-example-ns/build/stm32l4xx_it.o
                0x08004ee0                UsageFault_Handler
 .text.DebugMon_Handler
                0x08004ee2        0x2 ../../applications/murata-dualstack-example-ns/build/stm32l4xx_it.o
                0x08004ee2                DebugMon_Handler
 .text.TIM1_UP_TIM16_IRQHandler
                0x08004ee4       0x10 ../../applications/murata-dualstack-example-ns/build/stm32l4xx_it.o
                0x08004ee4                TIM1_UP_TIM16_IRQHandler
 .text.USART2_IRQHandler
                0x08004ef4       0x10 ../../applications/murata-dualstack-example-ns/build/stm32l4xx_it.o
                0x08004ef4                USART2_IRQHandler
 .text.USART3_IRQHandler
                0x08004f04       0x10 ../../applications/murata-dualstack-example-ns/build/stm32l4xx_it.o
                0x08004f04                USART3_IRQHandler
 .text.UART5_IRQHandler
                0x08004f14       0x10 ../../applications/murata-dualstack-example-ns/build/stm32l4xx_it.o
                0x08004f14                UART5_IRQHandler
 .text.SPI1_IRQHandler
                0x08004f24       0x10 ../../applications/murata-dualstack-example-ns/build/stm32l4xx_it.o
                0x08004f24                SPI1_IRQHandler
 .text.SPI2_IRQHandler
                0x08004f34       0x10 ../../applications/murata-dualstack-example-ns/build/stm32l4xx_it.o
                0x08004f34                SPI2_IRQHandler
 .text.SPI3_IRQHandler
                0x08004f44       0x10 ../../applications/murata-dualstack-example-ns/build/stm32l4xx_it.o
                0x08004f44                SPI3_IRQHandler
 .text.SystemClock_Config
                0x08004f54       0xb8 ../../applications/murata-dualstack-example-ns/build/sysclock.o
                0x08004f54                SystemClock_Config
 .text.SystemInit
                0x0800500c       0x48 ../../applications/murata-dualstack-example-ns/build/system_stm32l4xx.o
                0x0800500c                SystemInit
 .text.USB_UART_Init
                0x08005054       0x34 ../../applications/murata-dualstack-example-ns/build/uart.o
                0x08005054                USB_UART_Init
 .text.P1_UART_Init
                0x08005088       0x48 ../../applications/murata-dualstack-example-ns/build/uart.o
                0x08005088                P1_UART_Init
 .text.P2_UART_Init
                0x080050d0       0x48 ../../applications/murata-dualstack-example-ns/build/uart.o
                0x080050d0                P2_UART_Init
 .text.P3_UART_Init
                0x08005118       0x48 ../../applications/murata-dualstack-example-ns/build/uart.o
                0x08005118                P3_UART_Init
 .text.__io_putchar
                0x08005160       0x24 ../../applications/murata-dualstack-example-ns/build/uart.o
                0x08005160                __io_putchar
 .text._write   0x08005184       0x1c ../../applications/murata-dualstack-example-ns/build/uart.o
                0x08005184                _write
 .text.Reset_Handler
                0x080051a0       0x50 ../../applications/murata-dualstack-example-ns/build/startup_stm32l496xx.o
                0x080051a0                Reset_Handler
 .text.Default_Handler
                0x080051f0        0x2 ../../applications/murata-dualstack-example-ns/build/startup_stm32l496xx.o
                0x080051f0                RTC_Alarm_IRQHandler
                0x080051f0                EXTI2_IRQHandler
                0x080051f0                TIM8_TRG_COM_IRQHandler
                0x080051f0                TIM8_CC_IRQHandler
                0x080051f0                TIM1_CC_IRQHandler
                0x080051f0                TSC_IRQHandler
                0x080051f0                TAMP_STAMP_IRQHandler
                0x080051f0                CAN2_RX1_IRQHandler
                0x080051f0                EXTI3_IRQHandler
                0x080051f0                LPTIM2_IRQHandler
                0x080051f0                DFSDM1_FLT1_IRQHandler
                0x080051f0                I2C3_ER_IRQHandler
                0x080051f0                DFSDM1_FLT2_IRQHandler
                0x080051f0                EXTI0_IRQHandler
                0x080051f0                I2C2_EV_IRQHandler
                0x080051f0                CAN1_RX0_IRQHandler
                0x080051f0                FPU_IRQHandler
                0x080051f0                CAN2_SCE_IRQHandler
                0x080051f0                ADC1_2_IRQHandler
                0x080051f0                TIM6_DAC_IRQHandler
                0x080051f0                DCMI_IRQHandler
                0x080051f0                CAN2_RX0_IRQHandler
                0x080051f0                TIM8_UP_IRQHandler
                0x080051f0                DMA2_Channel2_IRQHandler
                0x080051f0                DMA1_Channel4_IRQHandler
                0x080051f0                SAI2_IRQHandler
                0x080051f0                DFSDM1_FLT3_IRQHandler
                0x080051f0                DMA1_Channel7_IRQHandler
                0x080051f0                CAN1_RX1_IRQHandler
                0x080051f0                LCD_IRQHandler
                0x080051f0                ADC3_IRQHandler
                0x080051f0                TIM4_IRQHandler
                0x080051f0                DMA2_Channel1_IRQHandler
                0x080051f0                QUADSPI_IRQHandler
                0x080051f0                I2C1_EV_IRQHandler
                0x080051f0                DMA1_Channel6_IRQHandler
                0x080051f0                UART4_IRQHandler
                0x080051f0                DMA2_Channel4_IRQHandler
                0x080051f0                TIM3_IRQHandler
                0x080051f0                RCC_IRQHandler
                0x080051f0                DMA1_Channel1_IRQHandler
                0x080051f0                Default_Handler
                0x080051f0                DMA2_Channel7_IRQHandler
                0x080051f0                EXTI15_10_IRQHandler
                0x080051f0                TIM7_IRQHandler
                0x080051f0                SDMMC1_IRQHandler
                0x080051f0                CAN2_TX_IRQHandler
                0x080051f0                TIM5_IRQHandler
                0x080051f0                I2C3_EV_IRQHandler
                0x080051f0                EXTI9_5_IRQHandler
                0x080051f0                RTC_WKUP_IRQHandler
                0x080051f0                PVD_PVM_IRQHandler
                0x080051f0                CAN1_TX_IRQHandler
                0x080051f0                DMA2_Channel5_IRQHandler
                0x080051f0                CRS_IRQHandler
                0x080051f0                DMA1_Channel5_IRQHandler
                0x080051f0                EXTI4_IRQHandler
                0x080051f0                RNG_IRQHandler
                0x080051f0                TIM1_TRG_COM_TIM17_IRQHandler
                0x080051f0                DMA1_Channel3_IRQHandler
                0x080051f0                COMP_IRQHandler
                0x080051f0                WWDG_IRQHandler
                0x080051f0                I2C4_EV_IRQHandler
                0x080051f0                LPUART1_IRQHandler
                0x080051f0                DMA2_Channel6_IRQHandler
                0x080051f0                TIM2_IRQHandler
                0x080051f0                EXTI1_IRQHandler
                0x080051f0                DFSDM1_FLT0_IRQHandler
                0x080051f0                I2C2_ER_IRQHandler
                0x080051f0                DMA1_Channel2_IRQHandler
                0x080051f0                TIM8_BRK_IRQHandler
                0x080051f0                CAN1_SCE_IRQHandler
                0x080051f0                FLASH_IRQHandler
                0x080051f0                USART1_IRQHandler
                0x080051f0                OTG_FS_IRQHandler
                0x080051f0                I2C1_ER_IRQHandler
                0x080051f0                FMC_IRQHandler
                0x080051f0                SWPMI1_IRQHandler
                0x080051f0                LPTIM1_IRQHandler
                0x080051f0                I2C4_ER_IRQHandler
                0x080051f0                SAI1_IRQHandler
                0x080051f0                DMA2_Channel3_IRQHandler
                0x080051f0                TIM1_BRK_TIM15_IRQHandler
 *fill*         0x080051f2        0x2 
 .text.__assert_func
                0x080051f4       0x3c c:/program files (x86)/gnu tools arm embedded/7 2018-q2-update/bin/../lib/gcc/arm-none-eabi/7.3.1/../../../../arm-none-eabi/lib/thumb/v7e-m/fpv4-sp/hard\libc_nano.a(lib_a-assert.o)
                0x080051f4                __assert_func
 .text.fprintf  0x08005230       0x24 c:/program files (x86)/gnu tools arm embedded/7 2018-q2-update/bin/../lib/gcc/arm-none-eabi/7.3.1/../../../../arm-none-eabi/lib/thumb/v7e-m/fpv4-sp/hard\libc_nano.a(lib_a-fprintf.o)
                0x08005230                fiprintf
                0x08005230                fprintf
 .text.__libc_init_array
                0x08005254       0x48 c:/program files (x86)/gnu tools arm embedded/7 2018-q2-update/bin/../lib/gcc/arm-none-eabi/7.3.1/../../../../arm-none-eabi/lib/thumb/v7e-m/fpv4-sp/hard\libc_nano.a(lib_a-init.o)
                0x08005254                __libc_init_array
 .text.memcpy   0x0800529c       0x16 c:/program files (x86)/gnu tools arm embedded/7 2018-q2-update/bin/../lib/gcc/arm-none-eabi/7.3.1/../../../../arm-none-eabi/lib/thumb/v7e-m/fpv4-sp/hard\libc_nano.a(lib_a-memcpy-stub.o)
                0x0800529c                memcpy
 .text.memset   0x080052b2       0x10 c:/program files (x86)/gnu tools arm embedded/7 2018-q2-update/bin/../lib/gcc/arm-none-eabi/7.3.1/../../../../arm-none-eabi/lib/thumb/v7e-m/fpv4-sp/hard\libc_nano.a(lib_a-memset.o)
                0x080052b2                memset
 .text.__sfputc_r
                0x080052c2       0x2e c:/program files (x86)/gnu tools arm embedded/7 2018-q2-update/bin/../lib/gcc/arm-none-eabi/7.3.1/../../../../arm-none-eabi/lib/thumb/v7e-m/fpv4-sp/hard\libc_nano.a(lib_a-nano-vfprintf.o)
 .text.__sfputs_r
                0x080052f0       0x24 c:/program files (x86)/gnu tools arm embedded/7 2018-q2-update/bin/../lib/gcc/arm-none-eabi/7.3.1/../../../../arm-none-eabi/lib/thumb/v7e-m/fpv4-sp/hard\libc_nano.a(lib_a-nano-vfprintf.o)
                0x080052f0                __sfputs_r
 .text._vfprintf_r
                0x08005314      0x22c c:/program files (x86)/gnu tools arm embedded/7 2018-q2-update/bin/../lib/gcc/arm-none-eabi/7.3.1/../../../../arm-none-eabi/lib/thumb/v7e-m/fpv4-sp/hard\libc_nano.a(lib_a-nano-vfprintf.o)
                0x08005314                _vfprintf_r
                0x08005314                _vfiprintf_r
 .text._printf_common
                0x08005540       0xea c:/program files (x86)/gnu tools arm embedded/7 2018-q2-update/bin/../lib/gcc/arm-none-eabi/7.3.1/../../../../arm-none-eabi/lib/thumb/v7e-m/fpv4-sp/hard\libc_nano.a(lib_a-nano-vfprintf_i.o)
                0x08005540                _printf_common
 *fill*         0x0800562a        0x2 
 .text._printf_i
                0x0800562c      0x224 c:/program files (x86)/gnu tools arm embedded/7 2018-q2-update/bin/../lib/gcc/arm-none-eabi/7.3.1/../../../../arm-none-eabi/lib/thumb/v7e-m/fpv4-sp/hard\libc_nano.a(lib_a-nano-vfprintf_i.o)
                0x0800562c                _printf_i
 .text.printf   0x08005850       0x30 c:/program files (x86)/gnu tools arm embedded/7 2018-q2-update/bin/../lib/gcc/arm-none-eabi/7.3.1/../../../../arm-none-eabi/lib/thumb/v7e-m/fpv4-sp/hard\libc_nano.a(lib_a-printf.o)
                0x08005850                iprintf
                0x08005850                printf
 .text._puts_r  0x08005880       0xb8 c:/program files (x86)/gnu tools arm embedded/7 2018-q2-update/bin/../lib/gcc/arm-none-eabi/7.3.1/../../../../arm-none-eabi/lib/thumb/v7e-m/fpv4-sp/hard\libc_nano.a(lib_a-puts.o)
                0x08005880                _puts_r
 .text.puts     0x08005938       0x10 c:/program files (x86)/gnu tools arm embedded/7 2018-q2-update/bin/../lib/gcc/arm-none-eabi/7.3.1/../../../../arm-none-eabi/lib/thumb/v7e-m/fpv4-sp/hard\libc_nano.a(lib_a-puts.o)
                0x08005938                puts
 .text.__swbuf_r
                0x08005948       0xa4 c:/program files (x86)/gnu tools arm embedded/7 2018-q2-update/bin/../lib/gcc/arm-none-eabi/7.3.1/../../../../arm-none-eabi/lib/thumb/v7e-m/fpv4-sp/hard\libc_nano.a(lib_a-wbuf.o)
                0x08005948                __swbuf_r
 .text.__swsetup_r
                0x080059ec       0xdc c:/program files (x86)/gnu tools arm embedded/7 2018-q2-update/bin/../lib/gcc/arm-none-eabi/7.3.1/../../../../arm-none-eabi/lib/thumb/v7e-m/fpv4-sp/hard\libc_nano.a(lib_a-wsetup.o)
                0x080059ec                __swsetup_r
 .text.abort    0x08005ac8        0xe c:/program files (x86)/gnu tools arm embedded/7 2018-q2-update/bin/../lib/gcc/arm-none-eabi/7.3.1/../../../../arm-none-eabi/lib/thumb/v7e-m/fpv4-sp/hard\libc_nano.a(lib_a-abort.o)
                0x08005ac8                abort
 *fill*         0x08005ad6        0x2 
 .text.__sflush_r
                0x08005ad8      0x10c c:/program files (x86)/gnu tools arm embedded/7 2018-q2-update/bin/../lib/gcc/arm-none-eabi/7.3.1/../../../../arm-none-eabi/lib/thumb/v7e-m/fpv4-sp/hard\libc_nano.a(lib_a-fflush.o)
                0x08005ad8                __sflush_r
 .text._fflush_r
                0x08005be4       0x54 c:/program files (x86)/gnu tools arm embedded/7 2018-q2-update/bin/../lib/gcc/arm-none-eabi/7.3.1/../../../../arm-none-eabi/lib/thumb/v7e-m/fpv4-sp/hard\libc_nano.a(lib_a-fflush.o)
                0x08005be4                _fflush_r
 .text.std      0x08005c38       0x48 c:/program files (x86)/gnu tools arm embedded/7 2018-q2-update/bin/../lib/gcc/arm-none-eabi/7.3.1/../../../../arm-none-eabi/lib/thumb/v7e-m/fpv4-sp/hard\libc_nano.a(lib_a-findfp.o)
 .text._cleanup_r
                0x08005c80        0xc c:/program files (x86)/gnu tools arm embedded/7 2018-q2-update/bin/../lib/gcc/arm-none-eabi/7.3.1/../../../../arm-none-eabi/lib/thumb/v7e-m/fpv4-sp/hard\libc_nano.a(lib_a-findfp.o)
                0x08005c80                _cleanup_r
 .text.__sfmoreglue
                0x08005c8c       0x2c c:/program files (x86)/gnu tools arm embedded/7 2018-q2-update/bin/../lib/gcc/arm-none-eabi/7.3.1/../../../../arm-none-eabi/lib/thumb/v7e-m/fpv4-sp/hard\libc_nano.a(lib_a-findfp.o)
                0x08005c8c                __sfmoreglue
 .text.__sinit  0x08005cb8       0x60 c:/program files (x86)/gnu tools arm embedded/7 2018-q2-update/bin/../lib/gcc/arm-none-eabi/7.3.1/../../../../arm-none-eabi/lib/thumb/v7e-m/fpv4-sp/hard\libc_nano.a(lib_a-findfp.o)
                0x08005cb8                __sinit
 .text.__sfp    0x08005d18       0x78 c:/program files (x86)/gnu tools arm embedded/7 2018-q2-update/bin/../lib/gcc/arm-none-eabi/7.3.1/../../../../arm-none-eabi/lib/thumb/v7e-m/fpv4-sp/hard\libc_nano.a(lib_a-findfp.o)
                0x08005d18                __sfp
 .text._fwalk_reent
                0x08005d90       0x3c c:/program files (x86)/gnu tools arm embedded/7 2018-q2-update/bin/../lib/gcc/arm-none-eabi/7.3.1/../../../../arm-none-eabi/lib/thumb/v7e-m/fpv4-sp/hard\libc_nano.a(lib_a-fwalk.o)
                0x08005d90                _fwalk_reent
 .text.__swhatbuf_r
                0x08005dcc       0x48 c:/program files (x86)/gnu tools arm embedded/7 2018-q2-update/bin/../lib/gcc/arm-none-eabi/7.3.1/../../../../arm-none-eabi/lib/thumb/v7e-m/fpv4-sp/hard\libc_nano.a(lib_a-makebuf.o)
                0x08005dcc                __swhatbuf_r
 .text.__smakebuf_r
                0x08005e14       0x80 c:/program files (x86)/gnu tools arm embedded/7 2018-q2-update/bin/../lib/gcc/arm-none-eabi/7.3.1/../../../../arm-none-eabi/lib/thumb/v7e-m/fpv4-sp/hard\libc_nano.a(lib_a-makebuf.o)
                0x08005e14                __smakebuf_r
 .text._free_r  0x08005e94       0x9c c:/program files (x86)/gnu tools arm embedded/7 2018-q2-update/bin/../lib/gcc/arm-none-eabi/7.3.1/../../../../arm-none-eabi/lib/thumb/v7e-m/fpv4-sp/hard\libc_nano.a(lib_a-nano-freer.o)
                0x08005e94                _free_r
 .text._malloc_r
                0x08005f30       0xb4 c:/program files (x86)/gnu tools arm embedded/7 2018-q2-update/bin/../lib/gcc/arm-none-eabi/7.3.1/../../../../arm-none-eabi/lib/thumb/v7e-m/fpv4-sp/hard\libc_nano.a(lib_a-nano-mallocr.o)
                0x08005f30                _malloc_r
 .text._sbrk_r  0x08005fe4       0x20 c:/program files (x86)/gnu tools arm embedded/7 2018-q2-update/bin/../lib/gcc/arm-none-eabi/7.3.1/../../../../arm-none-eabi/lib/thumb/v7e-m/fpv4-sp/hard\libc_nano.a(lib_a-sbrkr.o)
                0x08005fe4                _sbrk_r
 .text._raise_r
                0x08006004       0x50 c:/program files (x86)/gnu tools arm embedded/7 2018-q2-update/bin/../lib/gcc/arm-none-eabi/7.3.1/../../../../arm-none-eabi/lib/thumb/v7e-m/fpv4-sp/hard\libc_nano.a(lib_a-signal.o)
                0x08006004                _raise_r
 .text.raise    0x08006054       0x10 c:/program files (x86)/gnu tools arm embedded/7 2018-q2-update/bin/../lib/gcc/arm-none-eabi/7.3.1/../../../../arm-none-eabi/lib/thumb/v7e-m/fpv4-sp/hard\libc_nano.a(lib_a-signal.o)
                0x08006054                raise
 .text._kill_r  0x08006064       0x24 c:/program files (x86)/gnu tools arm embedded/7 2018-q2-update/bin/../lib/gcc/arm-none-eabi/7.3.1/../../../../arm-none-eabi/lib/thumb/v7e-m/fpv4-sp/hard\libc_nano.a(lib_a-signalr.o)
                0x08006064                _kill_r
 .text._getpid_r
                0x08006088        0x4 c:/program files (x86)/gnu tools arm embedded/7 2018-q2-update/bin/../lib/gcc/arm-none-eabi/7.3.1/../../../../arm-none-eabi/lib/thumb/v7e-m/fpv4-sp/hard\libc_nano.a(lib_a-signalr.o)
                0x08006088                _getpid_r
 .text.__sread  0x0800608c       0x22 c:/program files (x86)/gnu tools arm embedded/7 2018-q2-update/bin/../lib/gcc/arm-none-eabi/7.3.1/../../../../arm-none-eabi/lib/thumb/v7e-m/fpv4-sp/hard\libc_nano.a(lib_a-stdio.o)
                0x0800608c                __sread
 .text.__swrite
                0x080060ae       0x38 c:/program files (x86)/gnu tools arm embedded/7 2018-q2-update/bin/../lib/gcc/arm-none-eabi/7.3.1/../../../../arm-none-eabi/lib/thumb/v7e-m/fpv4-sp/hard\libc_nano.a(lib_a-stdio.o)
                0x080060ae                __swrite
 .text.__sseek  0x080060e6       0x24 c:/program files (x86)/gnu tools arm embedded/7 2018-q2-update/bin/../lib/gcc/arm-none-eabi/7.3.1/../../../../arm-none-eabi/lib/thumb/v7e-m/fpv4-sp/hard\libc_nano.a(lib_a-stdio.o)
                0x080060e6                __sseek
 .text.__sclose
                0x0800610a        0x8 c:/program files (x86)/gnu tools arm embedded/7 2018-q2-update/bin/../lib/gcc/arm-none-eabi/7.3.1/../../../../arm-none-eabi/lib/thumb/v7e-m/fpv4-sp/hard\libc_nano.a(lib_a-stdio.o)
                0x0800610a                __sclose
 *fill*         0x08006112        0x2 
 .text._write_r
                0x08006114       0x24 c:/program files (x86)/gnu tools arm embedded/7 2018-q2-update/bin/../lib/gcc/arm-none-eabi/7.3.1/../../../../arm-none-eabi/lib/thumb/v7e-m/fpv4-sp/hard\libc_nano.a(lib_a-writer.o)
                0x08006114                _write_r
 .text._close_r
                0x08006138       0x20 c:/program files (x86)/gnu tools arm embedded/7 2018-q2-update/bin/../lib/gcc/arm-none-eabi/7.3.1/../../../../arm-none-eabi/lib/thumb/v7e-m/fpv4-sp/hard\libc_nano.a(lib_a-closer.o)
                0x08006138                _close_r
 .text._fstat_r
                0x08006158       0x24 c:/program files (x86)/gnu tools arm embedded/7 2018-q2-update/bin/../lib/gcc/arm-none-eabi/7.3.1/../../../../arm-none-eabi/lib/thumb/v7e-m/fpv4-sp/hard\libc_nano.a(lib_a-fstatr.o)
                0x08006158                _fstat_r
 .text._isatty_r
                0x0800617c       0x20 c:/program files (x86)/gnu tools arm embedded/7 2018-q2-update/bin/../lib/gcc/arm-none-eabi/7.3.1/../../../../arm-none-eabi/lib/thumb/v7e-m/fpv4-sp/hard\libc_nano.a(lib_a-isattyr.o)
                0x0800617c                _isatty_r
 .text._lseek_r
                0x0800619c       0x24 c:/program files (x86)/gnu tools arm embedded/7 2018-q2-update/bin/../lib/gcc/arm-none-eabi/7.3.1/../../../../arm-none-eabi/lib/thumb/v7e-m/fpv4-sp/hard\libc_nano.a(lib_a-lseekr.o)
                0x0800619c                _lseek_r
 .text.__malloc_lock
                0x080061c0        0x2 c:/program files (x86)/gnu tools arm embedded/7 2018-q2-update/bin/../lib/gcc/arm-none-eabi/7.3.1/../../../../arm-none-eabi/lib/thumb/v7e-m/fpv4-sp/hard\libc_nano.a(lib_a-mlock.o)
                0x080061c0                __malloc_lock
 .text.__malloc_unlock
                0x080061c2        0x2 c:/program files (x86)/gnu tools arm embedded/7 2018-q2-update/bin/../lib/gcc/arm-none-eabi/7.3.1/../../../../arm-none-eabi/lib/thumb/v7e-m/fpv4-sp/hard\libc_nano.a(lib_a-mlock.o)
                0x080061c2                __malloc_unlock
 .text._read_r  0x080061c4       0x24 c:/program files (x86)/gnu tools arm embedded/7 2018-q2-update/bin/../lib/gcc/arm-none-eabi/7.3.1/../../../../arm-none-eabi/lib/thumb/v7e-m/fpv4-sp/hard\libc_nano.a(lib_a-readr.o)
                0x080061c4                _read_r
 .text._close   0x080061e8       0x10 c:/program files (x86)/gnu tools arm embedded/7 2018-q2-update/bin/../lib/gcc/arm-none-eabi/7.3.1/../../../../arm-none-eabi/lib/thumb/v7e-m/fpv4-sp/hard\libnosys.a(close.o)
                0x080061e8                _close
 .text._fstat   0x080061f8       0x10 c:/program files (x86)/gnu tools arm embedded/7 2018-q2-update/bin/../lib/gcc/arm-none-eabi/7.3.1/../../../../arm-none-eabi/lib/thumb/v7e-m/fpv4-sp/hard\libnosys.a(fstat.o)
                0x080061f8                _fstat
 .text._getpid  0x08006208       0x10 c:/program files (x86)/gnu tools arm embedded/7 2018-q2-update/bin/../lib/gcc/arm-none-eabi/7.3.1/../../../../arm-none-eabi/lib/thumb/v7e-m/fpv4-sp/hard\libnosys.a(getpid.o)
                0x08006208                _getpid
 .text._isatty  0x08006218       0x10 c:/program files (x86)/gnu tools arm embedded/7 2018-q2-update/bin/../lib/gcc/arm-none-eabi/7.3.1/../../../../arm-none-eabi/lib/thumb/v7e-m/fpv4-sp/hard\libnosys.a(isatty.o)
                0x08006218                _isatty
 .text._kill    0x08006228       0x10 c:/program files (x86)/gnu tools arm embedded/7 2018-q2-update/bin/../lib/gcc/arm-none-eabi/7.3.1/../../../../arm-none-eabi/lib/thumb/v7e-m/fpv4-sp/hard\libnosys.a(kill.o)
                0x08006228                _kill
 .text._lseek   0x08006238       0x10 c:/program files (x86)/gnu tools arm embedded/7 2018-q2-update/bin/../lib/gcc/arm-none-eabi/7.3.1/../../../../arm-none-eabi/lib/thumb/v7e-m/fpv4-sp/hard\libnosys.a(lseek.o)
                0x08006238                _lseek
 .text._read    0x08006248       0x10 c:/program files (x86)/gnu tools arm embedded/7 2018-q2-update/bin/../lib/gcc/arm-none-eabi/7.3.1/../../../../arm-none-eabi/lib/thumb/v7e-m/fpv4-sp/hard\libnosys.a(read.o)
                0x08006248                _read
 .text._sbrk    0x08006258       0x1c c:/program files (x86)/gnu tools arm embedded/7 2018-q2-update/bin/../lib/gcc/arm-none-eabi/7.3.1/../../../../arm-none-eabi/lib/thumb/v7e-m/fpv4-sp/hard\libnosys.a(sbrk.o)
                0x08006258                _sbrk
 .text._exit    0x08006274        0x4 c:/program files (x86)/gnu tools arm embedded/7 2018-q2-update/bin/../lib/gcc/arm-none-eabi/7.3.1/../../../../arm-none-eabi/lib/thumb/v7e-m/fpv4-sp/hard\libnosys.a(_exit.o)
                0x08006274                _exit
 *(.glue_7)
 .glue_7        0x08006278        0x0 linker stubs
 *(.glue_7t)
 .glue_7t       0x08006278        0x0 linker stubs
 *(.eh_frame)
 .eh_frame      0x08006278        0x0 c:/program files (x86)/gnu tools arm embedded/7 2018-q2-update/bin/../lib/gcc/arm-none-eabi/7.3.1/thumb/v7e-m/fpv4-sp/hard/crtbegin.o
 *(.init)
 .init          0x08006278        0x4 c:/program files (x86)/gnu tools arm embedded/7 2018-q2-update/bin/../lib/gcc/arm-none-eabi/7.3.1/thumb/v7e-m/fpv4-sp/hard/crti.o
                0x08006278                _init
 .init          0x0800627c        0x8 c:/program files (x86)/gnu tools arm embedded/7 2018-q2-update/bin/../lib/gcc/arm-none-eabi/7.3.1/thumb/v7e-m/fpv4-sp/hard/crtn.o
 *(.fini)
 .fini          0x08006284        0x4 c:/program files (x86)/gnu tools arm embedded/7 2018-q2-update/bin/../lib/gcc/arm-none-eabi/7.3.1/thumb/v7e-m/fpv4-sp/hard/crti.o
                0x08006284                _fini
 .fini          0x08006288        0x8 c:/program files (x86)/gnu tools arm embedded/7 2018-q2-update/bin/../lib/gcc/arm-none-eabi/7.3.1/thumb/v7e-m/fpv4-sp/hard/crtn.o
                0x08006290                . = ALIGN (0x8)
                0x08006290                _etext = .

.vfp11_veneer   0x08006290        0x0
 .vfp11_veneer  0x08006290        0x0 linker stubs

.v4_bx          0x08006290        0x0
 .v4_bx         0x08006290        0x0 linker stubs

.iplt           0x08006290        0x0
 .iplt          0x08006290        0x0 c:/program files (x86)/gnu tools arm embedded/7 2018-q2-update/bin/../lib/gcc/arm-none-eabi/7.3.1/thumb/v7e-m/fpv4-sp/hard/crtbegin.o

.rodata         0x08006290     0x1100
                0x08006290                . = ALIGN (0x8)
 *(.rodata)
 *(.rodata*)
 .rodata.LoRaWAN_send.str1.4
                0x08006290       0x25 ../../applications/murata-dualstack-example-ns/build/murata-dualstack-example-ns.o
 *fill*         0x080062b5        0x3 
 .rodata.main.str1.4
                0x080062b8       0x3c ../../applications/murata-dualstack-example-ns/build/murata-dualstack-example-ns.o
 .rodata.printWelcome.str1.4
                0x080062f4       0x74 ../../applications/murata-dualstack-example-ns/build/murata-dualstack-example-ns.o
                                 0x78 (size before relaxing)
 .rodata.__func__.6200
                0x08006368       0x19 ../../applications/murata-dualstack-example-ns/build/alp.o
 *fill*         0x08006381        0x3 
 .rodata.__func__.6732
                0x08006384       0x1a ../../applications/murata-dualstack-example-ns/build/alp.o
 *fill*         0x0800639e        0x2 
 .rodata.__func__.6742
                0x080063a0       0x1e ../../applications/murata-dualstack-example-ns/build/alp.o
 *fill*         0x080063be        0x2 
 .rodata.__func__.6769
                0x080063c0       0x1a ../../applications/murata-dualstack-example-ns/build/alp.o
 *fill*         0x080063da        0x2 
 .rodata.__func__.6782
                0x080063dc       0x23 ../../applications/murata-dualstack-example-ns/build/alp.o
 *fill*         0x080063ff        0x1 
 .rodata.__func__.6804
                0x08006400       0x18 ../../applications/murata-dualstack-example-ns/build/alp.o
 .rodata.__func__.6819
                0x08006418       0x14 ../../applications/murata-dualstack-example-ns/build/alp.o
 .rodata.__func__.6826
                0x0800642c       0x17 ../../applications/murata-dualstack-example-ns/build/alp.o
 *fill*         0x08006443        0x1 
 .rodata.__func__.6836
                0x08006444       0x11 ../../applications/murata-dualstack-example-ns/build/alp.o
 *fill*         0x08006455        0x3 
 .rodata.__func__.6873
                0x08006458       0x1e ../../applications/murata-dualstack-example-ns/build/alp.o
 *fill*         0x08006476        0x2 
 .rodata.alp_append_file_offset_operand.str1.4
                0x08006478       0x2c ../../applications/murata-dualstack-example-ns/build/alp.o
 .rodata.alp_append_forward_action.str1.4
                0x080064a4      0x61a ../../applications/murata-dualstack-example-ns/build/alp.o
 *fill*         0x08006abe        0x2 
 .rodata.alp_append_length_operand.str1.4
                0x08006ac0       0x97 ../../applications/murata-dualstack-example-ns/build/alp.o
 *fill*         0x08006b57        0x1 
 .rodata.alp_append_return_file_data_action.str1.4
                0x08006b58       0x68 ../../applications/murata-dualstack-example-ns/build/alp.o
 .rodata.alp_append_tag_request_action.str1.4
                0x08006bc0       0x53 ../../applications/murata-dualstack-example-ns/build/alp.o
 *fill*         0x08006c13        0x1 
 .rodata.alp_parse_action.str1.4
                0x08006c14       0x26 ../../applications/murata-dualstack-example-ns/build/alp.o
 *fill*         0x08006c3a        0x2 
 .rodata.alp_parse_file_offset_operand.str1.4
                0x08006c3c       0x13 ../../applications/murata-dualstack-example-ns/build/alp.o
 *fill*         0x08006c4f        0x1 
 .rodata.parse_op_return_status.str1.4
                0x08006c50       0xc4 ../../applications/murata-dualstack-example-ns/build/alp.o
 .rodata.parse_op_return_tag.str1.4
                0x08006d14       0x69 ../../applications/murata-dualstack-example-ns/build/alp.o
 *fill*         0x08006d7d        0x3 
 .rodata.parse_operand_file_data.str1.4
                0x08006d80       0x59 ../../applications/murata-dualstack-example-ns/build/alp.o
 *fill*         0x08006dd9        0x3 
 .rodata.alloc_command.str1.4
                0x08006ddc       0x1a ../../applications/murata-dualstack-example-ns/build/modem.o
 *fill*         0x08006df6        0x2 
 .rodata.process_serial_frame.str1.4
                0x08006df8       0x46 ../../applications/murata-dualstack-example-ns/build/modem.o
                                 0x7a (size before relaxing)
 *fill*         0x08006e3e        0x2 
 .rodata.process_rx_fifo.str1.4
                0x08006e40       0x93 ../../applications/murata-dualstack-example-ns/build/modem_interface.o
 *fill*         0x08006ed3        0x1 
 .rodata.Murata_Dash7_Send.str1.4
                0x08006ed4       0x2d ../../applications/murata-dualstack-example-ns/build/murata.o
 *fill*         0x08006f01        0x3 
 .rodata.Murata_Initialize.str1.4
                0x08006f04       0xd6 ../../applications/murata-dualstack-example-ns/build/murata.o
 *fill*         0x08006fda        0x2 
 .rodata.Murata_LoRaWAN_Join.str1.4
                0x08006fdc       0x1d ../../applications/murata-dualstack-example-ns/build/murata.o
 *fill*         0x08006ff9        0x3 
 .rodata.Murata_LoRaWAN_Send.str1.4
                0x08006ffc       0x2f ../../applications/murata-dualstack-example-ns/build/murata.o
 *fill*         0x0800702b        0x1 
 .rodata.on_modem_command_completed_callback.str1.4
                0x0800702c       0x3c ../../applications/murata-dualstack-example-ns/build/murata.o
 .rodata.on_modem_interface_status_callback.str1.4
                0x08007068      0x139 ../../applications/murata-dualstack-example-ns/build/murata.o
 *fill*         0x080071a1        0x3 
 .rodata.on_modem_reboot_callback.str1.4
                0x080071a4       0x28 ../../applications/murata-dualstack-example-ns/build/murata.o
 .rodata.on_modem_return_file_data_callback.str1.4
                0x080071cc       0x46 ../../applications/murata-dualstack-example-ns/build/murata.o
 *fill*         0x08007212        0x2 
 .rodata.on_modem_write_file_data_callback.str1.4
                0x08007214       0x45 ../../applications/murata-dualstack-example-ns/build/murata.o
 *fill*         0x08007259        0x3 
 .rodata.platform_getHeader.str1.4
                0x0800725c       0x14 ../../applications/murata-dualstack-example-ns/build/octa.o
                                 0x13 (size before relaxing)
 .rodata.AHBPrescTable
                0x08007270       0x10 ../../applications/murata-dualstack-example-ns/build/system_stm32l4xx.o
                0x08007270                AHBPrescTable
 .rodata.APBPrescTable
                0x08007280        0x8 ../../applications/murata-dualstack-example-ns/build/system_stm32l4xx.o
                0x08007280                APBPrescTable
 .rodata.MSIRangeTable
                0x08007288       0x30 ../../applications/murata-dualstack-example-ns/build/system_stm32l4xx.o
                0x08007288                MSIRangeTable
 .rodata.__assert_func.str1.1
                0x080072b8       0x3c c:/program files (x86)/gnu tools arm embedded/7 2018-q2-update/bin/../lib/gcc/arm-none-eabi/7.3.1/../../../../arm-none-eabi/lib/thumb/v7e-m/fpv4-sp/hard\libc_nano.a(lib_a-assert.o)
                                 0x3d (size before relaxing)
 .rodata._global_impure_ptr
                0x080072f4        0x4 c:/program files (x86)/gnu tools arm embedded/7 2018-q2-update/bin/../lib/gcc/arm-none-eabi/7.3.1/../../../../arm-none-eabi/lib/thumb/v7e-m/fpv4-sp/hard\libc_nano.a(lib_a-impure.o)
                0x080072f4                _global_impure_ptr
 .rodata._vfprintf_r.str1.1
                0x080072f8       0x11 c:/program files (x86)/gnu tools arm embedded/7 2018-q2-update/bin/../lib/gcc/arm-none-eabi/7.3.1/../../../../arm-none-eabi/lib/thumb/v7e-m/fpv4-sp/hard\libc_nano.a(lib_a-nano-vfprintf.o)
 .rodata._printf_i.str1.1
                0x08007309       0x22 c:/program files (x86)/gnu tools arm embedded/7 2018-q2-update/bin/../lib/gcc/arm-none-eabi/7.3.1/../../../../arm-none-eabi/lib/thumb/v7e-m/fpv4-sp/hard\libc_nano.a(lib_a-nano-vfprintf_i.o)
 *fill*         0x0800732b        0x1 
 .rodata.__sf_fake_stderr
                0x0800732c       0x20 c:/program files (x86)/gnu tools arm embedded/7 2018-q2-update/bin/../lib/gcc/arm-none-eabi/7.3.1/../../../../arm-none-eabi/lib/thumb/v7e-m/fpv4-sp/hard\libc_nano.a(lib_a-findfp.o)
                0x0800732c                __sf_fake_stderr
 .rodata.__sf_fake_stdin
                0x0800734c       0x20 c:/program files (x86)/gnu tools arm embedded/7 2018-q2-update/bin/../lib/gcc/arm-none-eabi/7.3.1/../../../../arm-none-eabi/lib/thumb/v7e-m/fpv4-sp/hard\libc_nano.a(lib_a-findfp.o)
                0x0800734c                __sf_fake_stdin
 .rodata.__sf_fake_stdout
                0x0800736c       0x20 c:/program files (x86)/gnu tools arm embedded/7 2018-q2-update/bin/../lib/gcc/arm-none-eabi/7.3.1/../../../../arm-none-eabi/lib/thumb/v7e-m/fpv4-sp/hard\libc_nano.a(lib_a-findfp.o)
                0x0800736c                __sf_fake_stdout
                0x08007390                . = ALIGN (0x8)
 *fill*         0x0800738c        0x4 

.ARM.extab      0x08007390        0x0
                0x08007390                . = ALIGN (0x8)
 *(.ARM.extab* .gnu.linkonce.armextab.*)
                0x08007390                . = ALIGN (0x8)

.ARM            0x08007390        0x8
                0x08007390                . = ALIGN (0x8)
                0x08007390                __exidx_start = .
 *(.ARM.exidx*)
 .ARM.exidx     0x08007390        0x8 c:/program files (x86)/gnu tools arm embedded/7 2018-q2-update/bin/../lib/gcc/arm-none-eabi/7.3.1/thumb/v7e-m/fpv4-sp/hard\libgcc.a(_udivmoddi4.o)
                0x08007398                __exidx_end = .
                0x08007398                . = ALIGN (0x8)

.rel.dyn        0x08007398        0x0
 .rel.iplt      0x08007398        0x0 c:/program files (x86)/gnu tools arm embedded/7 2018-q2-update/bin/../lib/gcc/arm-none-eabi/7.3.1/thumb/v7e-m/fpv4-sp/hard/crtbegin.o

.preinit_array  0x08007398        0x0
                0x08007398                . = ALIGN (0x8)
                0x08007398                PROVIDE (__preinit_array_start = .)
 *(.preinit_array*)
                0x08007398                PROVIDE (__preinit_array_end = .)
                0x08007398                . = ALIGN (0x8)

.init_array     0x08007398        0x8
                0x08007398                . = ALIGN (0x8)
                0x08007398                PROVIDE (__init_array_start = .)
 *(SORT_BY_NAME(.init_array.*))
 *(.init_array*)
 .init_array    0x08007398        0x4 c:/program files (x86)/gnu tools arm embedded/7 2018-q2-update/bin/../lib/gcc/arm-none-eabi/7.3.1/thumb/v7e-m/fpv4-sp/hard/crtbegin.o
                0x0800739c                PROVIDE (__init_array_end = .)
                0x080073a0                . = ALIGN (0x8)
 *fill*         0x0800739c        0x4 

.fini_array     0x080073a0        0x8
                0x080073a0                . = ALIGN (0x8)
                [!provide]                PROVIDE (__fini_array_start = .)
 *(SORT_BY_NAME(.fini_array.*))
 *(.fini_array*)
 .fini_array    0x080073a0        0x4 c:/program files (x86)/gnu tools arm embedded/7 2018-q2-update/bin/../lib/gcc/arm-none-eabi/7.3.1/thumb/v7e-m/fpv4-sp/hard/crtbegin.o
                [!provide]                PROVIDE (__fini_array_end = .)
                0x080073a8                . = ALIGN (0x8)
 *fill*         0x080073a4        0x4 
                0x080073a8                _sidata = LOADADDR (.data)

.data           0x20000000       0xe0 load address 0x080073a8
                0x20000000                . = ALIGN (0x8)
                0x20000000                _sdata = .
 *(.data)
 *(.data*)
 .data.modem_callbacks
                0x20000000       0x14 ../../applications/murata-dualstack-example-ns/build/murata.o
                0x20000000                modem_callbacks
 .data.session_config_d7
                0x20000014       0x30 ../../applications/murata-dualstack-example-ns/build/murata.o
                0x20000014                session_config_d7
 .data.session_config_lora
                0x20000044       0x30 ../../applications/murata-dualstack-example-ns/build/murata.o
                0x20000044                session_config_lora
 .data.SystemCoreClock
                0x20000074        0x4 ../../applications/murata-dualstack-example-ns/build/system_stm32l4xx.o
                0x20000074                SystemCoreClock
 .data._impure_ptr
                0x20000078        0x4 c:/program files (x86)/gnu tools arm embedded/7 2018-q2-update/bin/../lib/gcc/arm-none-eabi/7.3.1/../../../../arm-none-eabi/lib/thumb/v7e-m/fpv4-sp/hard\libc_nano.a(lib_a-impure.o)
                0x20000078                _impure_ptr
 .data.impure_data
                0x2000007c       0x60 c:/program files (x86)/gnu tools arm embedded/7 2018-q2-update/bin/../lib/gcc/arm-none-eabi/7.3.1/../../../../arm-none-eabi/lib/thumb/v7e-m/fpv4-sp/hard\libc_nano.a(lib_a-impure.o)
                0x200000e0                . = ALIGN (0x8)
 *fill*         0x200000dc        0x4 
                0x200000e0                _edata = .

.igot.plt       0x200000e0        0x0 load address 0x08007488
 .igot.plt      0x200000e0        0x0 c:/program files (x86)/gnu tools arm embedded/7 2018-q2-update/bin/../lib/gcc/arm-none-eabi/7.3.1/thumb/v7e-m/fpv4-sp/hard/crtbegin.o
                0x200000e0                . = ALIGN (0x4)

.bss            0x200000e0      0xc48 load address 0x08007488
                0x200000e0                _sbss = .
                0x200000e0                __bss_start__ = _sbss
 *(.bss)
 .bss           0x200000e0       0x1c c:/program files (x86)/gnu tools arm embedded/7 2018-q2-update/bin/../lib/gcc/arm-none-eabi/7.3.1/thumb/v7e-m/fpv4-sp/hard/crtbegin.o
 *(.bss*)
 .bss.DASH7_Counter
                0x200000fc        0x2 ../../applications/murata-dualstack-example-ns/build/murata-dualstack-example-ns.o
                0x200000fc                DASH7_Counter
 .bss.LoRaWAN_Counter
                0x200000fe        0x2 ../../applications/murata-dualstack-example-ns/build/murata-dualstack-example-ns.o
                0x200000fe                LoRaWAN_Counter
 .bss.murata_data_ready
                0x20000100        0x1 ../../applications/murata-dualstack-example-ns/build/murata-dualstack-example-ns.o
                0x20000100                murata_data_ready
 .bss.murata_init
                0x20000101        0x1 ../../applications/murata-dualstack-example-ns/build/murata-dualstack-example-ns.o
                0x20000101                murata_init
 .bss.crc       0x20000102        0x2 ../../applications/murata-dualstack-example-ns/build/crc.o
 .bss.callbacks
                0x20000104        0x4 ../../applications/murata-dualstack-example-ns/build/modem.o
 .bss.command   0x20000108      0x114 ../../applications/murata-dualstack-example-ns/build/modem.o
 .bss.next_tag_id
                0x2000021c        0x1 ../../applications/murata-dualstack-example-ns/build/modem.o
 *fill*         0x2000021d        0x3 
 .bss.alp_handler
                0x20000220        0x4 ../../applications/murata-dualstack-example-ns/build/modem_interface.o
 .bss.logging_handler
                0x20000224        0x4 ../../applications/murata-dualstack-example-ns/build/modem_interface.o
 .bss.modem_interface_tx_buffer
                0x20000228       0xff ../../applications/murata-dualstack-example-ns/build/modem_interface.o
 *fill*         0x20000327        0x1 
 .bss.modem_interface_tx_fifo
                0x20000328       0x10 ../../applications/murata-dualstack-example-ns/build/modem_interface.o
 .bss.packet_down_counter
                0x20000338        0x1 ../../applications/murata-dualstack-example-ns/build/modem_interface.o
 .bss.packet_up_counter
                0x20000339        0x1 ../../applications/murata-dualstack-example-ns/build/modem_interface.o
 .bss.parsed_header
                0x2000033a        0x1 ../../applications/murata-dualstack-example-ns/build/modem_interface.o
 *fill*         0x2000033b        0x1 
 .bss.payload.9481
                0x2000033c       0xf9 ../../applications/murata-dualstack-example-ns/build/modem_interface.o
 .bss.payload_len
                0x20000435        0x1 ../../applications/murata-dualstack-example-ns/build/modem_interface.o
 *fill*         0x20000436        0x2 
 .bss.ping_response_handler
                0x20000438        0x4 ../../applications/murata-dualstack-example-ns/build/modem_interface.o
 .bss.rx_buffer
                0x2000043c      0x100 ../../applications/murata-dualstack-example-ns/build/modem_interface.o
 .bss.target_rebooted_cb
                0x2000053c        0x4 ../../applications/murata-dualstack-example-ns/build/modem_interface.o
 .bss.use_scheduler
                0x20000540        0x1 ../../applications/murata-dualstack-example-ns/build/murata.o
                0x20000540                use_scheduler
 *fill*         0x20000541        0x3 
 .bss.pxCurrentTCB
                0x20000544        0x4 ../../applications/murata-dualstack-example-ns/build/tasks.o
                0x20000544                pxCurrentTCB
 .bss.pxDelayedTaskList
                0x20000548        0x4 ../../applications/murata-dualstack-example-ns/build/tasks.o
 .bss.pxOverflowDelayedTaskList
                0x2000054c        0x4 ../../applications/murata-dualstack-example-ns/build/tasks.o
 .bss.pxReadyTasksLists
                0x20000550       0x8c ../../applications/murata-dualstack-example-ns/build/tasks.o
 .bss.uxPendedTicks
                0x200005dc        0x4 ../../applications/murata-dualstack-example-ns/build/tasks.o
 .bss.uxSchedulerSuspended
                0x200005e0        0x4 ../../applications/murata-dualstack-example-ns/build/tasks.o
 .bss.uxTopReadyPriority
                0x200005e4        0x4 ../../applications/murata-dualstack-example-ns/build/tasks.o
 .bss.xNextTaskUnblockTime
                0x200005e8        0x4 ../../applications/murata-dualstack-example-ns/build/tasks.o
 .bss.xNumOfOverflows
                0x200005ec        0x4 ../../applications/murata-dualstack-example-ns/build/tasks.o
 .bss.xPendingReadyList
                0x200005f0       0x14 ../../applications/murata-dualstack-example-ns/build/tasks.o
 .bss.xTickCount
                0x20000604        0x4 ../../applications/murata-dualstack-example-ns/build/tasks.o
 .bss.xYieldPending
                0x20000608        0x4 ../../applications/murata-dualstack-example-ns/build/tasks.o
 .bss.ucMaxSysCallPriority
                0x2000060c        0x1 ../../applications/murata-dualstack-example-ns/build/port.o
 *fill*         0x2000060d        0x3 
 .bss.ulMaxPRIGROUPValue
                0x20000610        0x4 ../../applications/murata-dualstack-example-ns/build/port.o
 .bss.__malloc_free_list
                0x20000614        0x4 c:/program files (x86)/gnu tools arm embedded/7 2018-q2-update/bin/../lib/gcc/arm-none-eabi/7.3.1/../../../../arm-none-eabi/lib/thumb/v7e-m/fpv4-sp/hard\libc_nano.a(lib_a-nano-mallocr.o)
                0x20000614                __malloc_free_list
 .bss.__malloc_sbrk_start
                0x20000618        0x4 c:/program files (x86)/gnu tools arm embedded/7 2018-q2-update/bin/../lib/gcc/arm-none-eabi/7.3.1/../../../../arm-none-eabi/lib/thumb/v7e-m/fpv4-sp/hard\libc_nano.a(lib_a-nano-mallocr.o)
                0x20000618                __malloc_sbrk_start
 .bss.heap_end.5377
                0x2000061c        0x4 c:/program files (x86)/gnu tools arm embedded/7 2018-q2-update/bin/../lib/gcc/arm-none-eabi/7.3.1/../../../../arm-none-eabi/lib/thumb/v7e-m/fpv4-sp/hard\libnosys.a(sbrk.o)
 *(COMMON)
 COMMON         0x20000620      0x674 ../../applications/murata-dualstack-example-ns/build/murata-dualstack-example-ns.o
                0x20000620                P3_DIO6
                0x20000628                defaultTaskHandle
                0x2000062c                P2_DIO4
                0x20000634                loraWANTimId
                0x20000638                P3_I2C
                0x20000684                P2_UART
                0x200006fc                P2_DIO5
                0x20000704                FLASH_SPI
                0x20000768                P2_DIO1
                0x20000770                P3_UART
                0x200007e8                P3_DIO1
                0x200007f0                P1_UART
                0x20000868                P1_DIO4
                0x20000870                hiwdg
                0x20000880                P3_DIO2
                0x20000888                P1_I2C
                0x200008d4                P3_SPI
                0x20000938                P1_SPI
                0x2000099c                txMutexId
                0x200009a0                USB_UART
                0x20000a18                common_I2C
                0x20000a64                P2_DIO6
                0x20000a6c                murata_reset_pin
                0x20000a70                P3_DIO3
                0x20000a78                BLE_UART
                0x20000af0                P1_DIO6
                0x20000af8                murata_wakeup_pin
                0x20000afc                threadToNotify
                0x20000b00                P2_DIO3
                0x20000b08                P1_DIO3
                0x20000b10                P2_header
                0x20000b40                short_UID
                0x20000b48                P3_header
                0x20000b74                P1_header
                0x20000ba0                P2_DIO2
                0x20000ba8                moduleCheckTimId
                0x20000bac                murata_rx_processing_handle
                0x20000bb0                murata_rx_process_mutex_id
                0x20000bb4                dash7TimId
                0x20000bb8                P3_DIO5
                0x20000bc0                P1_DIO1
                0x20000bc8                P1_DIO5
                0x20000bd0                P2_SPI
                0x20000c34                iwdgTimId
                0x20000c38                P2_I2C
                0x20000c84                P1_DIO2
                0x20000c8c                P3_DIO4
 COMMON         0x20000c94       0x20 ../../applications/murata-dualstack-example-ns/build/modem_interface.o
                0x20000c94                rxData
                0x20000c98                rx_fifo
                0x20000ca8                header
                0x20000cb0                uart
 COMMON         0x20000cb4       0x2c ../../applications/murata-dualstack-example-ns/build/murata.o
                0x20000cb4                murataHeader
 COMMON         0x20000ce0        0x4 ../../applications/murata-dualstack-example-ns/build/stm32l4xx_hal.o
                0x20000ce0                uwTick
 COMMON         0x20000ce4       0x40 ../../applications/murata-dualstack-example-ns/build/stm32l4xx_hal_timebase_tim.o
                0x20000ce4                htim1
 COMMON         0x20000d24        0x4 c:/program files (x86)/gnu tools arm embedded/7 2018-q2-update/bin/../lib/gcc/arm-none-eabi/7.3.1/../../../../arm-none-eabi/lib/thumb/v7e-m/fpv4-sp/hard\libc_nano.a(lib_a-reent.o)
                0x20000d24                errno
                0x20000d28                . = ALIGN (0x4)
                0x20000d28                _ebss = .
                0x20000d28                __bss_end__ = _ebss

._user_heap_stack
                0x20000d28      0x600 load address 0x08007488
                0x20000d28                . = ALIGN (0x8)
                0x20000d28                PROVIDE (end = .)
                [!provide]                PROVIDE (_end = .)
                0x20000f28                . = (. + _Min_Heap_Size)
 *fill*         0x20000d28      0x200 
                0x20001328                . = (. + _Min_Stack_Size)
 *fill*         0x20000f28      0x400 
                0x20001328                . = ALIGN (0x8)

/DISCARD/
 libc.a(*)
 libm.a(*)
 libgcc.a(*)

.ARM.attributes
                0x00000000       0x30
 *(.ARM.attributes)
 .ARM.attributes
                0x00000000       0x22 c:/program files (x86)/gnu tools arm embedded/7 2018-q2-update/bin/../lib/gcc/arm-none-eabi/7.3.1/thumb/v7e-m/fpv4-sp/hard/crti.o
 .ARM.attributes
                0x00000022       0x34 c:/program files (x86)/gnu tools arm embedded/7 2018-q2-update/bin/../lib/gcc/arm-none-eabi/7.3.1/thumb/v7e-m/fpv4-sp/hard/crtbegin.o
 .ARM.attributes
                0x00000056       0x39 ../../applications/murata-dualstack-example-ns/build/murata-dualstack-example-ns.o
 .ARM.attributes
                0x0000008f       0x39 ../../applications/murata-dualstack-example-ns/build/alp.o
 .ARM.attributes
                0x000000c8       0x39 ../../applications/murata-dualstack-example-ns/build/crc.o
 .ARM.attributes
                0x00000101       0x39 ../../applications/murata-dualstack-example-ns/build/fifo.o
 .ARM.attributes
                0x0000013a       0x39 ../../applications/murata-dualstack-example-ns/build/modem.o
 .ARM.attributes
                0x00000173       0x39 ../../applications/murata-dualstack-example-ns/build/modem_interface.o
 .ARM.attributes
                0x000001ac       0x39 ../../applications/murata-dualstack-example-ns/build/murata.o
 .ARM.attributes
                0x000001e5       0x39 ../../applications/murata-dualstack-example-ns/build/platform.o
 .ARM.attributes
                0x0000021e       0x39 ../../applications/murata-dualstack-example-ns/build/stm32l4xx_hal_i2c.o
 .ARM.attributes
                0x00000257       0x39 ../../applications/murata-dualstack-example-ns/build/stm32l4xx_hal_i2c_ex.o
 .ARM.attributes
                0x00000290       0x39 ../../applications/murata-dualstack-example-ns/build/stm32l4xx_hal_spi.o
 .ARM.attributes
                0x000002c9       0x39 ../../applications/murata-dualstack-example-ns/build/stm32l4xx_hal_iwdg.o
 .ARM.attributes
                0x00000302       0x39 ../../applications/murata-dualstack-example-ns/build/stm32l4xx_hal_uart.o
 .ARM.attributes
                0x0000033b       0x39 ../../applications/murata-dualstack-example-ns/build/stm32l4xx_hal_uart_ex.o
 .ARM.attributes
                0x00000374       0x39 ../../applications/murata-dualstack-example-ns/build/stm32l4xx_hal_tim.o
 .ARM.attributes
                0x000003ad       0x39 ../../applications/murata-dualstack-example-ns/build/stm32l4xx_hal_tim_ex.o
 .ARM.attributes
                0x000003e6       0x39 ../../applications/murata-dualstack-example-ns/build/stm32l4xx_hal.o
 .ARM.attributes
                0x0000041f       0x39 ../../applications/murata-dualstack-example-ns/build/stm32l4xx_hal_rcc.o
 .ARM.attributes
                0x00000458       0x39 ../../applications/murata-dualstack-example-ns/build/stm32l4xx_hal_rcc_ex.o
 .ARM.attributes
                0x00000491       0x39 ../../applications/murata-dualstack-example-ns/build/stm32l4xx_hal_gpio.o
 .ARM.attributes
                0x000004ca       0x39 ../../applications/murata-dualstack-example-ns/build/stm32l4xx_hal_dma.o
 .ARM.attributes
                0x00000503       0x39 ../../applications/murata-dualstack-example-ns/build/stm32l4xx_hal_pwr_ex.o
 .ARM.attributes
                0x0000053c       0x39 ../../applications/murata-dualstack-example-ns/build/stm32l4xx_hal_cortex.o
 .ARM.attributes
                0x00000575       0x39 ../../applications/murata-dualstack-example-ns/build/list.o
 .ARM.attributes
                0x000005ae       0x39 ../../applications/murata-dualstack-example-ns/build/tasks.o
 .ARM.attributes
                0x000005e7       0x39 ../../applications/murata-dualstack-example-ns/build/port.o
 .ARM.attributes
                0x00000620       0x39 ../../applications/murata-dualstack-example-ns/build/gpio.o
 .ARM.attributes
                0x00000659       0x39 ../../applications/murata-dualstack-example-ns/build/i2c.o
 .ARM.attributes
                0x00000692       0x39 ../../applications/murata-dualstack-example-ns/build/iwdg.o
 .ARM.attributes
                0x000006cb       0x39 ../../applications/murata-dualstack-example-ns/build/octa.o
 .ARM.attributes
                0x00000704       0x39 ../../applications/murata-dualstack-example-ns/build/rtosmacros.o
 .ARM.attributes
                0x0000073d       0x39 ../../applications/murata-dualstack-example-ns/build/spi.o
 .ARM.attributes
                0x00000776       0x39 ../../applications/murata-dualstack-example-ns/build/stm32l4xx_hal_msp.o
 .ARM.attributes
                0x000007af       0x39 ../../applications/murata-dualstack-example-ns/build/stm32l4xx_hal_timebase_tim.o
 .ARM.attributes
                0x000007e8       0x39 ../../applications/murata-dualstack-example-ns/build/stm32l4xx_it.o
 .ARM.attributes
                0x00000821       0x39 ../../applications/murata-dualstack-example-ns/build/sysclock.o
 .ARM.attributes
                0x0000085a       0x39 ../../applications/murata-dualstack-example-ns/build/system_stm32l4xx.o
 .ARM.attributes
                0x00000893       0x39 ../../applications/murata-dualstack-example-ns/build/uart.o
 .ARM.attributes
                0x000008cc       0x21 ../../applications/murata-dualstack-example-ns/build/startup_stm32l496xx.o
 .ARM.attributes
                0x000008ed       0x34 c:/program files (x86)/gnu tools arm embedded/7 2018-q2-update/bin/../lib/gcc/arm-none-eabi/7.3.1/../../../../arm-none-eabi/lib/thumb/v7e-m/fpv4-sp/hard\libc_nano.a(lib_a-assert.o)
 .ARM.attributes
                0x00000921       0x34 c:/program files (x86)/gnu tools arm embedded/7 2018-q2-update/bin/../lib/gcc/arm-none-eabi/7.3.1/../../../../arm-none-eabi/lib/thumb/v7e-m/fpv4-sp/hard\libc_nano.a(lib_a-fprintf.o)
 .ARM.attributes
                0x00000955       0x34 c:/program files (x86)/gnu tools arm embedded/7 2018-q2-update/bin/../lib/gcc/arm-none-eabi/7.3.1/../../../../arm-none-eabi/lib/thumb/v7e-m/fpv4-sp/hard\libc_nano.a(lib_a-impure.o)
 .ARM.attributes
                0x00000989       0x34 c:/program files (x86)/gnu tools arm embedded/7 2018-q2-update/bin/../lib/gcc/arm-none-eabi/7.3.1/../../../../arm-none-eabi/lib/thumb/v7e-m/fpv4-sp/hard\libc_nano.a(lib_a-init.o)
 .ARM.attributes
                0x000009bd       0x34 c:/program files (x86)/gnu tools arm embedded/7 2018-q2-update/bin/../lib/gcc/arm-none-eabi/7.3.1/../../../../arm-none-eabi/lib/thumb/v7e-m/fpv4-sp/hard\libc_nano.a(lib_a-memcpy-stub.o)
 .ARM.attributes
                0x000009f1       0x34 c:/program files (x86)/gnu tools arm embedded/7 2018-q2-update/bin/../lib/gcc/arm-none-eabi/7.3.1/../../../../arm-none-eabi/lib/thumb/v7e-m/fpv4-sp/hard\libc_nano.a(lib_a-memset.o)
 .ARM.attributes
                0x00000a25       0x34 c:/program files (x86)/gnu tools arm embedded/7 2018-q2-update/bin/../lib/gcc/arm-none-eabi/7.3.1/../../../../arm-none-eabi/lib/thumb/v7e-m/fpv4-sp/hard\libc_nano.a(lib_a-nano-vfprintf.o)
 .ARM.attributes
                0x00000a59       0x34 c:/program files (x86)/gnu tools arm embedded/7 2018-q2-update/bin/../lib/gcc/arm-none-eabi/7.3.1/../../../../arm-none-eabi/lib/thumb/v7e-m/fpv4-sp/hard\libc_nano.a(lib_a-nano-vfprintf_i.o)
 .ARM.attributes
                0x00000a8d       0x34 c:/program files (x86)/gnu tools arm embedded/7 2018-q2-update/bin/../lib/gcc/arm-none-eabi/7.3.1/../../../../arm-none-eabi/lib/thumb/v7e-m/fpv4-sp/hard\libc_nano.a(lib_a-printf.o)
 .ARM.attributes
                0x00000ac1       0x34 c:/program files (x86)/gnu tools arm embedded/7 2018-q2-update/bin/../lib/gcc/arm-none-eabi/7.3.1/../../../../arm-none-eabi/lib/thumb/v7e-m/fpv4-sp/hard\libc_nano.a(lib_a-puts.o)
 .ARM.attributes
                0x00000af5       0x34 c:/program files (x86)/gnu tools arm embedded/7 2018-q2-update/bin/../lib/gcc/arm-none-eabi/7.3.1/../../../../arm-none-eabi/lib/thumb/v7e-m/fpv4-sp/hard\libc_nano.a(lib_a-wbuf.o)
 .ARM.attributes